Archive member included to satisfy reference by file (symbol)

c:/program files (x86)/gnu tools arm embedded/5.4 2016q2/bin/../lib/gcc/arm-none-eabi/5.4.1/../../../../arm-none-eabi/lib/armv7e-m\libm.a(lib_a-s_floor.o)
                              ..\obj\GPSmath.o (floor)
c:/program files (x86)/gnu tools arm embedded/5.4 2016q2/bin/../lib/gcc/arm-none-eabi/5.4.1/../../../../arm-none-eabi/lib/armv7e-m\libm.a(lib_a-sf_cos.o)
                              ..\obj\GPSmath.o (cosf)
c:/program files (x86)/gnu tools arm embedded/5.4 2016q2/bin/../lib/gcc/arm-none-eabi/5.4.1/../../../../arm-none-eabi/lib/armv7e-m\libm.a(lib_a-sf_sin.o)
                              ..\obj\GPSmath.o (sinf)
c:/program files (x86)/gnu tools arm embedded/5.4 2016q2/bin/../lib/gcc/arm-none-eabi/5.4.1/../../../../arm-none-eabi/lib/armv7e-m\libm.a(lib_a-w_atan2.o)
                              ..\obj\GPSmath.o (atan2)
c:/program files (x86)/gnu tools arm embedded/5.4 2016q2/bin/../lib/gcc/arm-none-eabi/5.4.1/../../../../arm-none-eabi/lib/armv7e-m\libm.a(lib_a-wf_atan2.o)
                              ..\obj\compass.o (atan2f)
c:/program files (x86)/gnu tools arm embedded/5.4 2016q2/bin/../lib/gcc/arm-none-eabi/5.4.1/../../../../arm-none-eabi/lib/armv7e-m\libm.a(lib_a-wf_sqrt.o)
                              ..\obj\GPSmath.o (sqrtf)
c:/program files (x86)/gnu tools arm embedded/5.4 2016q2/bin/../lib/gcc/arm-none-eabi/5.4.1/../../../../arm-none-eabi/lib/armv7e-m\libm.a(lib_a-e_atan2.o)
                              c:/program files (x86)/gnu tools arm embedded/5.4 2016q2/bin/../lib/gcc/arm-none-eabi/5.4.1/../../../../arm-none-eabi/lib/armv7e-m\libm.a(lib_a-w_atan2.o) (__ieee754_atan2)
c:/program files (x86)/gnu tools arm embedded/5.4 2016q2/bin/../lib/gcc/arm-none-eabi/5.4.1/../../../../arm-none-eabi/lib/armv7e-m\libm.a(lib_a-ef_atan2.o)
                              c:/program files (x86)/gnu tools arm embedded/5.4 2016q2/bin/../lib/gcc/arm-none-eabi/5.4.1/../../../../arm-none-eabi/lib/armv7e-m\libm.a(lib_a-wf_atan2.o) (__ieee754_atan2f)
c:/program files (x86)/gnu tools arm embedded/5.4 2016q2/bin/../lib/gcc/arm-none-eabi/5.4.1/../../../../arm-none-eabi/lib/armv7e-m\libm.a(lib_a-ef_rem_pio2.o)
                              c:/program files (x86)/gnu tools arm embedded/5.4 2016q2/bin/../lib/gcc/arm-none-eabi/5.4.1/../../../../arm-none-eabi/lib/armv7e-m\libm.a(lib_a-sf_cos.o) (__ieee754_rem_pio2f)
c:/program files (x86)/gnu tools arm embedded/5.4 2016q2/bin/../lib/gcc/arm-none-eabi/5.4.1/../../../../arm-none-eabi/lib/armv7e-m\libm.a(lib_a-ef_sqrt.o)
                              c:/program files (x86)/gnu tools arm embedded/5.4 2016q2/bin/../lib/gcc/arm-none-eabi/5.4.1/../../../../arm-none-eabi/lib/armv7e-m\libm.a(lib_a-wf_sqrt.o) (__ieee754_sqrtf)
c:/program files (x86)/gnu tools arm embedded/5.4 2016q2/bin/../lib/gcc/arm-none-eabi/5.4.1/../../../../arm-none-eabi/lib/armv7e-m\libm.a(lib_a-kf_cos.o)
                              c:/program files (x86)/gnu tools arm embedded/5.4 2016q2/bin/../lib/gcc/arm-none-eabi/5.4.1/../../../../arm-none-eabi/lib/armv7e-m\libm.a(lib_a-sf_cos.o) (__kernel_cosf)
c:/program files (x86)/gnu tools arm embedded/5.4 2016q2/bin/../lib/gcc/arm-none-eabi/5.4.1/../../../../arm-none-eabi/lib/armv7e-m\libm.a(lib_a-kf_rem_pio2.o)
                              c:/program files (x86)/gnu tools arm embedded/5.4 2016q2/bin/../lib/gcc/arm-none-eabi/5.4.1/../../../../arm-none-eabi/lib/armv7e-m\libm.a(lib_a-ef_rem_pio2.o) (__kernel_rem_pio2f)
c:/program files (x86)/gnu tools arm embedded/5.4 2016q2/bin/../lib/gcc/arm-none-eabi/5.4.1/../../../../arm-none-eabi/lib/armv7e-m\libm.a(lib_a-kf_sin.o)
                              c:/program files (x86)/gnu tools arm embedded/5.4 2016q2/bin/../lib/gcc/arm-none-eabi/5.4.1/../../../../arm-none-eabi/lib/armv7e-m\libm.a(lib_a-sf_cos.o) (__kernel_sinf)
c:/program files (x86)/gnu tools arm embedded/5.4 2016q2/bin/../lib/gcc/arm-none-eabi/5.4.1/../../../../arm-none-eabi/lib/armv7e-m\libm.a(lib_a-s_atan.o)
                              c:/program files (x86)/gnu tools arm embedded/5.4 2016q2/bin/../lib/gcc/arm-none-eabi/5.4.1/../../../../arm-none-eabi/lib/armv7e-m\libm.a(lib_a-e_atan2.o) (atan)
c:/program files (x86)/gnu tools arm embedded/5.4 2016q2/bin/../lib/gcc/arm-none-eabi/5.4.1/../../../../arm-none-eabi/lib/armv7e-m\libm.a(lib_a-s_fabs.o)
                              c:/program files (x86)/gnu tools arm embedded/5.4 2016q2/bin/../lib/gcc/arm-none-eabi/5.4.1/../../../../arm-none-eabi/lib/armv7e-m\libm.a(lib_a-e_atan2.o) (fabs)
c:/program files (x86)/gnu tools arm embedded/5.4 2016q2/bin/../lib/gcc/arm-none-eabi/5.4.1/../../../../arm-none-eabi/lib/armv7e-m\libm.a(lib_a-s_lib_ver.o)
                              c:/program files (x86)/gnu tools arm embedded/5.4 2016q2/bin/../lib/gcc/arm-none-eabi/5.4.1/../../../../arm-none-eabi/lib/armv7e-m\libm.a(lib_a-wf_sqrt.o) (__fdlib_version)
[...]
Memory Configuration

Name             Origin             Length             Attributes
rom              0x08000000         0x00100000         xr
ram              0x20000000         0x00020000         xrw
ram1             0x10000000         0x00010000         xrw
*default*        0x00000000         0xffffffff

Linker script and memory map

                0x20020000                _eram = 0x20020000

.text           0x08000000     0x948c
 *(.isr_vector)
 .isr_vector    0x08000000      0x188 ..\obj\startup_stm32f4xx.o
                0x08000000                g_pfnVectors
 *(.text*)
 .text.DELAY_init
                0x08000188       0xa4 ..\obj\delay.o
                0x08000188                DELAY_init
 .text.DELAY_us
                0x0800022c       0x38 ..\obj\delay.o
                0x0800022c                DELAY_us
 .text.DELAY_ms
                0x08000264       0x38 ..\obj\delay.o
                0x08000264                DELAY_ms
 .text.OSTimeDly
                0x0800029c       0x60 ..\obj\os_time.o
                0x0800029c                OSTimeDly
 .text.SendCommand
                0x080002fc       0x70 ..\obj\MP3.o
                0x080002fc                SendCommand
 .text.setVolume
                0x0800036c       0x10 ..\obj\MP3.o
                0x0800036c                setVolume
 .text.resetModule
                0x0800037c       0x18 ..\obj\MP3.o
                0x0800037c                resetModule
 .text.MP3_init
                0x08000394       0x20 ..\obj\MP3.o
                0x08000394                MP3_init
 .text.playTrack
                0x080003b4       0x10 ..\obj\MP3.o
                0x080003b4                playTrack
 .text          0x080003c4       0x54 ..\obj\os_cpu_a.o
                0x080003c4                OS_CPU_SR_Save
                0x080003c8                OS_CPU_SR_Restore
                0x080003cc                OSStartHighRdy
                0x080003f4                OSCtxSw
                0x080003fe                OSIntCtxSw
 .text.I2C_Initialize
                0x08000418       0xb8 ..\obj\i2c.o
                0x08000418                I2C_Initialize
 .text.I2C_SendStart
                0x080004d0       0xc8 ..\obj\i2c.o
                0x080004d0                I2C_SendStart
 .text.I2C_WriteData
                0x08000598       0x3c ..\obj\i2c.o
                0x08000598                I2C_WriteData
 .text.I2C_SendStop
                0x080005d4       0x54 ..\obj\i2c.o
                0x080005d4                I2C_SendStop
 .text.I2C_Write
                0x08000628       0x28 ..\obj\i2c.o
                0x08000628                I2C_Write
 .text.I2C_ReadAck
                0x08000650       0x40 ..\obj\i2c.o
                0x08000650                I2C_ReadAck
 .text.I2C_ReadNack
                0x08000690       0x48 ..\obj\i2c.o
                0x08000690                I2C_ReadNack
 .text.I2C_Read
                0x080006d8       0x34 ..\obj\i2c.o
                0x080006d8                I2C_Read
 .text.I2C_ReadMulti
                0x0800070c       0x60 ..\obj\i2c.o
                0x0800070c                I2C_ReadMulti
 .text.Knoppen_Init
                0x0800076c       0x44 ..\obj\button.o
                0x0800076c                Knoppen_Init
 .text.KnopTask
                0x080007b0       0x98 ..\obj\button.o
                0x080007b0                KnopTask
 .text.BUZZER_init
                0x08000848       0x3c ..\obj\buzzer.o
                0x08000848                BUZZER_init
 .text.BUZZER_set
                0x08000884       0x38 ..\obj\buzzer.o
                0x08000884                BUZZER_set
 .text.OSInitHookBegin
                0x080008bc       0x28 ..\obj\os_cpu_c.o
                0x080008bc                OSInitHookBegin
 .text.OSInitHookEnd
                0x080008e4        0x4 ..\obj\os_cpu_c.o
                0x080008e4                OSInitHookEnd
 .text.OSTaskCreateHook
                0x080008e8        0x4 ..\obj\os_cpu_c.o
                0x080008e8                OSTaskCreateHook
 .text.OSTaskDelHook
                0x080008ec        0x4 ..\obj\os_cpu_c.o
                0x080008ec                OSTaskDelHook
 .text.OSTaskIdleHook
                0x080008f0        0x4 ..\obj\os_cpu_c.o
                0x080008f0                OSTaskIdleHook
 .text.OSTaskReturnHook
                0x080008f4        0x4 ..\obj\os_cpu_c.o
                0x080008f4                OSTaskReturnHook
 .text.OSTaskStkInit
                0x080008f8       0x84 ..\obj\os_cpu_c.o
                0x080008f8                OSTaskStkInit
 .text.OSTCBInitHook
                0x0800097c        0x4 ..\obj\os_cpu_c.o
                0x0800097c                OSTCBInitHook
 .text.OSTimeTickHook
                0x08000980        0x4 ..\obj\os_cpu_c.o
                0x08000980                OSTimeTickHook
 .text.PendSV_Handler
                0x08000984       0x50 ..\obj\os_cpu_c.o
                0x08000984                PendSV_Handler
 .text.SysTick_Handler
                0x080009d4       0x30 ..\obj\os_cpu_c.o
                0x080009d4                SysTick_Handler
 .text.OS_CPU_SysTickInit
                0x08000a04       0x30 ..\obj\os_cpu_c.o
                0x08000a04                OS_CPU_SysTickInit
 .text.USART_Init
                0x08000a34       0xc0 ..\obj\stm32f4xx_usart.o
                0x08000a34                USART_Init
 .text.USART_Cmd
                0x08000af4       0x1c ..\obj\stm32f4xx_usart.o
                0x08000af4                USART_Cmd
 .text.USART_SendData
                0x08000b10        0x8 ..\obj\stm32f4xx_usart.o
                0x08000b10                USART_SendData
 .text.USART_ITConfig
                0x08000b18       0x38 ..\obj\stm32f4xx_usart.o
                0x08000b18                USART_ITConfig
 .text.USART_GetFlagStatus
                0x08000b50        0xc ..\obj\stm32f4xx_usart.o
                0x08000b50                USART_GetFlagStatus
 .text.USART_GetITStatus
                0x08000b5c       0x44 ..\obj\stm32f4xx_usart.o
                0x08000b5c                USART_GetITStatus
 .text.USART_ClearITPendingBit
                0x08000ba0       0x10 ..\obj\stm32f4xx_usart.o
                0x08000ba0                USART_ClearITPendingBit
 .text.GameTask
                0x08000bb0      0x1a8 ..\obj\gametask.o
                0x08000bb0                GameTask
 .text.OS_FlagBlock
                0x08000d58       0x6c ..\obj\os_flag.o
 .text.OSFlagCreate
                0x08000dc4       0x54 ..\obj\os_flag.o
                0x08000dc4                OSFlagCreate
 .text.OS_FlagInit
                0x08000e18       0x4c ..\obj\os_flag.o
                0x08000e18                OS_FlagInit
 .text.OS_FlagUnlink
                0x08000e64       0x20 ..\obj\os_flag.o
                0x08000e64                OS_FlagUnlink
 .text.OS_FlagTaskRdy
                0x08000e84       0x50 ..\obj\os_flag.o
 .text.OSFlagPost
                0x08000ed4      0x108 ..\obj\os_flag.o
                0x08000ed4                OSFlagPost
 .text.OSFlagPend
                0x08000fdc      0x210 ..\obj\os_flag.o
                0x08000fdc                OSFlagPend
 *fill*         0x080011ec        0x4 
 .text.calcBearing
                0x080011f0      0x10c ..\obj\GPSmath.o
                0x080011f0                calcBearing
 .text.calcDistance
                0x080012fc       0x20 ..\obj\GPSmath.o
                0x080012fc                calcDistance
 *fill*         0x0800131c        0x4 
 .text.RMCtoINT
                0x08001320       0x70 ..\obj\GPSmath.o
                0x08001320                RMCtoINT
 .text.veld_ikzoek
                0x08001390       0x38 ..\obj\speelveld.o
                0x08001390                veld_ikzoek
 .text.UART_init
                0x080013c8       0x9c ..\obj\uart.o
                0x080013c8                UART_init
 .text.UART3_init
                0x08001464       0x98 ..\obj\uart.o
                0x08001464                UART3_init
 .text.UARTGPS_init
                0x080014fc       0x94 ..\obj\uart.o
                0x080014fc                UARTGPS_init
 .text.UARTBT_init
                0x08001590       0x94 ..\obj\uart.o
                0x08001590                UARTBT_init
 .text.UART_putchar
                0x08001624       0x24 ..\obj\uart.o
                0x08001624                UART_putchar
 .text.UARTGPS_putchar
                0x08001648       0x24 ..\obj\uart.o
                0x08001648                UARTGPS_putchar
 .text.UART_puts
                0x0800166c       0x2c ..\obj\uart.o
                0x0800166c                UART_puts
 .text.USART2_IRQHandler
                0x08001698       0xa4 ..\obj\uart.o
                0x08001698                USART2_IRQHandler
 .text.UART_putnum
                0x0800173c       0x80 ..\obj\uart.o
                0x0800173c                UART_putnum
 .text.UART_putint
                0x080017bc        0xc ..\obj\uart.o
                0x080017bc                UART_putint
 .text.UARTGPS_get
                0x080017c8       0x1c ..\obj\uart.o
                0x080017c8                UARTGPS_get
 .text.UARTGPS_gets
                0x080017e4       0x2c ..\obj\uart.o
                0x080017e4                UARTGPS_gets
 .text.Default_Reset_Handler
                0x08001810       0x60 ..\obj\startup_stm32f4xx.o
                0x08001810                Default_Reset_Handler
                0x08001810                Reset_Handler
 .text.Default_Handler
                0x08001870       0x18 ..\obj\startup_stm32f4xx.o
                0x08001870                RTC_Alarm_IRQHandler
                0x08001870                HASH_RNG_IRQHandler
                0x08001870                EXTI2_IRQHandler
                0x08001870                TIM8_CC_IRQHandler
                0x08001870                DebugMon_Handler
                0x08001870                TIM1_CC_IRQHandler
                0x08001870                DMA2_Stream5_IRQHandler
                0x08001870                HardFault_Handler
                0x08001870                DMA1_Stream5_IRQHandler
                0x08001870                PVD_IRQHandler
                0x08001870                SDIO_IRQHandler
                0x08001870                TAMP_STAMP_IRQHandler
                0x08001870                NMI_Handler
                0x08001870                CAN2_RX1_IRQHandler
                0x08001870                EXTI3_IRQHandler
                0x08001870                TIM8_TRG_COM_TIM14_IRQHandler
                0x08001870                TIM1_UP_TIM10_IRQHandler
                0x08001870                TIM8_UP_TIM13_IRQHandler
                0x08001870                I2C3_ER_IRQHandler
                0x08001870                EXTI0_IRQHandler
                0x08001870                I2C2_EV_IRQHandler
                0x08001870                DMA1_Stream2_IRQHandler
                0x08001870                CAN1_RX0_IRQHandler
                0x08001870                FPU_IRQHandler
                0x08001870                OTG_HS_WKUP_IRQHandler
                0x08001870                UsageFault_Handler
                0x08001870                CAN2_SCE_IRQHandler
                0x08001870                DMA2_Stream2_IRQHandler
                0x08001870                SPI1_IRQHandler
                0x08001870                TIM6_DAC_IRQHandler
                0x08001870                TIM1_BRK_TIM9_IRQHandler
                0x08001870                DCMI_IRQHandler
                0x08001870                CAN2_RX0_IRQHandler
                0x08001870                DMA2_Stream3_IRQHandler
                0x08001870                USART6_IRQHandler
                0x08001870                USART3_IRQHandler
                0x08001870                CRYP_IRQHandler
                0x08001870                CAN1_RX1_IRQHandler
                0x08001870                UART5_IRQHandler
                0x08001870                DMA2_Stream0_IRQHandler
                0x08001870                TIM4_IRQHandler
                0x08001870                I2C1_EV_IRQHandler
                0x08001870                DMA1_Stream6_IRQHandler
                0x08001870                DMA1_Stream1_IRQHandler
                0x08001870                UART4_IRQHandler
                0x08001870                TIM3_IRQHandler
                0x08001870                RCC_IRQHandler
                0x08001870                TIM8_BRK_TIM12_IRQHandler
                0x08001870                EXTI15_10_IRQHandler
                0x08001870                ADC_IRQHandler
                0x08001870                DMA1_Stream7_IRQHandler
                0x08001870                TIM7_IRQHandler
                0x08001870                CAN2_TX_IRQHandler
                0x08001870                TIM5_IRQHandler
                0x08001870                DMA2_Stream7_IRQHandler
                0x08001870                I2C3_EV_IRQHandler
                0x08001870                EXTI9_5_IRQHandler
                0x08001870                RTC_WKUP_IRQHandler
                0x08001870                ETH_WKUP_IRQHandler
                0x08001870                SPI2_IRQHandler
                0x08001870                OTG_HS_EP1_IN_IRQHandler
                0x08001870                MemManage_Handler
                0x08001870                DMA1_Stream0_IRQHandler
                0x08001870                CAN1_TX_IRQHandler
                0x08001870                SVC_Handler
                0x08001870                EXTI4_IRQHandler
                0x08001870                FSMC_IRQHandler
                0x08001870                ETH_IRQHandler
                0x08001870                OTG_HS_EP1_OUT_IRQHandler
                0x08001870                WWDG_IRQHandler
                0x08001870                TIM2_IRQHandler
                0x08001870                OTG_FS_WKUP_IRQHandler
                0x08001870                TIM1_TRG_COM_TIM11_IRQHandler
                0x08001870                OTG_HS_IRQHandler
                0x08001870                EXTI1_IRQHandler
                0x08001870                I2C2_ER_IRQHandler
                0x08001870                DMA2_Stream1_IRQHandler
                0x08001870                CAN1_SCE_IRQHandler
                0x08001870                FLASH_IRQHandler
                0x08001870                DMA2_Stream4_IRQHandler
                0x08001870                BusFault_Handler
                0x08001870                USART1_IRQHandler
                0x08001870                OTG_FS_IRQHandler
                0x08001870                SPI3_IRQHandler
                0x08001870                DMA1_Stream4_IRQHandler
                0x08001870                I2C1_ER_IRQHandler
                0x08001870                DMA2_Stream6_IRQHandler
                0x08001870                DMA1_Stream3_IRQHandler
 .text.CreateTasks
                0x08001888       0x48 ..\obj\taskcreate.o
                0x08001888                CreateTasks
 .text.Compass_WriteRegister
                0x080018d0       0x14 ..\obj\compass.o
                0x080018d0                Compass_WriteRegister
 .text.Compass_ReadRegister
                0x080018e4       0x14 ..\obj\compass.o
                0x080018e4                Compass_ReadRegister
 .text.Compass_SetRange
                0x080018f8       0x84 ..\obj\compass.o
                0x080018f8                Compass_SetRange
 .text.Compass_SetMeasurementMode
                0x0800197c       0x18 ..\obj\compass.o
                0x0800197c                Compass_SetMeasurementMode
 .text.Compass_SetDataRate
                0x08001994       0x1c ..\obj\compass.o
                0x08001994                Compass_SetDataRate
 .text.Compass_SetSamples
                0x080019b0       0x1c ..\obj\compass.o
                0x080019b0                Compass_SetSamples
 .text.Compass_Initialize
                0x080019cc       0x34 ..\obj\compass.o
                0x080019cc                Compass_Initialize
 .text.Compass_GetHeading
                0x08001a00       0xdc ..\obj\compass.o
                0x08001a00                Compass_GetHeading
 .text.OSinfo   0x08001adc       0x4c ..\obj\main.o
                0x08001adc                OSinfo
 .text.MakeHandles
                0x08001b28       0x38 ..\obj\main.o
                0x08001b28                MakeHandles
 .text.InitProgram
                0x08001b60       0x38 ..\obj\main.o
                0x08001b60                InitProgram
 .text.InitBoard
                0x08001b98       0x40 ..\obj\main.o
                0x08001b98                InitBoard
 .text.main     0x08001bd8       0x48 ..\obj\main.o
                0x08001bd8                main
 .text.RCC_GetClocksFreq
                0x08001c20       0xa4 ..\obj\stm32f4xx_rcc.o
                0x08001c20                RCC_GetClocksFreq
 .text.RCC_AHB1PeriphClockCmd
                0x08001cc4       0x1c ..\obj\stm32f4xx_rcc.o
                0x08001cc4                RCC_AHB1PeriphClockCmd
 .text.RCC_APB1PeriphClockCmd
                0x08001ce0       0x1c ..\obj\stm32f4xx_rcc.o
                0x08001ce0                RCC_APB1PeriphClockCmd
 .text.RCC_APB2PeriphClockCmd
                0x08001cfc       0x1c ..\obj\stm32f4xx_rcc.o
                0x08001cfc                RCC_APB2PeriphClockCmd
 .text.findToken
                0x08001d18       0x2c ..\obj\GPS.o
                0x08001d18                findToken
 .text.GPSTask  0x08001d44      0x15c ..\obj\GPS.o
                0x08001d44                GPSTask
 .text.OS_SchedNew
                0x08001ea0       0x28 ..\obj\os_core.o
 .text.OS_TaskIdle
                0x08001ec8       0x1c ..\obj\os_core.o
                0x08001ec8                OS_TaskIdle
 .text.OSIntExit
                0x08001ee4       0x7c ..\obj\os_core.o
                0x08001ee4                OSIntExit
 .text.OSStart  0x08001f60       0x40 ..\obj\os_core.o
                0x08001f60                OSStart
 .text.OSTimeTick
                0x08001fa0       0xbc ..\obj\os_core.o
                0x08001fa0                OSTimeTick
 .text.OSVersion
                0x0800205c        0x8 ..\obj\os_core.o
                0x0800205c                OSVersion
 .text.OS_Dummy
                0x08002064        0x4 ..\obj\os_core.o
                0x08002064                OS_Dummy
 .text.OS_EventTaskWait
                0x08002068       0x54 ..\obj\os_core.o
                0x08002068                OS_EventTaskWait
 .text.OS_EventTaskRemove
                0x080020bc       0x28 ..\obj\os_core.o
                0x080020bc                OS_EventTaskRemove
 .text.OS_EventTaskRemoveMulti
                0x080020e4       0x34 ..\obj\os_core.o
                0x080020e4                OS_EventTaskRemoveMulti
 .text.OS_EventTaskRdy
                0x08002118       0x78 ..\obj\os_core.o
                0x08002118                OS_EventTaskRdy
 .text.OS_EventWaitListInit
                0x08002190       0x14 ..\obj\os_core.o
                0x08002190                OS_EventWaitListInit
 .text.OS_MemClr
                0x080021a4       0x18 ..\obj\os_core.o
                0x080021a4                OS_MemClr
 .text.OSInit   0x080021bc      0x178 ..\obj\os_core.o
                0x080021bc                OSInit
 .text.OS_Sched
                0x08002334       0x64 ..\obj\os_core.o
                0x08002334                OS_Sched
 .text.OS_TCBInit
                0x08002398      0x104 ..\obj\os_core.o
                0x08002398                OS_TCBInit
 .text.OS_MemInit
                0x0800249c       0x48 ..\obj\os_mem.o
                0x0800249c                OS_MemInit
 .text.GPIO_Init
                0x080024e4       0x90 ..\obj\stm32f4xx_gpio.o
                0x080024e4                GPIO_Init
 .text.GPIO_ReadInputDataBit
                0x08002574        0xc ..\obj\stm32f4xx_gpio.o
                0x08002574                GPIO_ReadInputDataBit
 .text.GPIO_SetBits
                0x08002580        0x4 ..\obj\stm32f4xx_gpio.o
                0x08002580                GPIO_SetBits
 .text.GPIO_ResetBits
                0x08002584        0x4 ..\obj\stm32f4xx_gpio.o
                0x08002584                GPIO_ResetBits
 .text.GPIO_PinAFConfig
                0x08002588       0x28 ..\obj\stm32f4xx_gpio.o
                0x08002588                GPIO_PinAFConfig
 .text.SystemInit
                0x080025b0       0xf4 ..\obj\system_stm32f4xx.o
                0x080025b0                SystemInit
 .text._sbrk    0x080026a4       0x20 ..\obj\syscalls.o
                0x080026a4                _sbrk
 .text.OS_QInit
                0x080026c4       0x30 ..\obj\os_q.o
                0x080026c4                OS_QInit
 .text.OSTaskDel
                0x080026f4      0x140 ..\obj\os_task.o
                0x080026f4                OSTaskDel
 .text.OSTaskNameSet
                0x08002834       0x5c ..\obj\os_task.o
                0x08002834                OSTaskNameSet
 .text.OS_TaskReturn
                0x08002890       0x18 ..\obj\os_task.o
                0x08002890                OS_TaskReturn
 .text.OS_TaskStkClr
                0x080028a8       0x18 ..\obj\os_task.o
                0x080028a8                OS_TaskStkClr
 .text.OSTaskCreateExt
                0x080028c0       0xa8 ..\obj\os_task.o
                0x080028c0                OSTaskCreateExt
 .text.ClearBits
                0x08002968       0x2c ..\obj\lcd.o
                0x08002968                ClearBits
 .text.LCD_writenibble
                0x08002994       0x48 ..\obj\lcd.o
 .text.busyflag
                0x080029dc       0x34 ..\obj\lcd.o
                0x080029dc                busyflag
 .text.LCD_writebyte
                0x08002a10       0x44 ..\obj\lcd.o
 .text.LCD_putchar
                0x08002a54       0x38 ..\obj\lcd.o
                0x08002a54                LCD_putchar
 .text.LCD_put  0x08002a8c       0x1c ..\obj\lcd.o
                0x08002a8c                LCD_put
 .text.LCD_writecontrol
                0x08002aa8       0x1c ..\obj\lcd.o
                0x08002aa8                LCD_writecontrol
 .text.LCD_clear
                0x08002ac4       0x20 ..\obj\lcd.o
                0x08002ac4                LCD_clear
 .text.LCD_puts
                0x08002ae4       0x10 ..\obj\lcd.o
                0x08002ae4                LCD_puts
 .text.I2C_Init
                0x08002af4       0xe0 ..\obj\stm32f4xx_i2c.o
                0x08002af4                I2C_Init
 .text.I2C_Cmd  0x08002bd4       0x1c ..\obj\stm32f4xx_i2c.o
                0x08002bd4                I2C_Cmd
 .text.I2C_GenerateSTART
                0x08002bf0       0x1c ..\obj\stm32f4xx_i2c.o
                0x08002bf0                I2C_GenerateSTART
 .text.I2C_GenerateSTOP
                0x08002c0c       0x1c ..\obj\stm32f4xx_i2c.o
                0x08002c0c                I2C_GenerateSTOP
 .text.I2C_Send7bitAddress
                0x08002c28       0x14 ..\obj\stm32f4xx_i2c.o
                0x08002c28                I2C_Send7bitAddress
 .text.I2C_AcknowledgeConfig
                0x08002c3c       0x1c ..\obj\stm32f4xx_i2c.o
                0x08002c3c                I2C_AcknowledgeConfig
 .text.I2C_SendData
                0x08002c58        0x4 ..\obj\stm32f4xx_i2c.o
                0x08002c58                I2C_SendData
 .text.I2C_ReceiveData
                0x08002c5c        0x8 ..\obj\stm32f4xx_i2c.o
                0x08002c5c                I2C_ReceiveData
 .text.I2C_CheckEvent
                0x08002c64       0x1c ..\obj\stm32f4xx_i2c.o
                0x08002c64                I2C_CheckEvent
 .text.I2C_GetFlagStatus
                0x08002c80       0x38 ..\obj\stm32f4xx_i2c.o
                0x08002c80                I2C_GetFlagStatus
 .text.SendZoekLocatie
                0x08002cb8       0x1c ..\obj\LORA_task.o
                0x08002cb8                SendZoekLocatie
 .text.OSMboxCreate
                0x08002cd4       0x4c ..\obj\os_mbox.o
                0x08002cd4                OSMboxCreate
 .text.OSMboxPend
                0x08002d20       0xdc ..\obj\os_mbox.o
                0x08002d20                OSMboxPend
 .text.OSMboxPost
                0x08002dfc       0x4c ..\obj\os_mbox.o
                0x08002dfc                OSMboxPost
 .text.floor    0x08002e48      0x110 c:/program files (x86)/gnu tools arm embedded/5.4 2016q2/bin/../lib/gcc/arm-none-eabi/5.4.1/../../../../arm-none-eabi/lib/armv7e-m\libm.a(lib_a-s_floor.o)
                0x08002e48                floor
 .text.cosf     0x08002f58       0x78 c:/program files (x86)/gnu tools arm embedded/5.4 2016q2/bin/../lib/gcc/arm-none-eabi/5.4.1/../../../../arm-none-eabi/lib/armv7e-m\libm.a(lib_a-sf_cos.o)
                0x08002f58                cosf
 .text.sinf     0x08002fd0       0x7c c:/program files (x86)/gnu tools arm embedded/5.4 2016q2/bin/../lib/gcc/arm-none-eabi/5.4.1/../../../../arm-none-eabi/lib/armv7e-m\libm.a(lib_a-sf_sin.o)
                0x08002fd0                sinf
 .text.atan2    0x0800304c        0x4 c:/program files (x86)/gnu tools arm embedded/5.4 2016q2/bin/../lib/gcc/arm-none-eabi/5.4.1/../../../../arm-none-eabi/lib/armv7e-m\libm.a(lib_a-w_atan2.o)
                0x0800304c                atan2
 .text.atan2f   0x08003050        0x4 c:/program files (x86)/gnu tools arm embedded/5.4 2016q2/bin/../lib/gcc/arm-none-eabi/5.4.1/../../../../arm-none-eabi/lib/armv7e-m\libm.a(lib_a-wf_atan2.o)
                0x08003050                atan2f
 .text.sqrtf    0x08003054       0x9c c:/program files (x86)/gnu tools arm embedded/5.4 2016q2/bin/../lib/gcc/arm-none-eabi/5.4.1/../../../../arm-none-eabi/lib/armv7e-m\libm.a(lib_a-wf_sqrt.o)
                0x08003054                sqrtf
 .text.__ieee754_atan2
                0x080030f0      0x194 c:/program files (x86)/gnu tools arm embedded/5.4 2016q2/bin/../lib/gcc/arm-none-eabi/5.4.1/../../../../arm-none-eabi/lib/armv7e-m\libm.a(lib_a-e_atan2.o)
                0x080030f0                __ieee754_atan2
 .text.__ieee754_atan2f
                0x08003284      0x124 c:/program files (x86)/gnu tools arm embedded/5.4 2016q2/bin/../lib/gcc/arm-none-eabi/5.4.1/../../../../arm-none-eabi/lib/armv7e-m\libm.a(lib_a-ef_atan2.o)
                0x08003284                __ieee754_atan2f
 .text.__ieee754_rem_pio2f
                0x080033a8      0x2e4 c:/program files (x86)/gnu tools arm embedded/5.4 2016q2/bin/../lib/gcc/arm-none-eabi/5.4.1/../../../../arm-none-eabi/lib/armv7e-m\libm.a(lib_a-ef_rem_pio2.o)
                0x080033a8                __ieee754_rem_pio2f
 .text.__ieee754_sqrtf
                0x0800368c       0xa8 c:/program files (x86)/gnu tools arm embedded/5.4 2016q2/bin/../lib/gcc/arm-none-eabi/5.4.1/../../../../arm-none-eabi/lib/armv7e-m\libm.a(lib_a-ef_sqrt.o)
                0x0800368c                __ieee754_sqrtf
 .text.__kernel_cosf
                0x08003734      0x188 c:/program files (x86)/gnu tools arm embedded/5.4 2016q2/bin/../lib/gcc/arm-none-eabi/5.4.1/../../../../arm-none-eabi/lib/armv7e-m\libm.a(lib_a-kf_cos.o)
                0x08003734                __kernel_cosf
 .text.__kernel_rem_pio2f
                0x080038bc      0x69c c:/program files (x86)/gnu tools arm embedded/5.4 2016q2/bin/../lib/gcc/arm-none-eabi/5.4.1/../../../../arm-none-eabi/lib/armv7e-m\libm.a(lib_a-kf_rem_pio2.o)
                0x080038bc                __kernel_rem_pio2f
 .text.__kernel_sinf
                0x08003f58       0xec c:/program files (x86)/gnu tools arm embedded/5.4 2016q2/bin/../lib/gcc/arm-none-eabi/5.4.1/../../../../arm-none-eabi/lib/armv7e-m\libm.a(lib_a-kf_sin.o)
                0x08003f58                __kernel_sinf
 *fill*         0x08004044        0x4 
 .text.atan     0x08004048      0x33c c:/program files (x86)/gnu tools arm embedded/5.4 2016q2/bin/../lib/gcc/arm-none-eabi/5.4.1/../../../../arm-none-eabi/lib/armv7e-m\libm.a(lib_a-s_atan.o)
                0x08004048                atan
 .text.fabs     0x08004384        0x8 c:/program files (x86)/gnu tools arm embedded/5.4 2016q2/bin/../lib/gcc/arm-none-eabi/5.4.1/../../../../arm-none-eabi/lib/armv7e-m\libm.a(lib_a-s_fabs.o)
                0x08004384                fabs
 .text.matherr  0x0800438c        0x4 c:/program files (x86)/gnu tools arm embedded/5.4 2016q2/bin/../lib/gcc/arm-none-eabi/5.4.1/../../../../arm-none-eabi/lib/armv7e-m\libm.a(lib_a-s_matherr.o)
                0x0800438c                matherr
 .text.atanf    0x08004390      0x22c c:/program files (x86)/gnu tools arm embedded/5.4 2016q2/bin/../lib/gcc/arm-none-eabi/5.4.1/../../../../arm-none-eabi/lib/armv7e-m\libm.a(lib_a-sf_atan.o)
                0x08004390                atanf
 .text.fabsf    0x080045bc        0x8 c:/program files (x86)/gnu tools arm embedded/5.4 2016q2/bin/../lib/gcc/arm-none-eabi/5.4.1/../../../../arm-none-eabi/lib/armv7e-m\libm.a(lib_a-sf_fabs.o)
                0x080045bc                fabsf
 .text.floorf   0x080045c4       0x8c c:/program files (x86)/gnu tools arm embedded/5.4 2016q2/bin/../lib/gcc/arm-none-eabi/5.4.1/../../../../arm-none-eabi/lib/armv7e-m\libm.a(lib_a-sf_floor.o)
                0x080045c4                floorf
 .text.scalbnf  0x08004650       0xb0 c:/program files (x86)/gnu tools arm embedded/5.4 2016q2/bin/../lib/gcc/arm-none-eabi/5.4.1/../../../../arm-none-eabi/lib/armv7e-m\libm.a(lib_a-sf_scalbn.o)
                0x08004650                scalbnf
 .text.copysignf
                0x08004700        0xc c:/program files (x86)/gnu tools arm embedded/5.4 2016q2/bin/../lib/gcc/arm-none-eabi/5.4.1/../../../../arm-none-eabi/lib/armv7e-m\libm.a(lib_a-sf_copysign.o)
                0x08004700                copysignf
 .text          0x0800470c      0x370 c:/program files (x86)/gnu tools arm embedded/5.4 2016q2/bin/../lib/gcc/arm-none-eabi/5.4.1/armv7e-m\libgcc.a(_arm_addsubdf3.o)
                0x0800470c                __aeabi_drsub
                0x08004714                __aeabi_dsub
                0x08004714                __subdf3
                0x08004718                __aeabi_dadd
                0x08004718                __adddf3
                0x08004990                __floatunsidf
                0x08004990                __aeabi_ui2d
                0x080049b0                __floatsidf
                0x080049b0                __aeabi_i2d
                0x080049d4                __aeabi_f2d
                0x080049d4                __extendsfdf2
                0x08004a10                __floatundidf
                0x08004a10                __aeabi_ul2d
                0x08004a20                __floatdidf
                0x08004a20                __aeabi_l2d
 .text          0x08004a7c      0x424 c:/program files (x86)/gnu tools arm embedded/5.4 2016q2/bin/../lib/gcc/arm-none-eabi/5.4.1/armv7e-m\libgcc.a(_arm_muldivdf3.o)
                0x08004a7c                __aeabi_dmul
                0x08004a7c                __muldf3
                0x08004cd0                __divdf3
                0x08004cd0                __aeabi_ddiv
 .text          0x08004ea0      0x110 c:/program files (x86)/gnu tools arm embedded/5.4 2016q2/bin/../lib/gcc/arm-none-eabi/5.4.1/armv7e-m\libgcc.a(_arm_cmpdf2.o)
                0x08004ea0                __gtdf2
                0x08004ea0                __gedf2
                0x08004ea8                __ltdf2
                0x08004ea8                __ledf2
                0x08004eb0                __nedf2
                0x08004eb0                __eqdf2
                0x08004eb0                __cmpdf2
                0x08004f2c                __aeabi_cdrcmple
                0x08004f3c                __aeabi_cdcmpeq
                0x08004f3c                __aeabi_cdcmple
                0x08004f4c                __aeabi_dcmpeq
                0x08004f60                __aeabi_dcmplt
                0x08004f74                __aeabi_dcmple
                0x08004f88                __aeabi_dcmpge
                0x08004f9c                __aeabi_dcmpgt
 .text          0x08004fb0       0x50 c:/program files (x86)/gnu tools arm embedded/5.4 2016q2/bin/../lib/gcc/arm-none-eabi/5.4.1/armv7e-m\libgcc.a(_arm_fixdfsi.o)
                0x08004fb0                __aeabi_d2iz
                0x08004fb0                __fixdfsi
 .text          0x08005000       0x40 c:/program files (x86)/gnu tools arm embedded/5.4 2016q2/bin/../lib/gcc/arm-none-eabi/5.4.1/armv7e-m\libgcc.a(_arm_fixunsdfsi.o)
                0x08005000                __aeabi_d2uiz
                0x08005000                __fixunsdfsi
 .text          0x08005040       0xa0 c:/program files (x86)/gnu tools arm embedded/5.4 2016q2/bin/../lib/gcc/arm-none-eabi/5.4.1/armv7e-m\libgcc.a(_arm_truncdfsf2.o)
                0x08005040                __truncdfsf2
                0x08005040                __aeabi_d2f
 .text          0x080050e0      0x21c c:/program files (x86)/gnu tools arm embedded/5.4 2016q2/bin/../lib/gcc/arm-none-eabi/5.4.1/armv7e-m\libgcc.a(_arm_addsubsf3.o)
                0x080050e0                __aeabi_frsub
                0x080050e8                __subsf3
                0x080050e8                __aeabi_fsub
                0x080050ec                __aeabi_fadd
                0x080050ec                __addsf3
                0x0800524c                __aeabi_ui2f
                0x0800524c                __floatunsisf
                0x08005254                __aeabi_i2f
                0x08005254                __floatsisf
                0x08005270                __aeabi_ul2f
                0x08005270                __floatundisf
                0x08005280                __aeabi_l2f
                0x08005280                __floatdisf
 .text          0x080052fc      0x2a0 c:/program files (x86)/gnu tools arm embedded/5.4 2016q2/bin/../lib/gcc/arm-none-eabi/5.4.1/armv7e-m\libgcc.a(_arm_muldivsf3.o)
                0x080052fc                __mulsf3
                0x080052fc                __aeabi_fmul
                0x08005464                __aeabi_fdiv
                0x08005464                __divsf3
 .text          0x0800559c       0xec c:/program files (x86)/gnu tools arm embedded/5.4 2016q2/bin/../lib/gcc/arm-none-eabi/5.4.1/armv7e-m\libgcc.a(_arm_cmpsf2.o)
                0x0800559c                __gesf2
                0x0800559c                __gtsf2
                0x080055a4                __lesf2
                0x080055a4                __ltsf2
                0x080055ac                __nesf2
                0x080055ac                __eqsf2
                0x080055ac                __cmpsf2
                0x0800560c                __aeabi_cfrcmple
                0x08005614                __aeabi_cfcmpeq
                0x08005614                __aeabi_cfcmple
                0x08005624                __aeabi_fcmpeq
                0x08005638                __aeabi_fcmplt
                0x0800564c                __aeabi_fcmple
                0x08005660                __aeabi_fcmpge
                0x08005674                __aeabi_fcmpgt
 .text          0x08005688       0x2c c:/program files (x86)/gnu tools arm embedded/5.4 2016q2/bin/../lib/gcc/arm-none-eabi/5.4.1/armv7e-m\libgcc.a(_arm_unordsf2.o)
                0x08005688                __unordsf2
                0x08005688                __aeabi_fcmpun
 .text          0x080056b4       0x4c c:/program files (x86)/gnu tools arm embedded/5.4 2016q2/bin/../lib/gcc/arm-none-eabi/5.4.1/armv7e-m\libgcc.a(_arm_fixsfsi.o)
                0x080056b4                __aeabi_f2iz
                0x080056b4                __fixsfsi
 .text          0x08005700       0x40 c:/program files (x86)/gnu tools arm embedded/5.4 2016q2/bin/../lib/gcc/arm-none-eabi/5.4.1/armv7e-m\libgcc.a(_arm_fixunssfsi.o)
                0x08005700                __fixunssfsi
                0x08005700                __aeabi_f2uiz
 .text.atof     0x08005740        0x8 c:/program files (x86)/gnu tools arm embedded/5.4 2016q2/bin/../lib/gcc/arm-none-eabi/5.4.1/../../../../arm-none-eabi/lib/armv7e-m\libg.a(lib_a-atof.o)
                0x08005740                atof
 .text.__errno  0x08005748        0xc c:/program files (x86)/gnu tools arm embedded/5.4 2016q2/bin/../lib/gcc/arm-none-eabi/5.4.1/../../../../arm-none-eabi/lib/armv7e-m\libg.a(lib_a-errno.o)
                0x08005748                __errno
 .text.strcpy   0x08005754       0xbc c:/program files (x86)/gnu tools arm embedded/5.4 2016q2/bin/../lib/gcc/arm-none-eabi/5.4.1/../../../../arm-none-eabi/lib/armv7e-m\libg.a(lib_a-strcpy.o)
                0x08005754                strcpy
 .text.critical_factorization
                0x08005810       0xb8 c:/program files (x86)/gnu tools arm embedded/5.4 2016q2/bin/../lib/gcc/arm-none-eabi/5.4.1/../../../../arm-none-eabi/lib/armv7e-m\libg.a(lib_a-strstr.o)
 .text.two_way_long_needle
                0x080058c8      0x200 c:/program files (x86)/gnu tools arm embedded/5.4 2016q2/bin/../lib/gcc/arm-none-eabi/5.4.1/../../../../arm-none-eabi/lib/armv7e-m\libg.a(lib_a-strstr.o)
 .text.strstr   0x08005ac8      0x220 c:/program files (x86)/gnu tools arm embedded/5.4 2016q2/bin/../lib/gcc/arm-none-eabi/5.4.1/../../../../arm-none-eabi/lib/armv7e-m\libg.a(lib_a-strstr.o)
                0x08005ac8                strstr
 .text.sulp     0x08005ce8       0x44 c:/program files (x86)/gnu tools arm embedded/5.4 2016q2/bin/../lib/gcc/arm-none-eabi/5.4.1/../../../../arm-none-eabi/lib/armv7e-m\libg.a(lib_a-strtod.o)
 *fill*         0x08005d2c        0x4 
 .text._strtod_r
                0x08005d30      0xecc c:/program files (x86)/gnu tools arm embedded/5.4 2016q2/bin/../lib/gcc/arm-none-eabi/5.4.1/../../../../arm-none-eabi/lib/armv7e-m\libg.a(lib_a-strtod.o)
                0x08005d30                _strtod_r
 .text.strtod   0x08006bfc       0x10 c:/program files (x86)/gnu tools arm embedded/5.4 2016q2/bin/../lib/gcc/arm-none-eabi/5.4.1/../../../../arm-none-eabi/lib/armv7e-m\libg.a(lib_a-strtod.o)
                0x08006bfc                strtod
 .text.strtok   0x08006c0c       0x10 c:/program files (x86)/gnu tools arm embedded/5.4 2016q2/bin/../lib/gcc/arm-none-eabi/5.4.1/../../../../arm-none-eabi/lib/armv7e-m\libg.a(lib_a-strtok.o)
                0x08006c0c                strtok
 .text.__strtok_r
                0x08006c1c       0x64 c:/program files (x86)/gnu tools arm embedded/5.4 2016q2/bin/../lib/gcc/arm-none-eabi/5.4.1/../../../../arm-none-eabi/lib/armv7e-m\libg.a(lib_a-strtok_r.o)
                0x08006c1c                __strtok_r
 .text.rshift   0x08006c80       0xa8 c:/program files (x86)/gnu tools arm embedded/5.4 2016q2/bin/../lib/gcc/arm-none-eabi/5.4.1/../../../../arm-none-eabi/lib/armv7e-m\libg.a(lib_a-gdtoa-gethex.o)
 .text.__gethex
                0x08006d28      0x510 c:/program files (x86)/gnu tools arm embedded/5.4 2016q2/bin/../lib/gcc/arm-none-eabi/5.4.1/../../../../arm-none-eabi/lib/armv7e-m\libg.a(lib_a-gdtoa-gethex.o)
                0x08006d28                __gethex
 .text.__match  0x08007238       0x30 c:/program files (x86)/gnu tools arm embedded/5.4 2016q2/bin/../lib/gcc/arm-none-eabi/5.4.1/../../../../arm-none-eabi/lib/armv7e-m\libg.a(lib_a-gdtoa-hexnan.o)
                0x08007238                __match
 .text.__hexnan
                0x08007268      0x180 c:/program files (x86)/gnu tools arm embedded/5.4 2016q2/bin/../lib/gcc/arm-none-eabi/5.4.1/../../../../arm-none-eabi/lib/armv7e-m\libg.a(lib_a-gdtoa-hexnan.o)
                0x08007268                __hexnan
 .text._localeconv_r
                0x080073e8        0x8 c:/program files (x86)/gnu tools arm embedded/5.4 2016q2/bin/../lib/gcc/arm-none-eabi/5.4.1/../../../../arm-none-eabi/lib/armv7e-m\libg.a(lib_a-locale.o)
                0x080073e8                _localeconv_r
 .text          0x080073f0       0xa0 c:/program files (x86)/gnu tools arm embedded/5.4 2016q2/bin/../lib/gcc/arm-none-eabi/5.4.1/../../../../arm-none-eabi/lib/armv7e-m\libg.a(lib_a-memchr.o)
                0x080073f0                memchr
 .text.memcmp   0x08007490       0x64 c:/program files (x86)/gnu tools arm embedded/5.4 2016q2/bin/../lib/gcc/arm-none-eabi/5.4.1/../../../../arm-none-eabi/lib/armv7e-m\libg.a(lib_a-memcmp.o)
                0x08007490                memcmp
 .text          0x080074f4      0x134 c:/program files (x86)/gnu tools arm embedded/5.4 2016q2/bin/../lib/gcc/arm-none-eabi/5.4.1/../../../../arm-none-eabi/lib/armv7e-m\libg.a(lib_a-memcpy.o)
                0x080074f4                memcpy
 .text._Balloc  0x08007628       0x4c c:/program files (x86)/gnu tools arm embedded/5.4 2016q2/bin/../lib/gcc/arm-none-eabi/5.4.1/../../../../arm-none-eabi/lib/armv7e-m\libg.a(lib_a-mprec.o)
                0x08007628                _Balloc
 .text._Bfree   0x08007674       0x14 c:/program files (x86)/gnu tools arm embedded/5.4 2016q2/bin/../lib/gcc/arm-none-eabi/5.4.1/../../../../arm-none-eabi/lib/armv7e-m\libg.a(lib_a-mprec.o)
                0x08007674                _Bfree
 .text.__multadd
                0x08007688       0x80 c:/program files (x86)/gnu tools arm embedded/5.4 2016q2/bin/../lib/gcc/arm-none-eabi/5.4.1/../../../../arm-none-eabi/lib/armv7e-m\libg.a(lib_a-mprec.o)
                0x08007688                __multadd
 .text.__s2b    0x08007708       0x98 c:/program files (x86)/gnu tools arm embedded/5.4 2016q2/bin/../lib/gcc/arm-none-eabi/5.4.1/../../../../arm-none-eabi/lib/armv7e-m\libg.a(lib_a-mprec.o)
                0x08007708                __s2b
 .text.__hi0bits
                0x080077a0       0x40 c:/program files (x86)/gnu tools arm embedded/5.4 2016q2/bin/../lib/gcc/arm-none-eabi/5.4.1/../../../../arm-none-eabi/lib/armv7e-m\libg.a(lib_a-mprec.o)
                0x080077a0                __hi0bits
 .text.__lo0bits
                0x080077e0       0x5c c:/program files (x86)/gnu tools arm embedded/5.4 2016q2/bin/../lib/gcc/arm-none-eabi/5.4.1/../../../../arm-none-eabi/lib/armv7e-m\libg.a(lib_a-mprec.o)
                0x080077e0                __lo0bits
 .text.__i2b    0x0800783c       0x14 c:/program files (x86)/gnu tools arm embedded/5.4 2016q2/bin/../lib/gcc/arm-none-eabi/5.4.1/../../../../arm-none-eabi/lib/armv7e-m\libg.a(lib_a-mprec.o)
                0x0800783c                __i2b
 .text.__multiply
                0x08007850      0x130 c:/program files (x86)/gnu tools arm embedded/5.4 2016q2/bin/../lib/gcc/arm-none-eabi/5.4.1/../../../../arm-none-eabi/lib/armv7e-m\libg.a(lib_a-mprec.o)
                0x08007850                __multiply
 .text.__pow5mult
                0x08007980       0xa0 c:/program files (x86)/gnu tools arm embedded/5.4 2016q2/bin/../lib/gcc/arm-none-eabi/5.4.1/../../../../arm-none-eabi/lib/armv7e-m\libg.a(lib_a-mprec.o)
                0x08007980                __pow5mult
 .text.__lshift
                0x08007a20       0xb0 c:/program files (x86)/gnu tools arm embedded/5.4 2016q2/bin/../lib/gcc/arm-none-eabi/5.4.1/../../../../arm-none-eabi/lib/armv7e-m\libg.a(lib_a-mprec.o)
                0x08007a20                __lshift
 .text.__mcmp   0x08007ad0       0x40 c:/program files (x86)/gnu tools arm embedded/5.4 2016q2/bin/../lib/gcc/arm-none-eabi/5.4.1/../../../../arm-none-eabi/lib/armv7e-m\libg.a(lib_a-mprec.o)
                0x08007ad0                __mcmp
 .text.__mdiff  0x08007b10      0x114 c:/program files (x86)/gnu tools arm embedded/5.4 2016q2/bin/../lib/gcc/arm-none-eabi/5.4.1/../../../../arm-none-eabi/lib/armv7e-m\libg.a(lib_a-mprec.o)
                0x08007b10                __mdiff
 .text.__ulp    0x08007c24       0x44 c:/program files (x86)/gnu tools arm embedded/5.4 2016q2/bin/../lib/gcc/arm-none-eabi/5.4.1/../../../../arm-none-eabi/lib/armv7e-m\libg.a(lib_a-mprec.o)
                0x08007c24                __ulp
 .text.__b2d    0x08007c68       0xd4 c:/program files (x86)/gnu tools arm embedded/5.4 2016q2/bin/../lib/gcc/arm-none-eabi/5.4.1/../../../../arm-none-eabi/lib/armv7e-m\libg.a(lib_a-mprec.o)
                0x08007c68                __b2d
 .text.__d2b    0x08007d3c       0xb8 c:/program files (x86)/gnu tools arm embedded/5.4 2016q2/bin/../lib/gcc/arm-none-eabi/5.4.1/../../../../arm-none-eabi/lib/armv7e-m\libg.a(lib_a-mprec.o)
                0x08007d3c                __d2b
 .text.__ratio  0x08007df4       0x54 c:/program files (x86)/gnu tools arm embedded/5.4 2016q2/bin/../lib/gcc/arm-none-eabi/5.4.1/../../../../arm-none-eabi/lib/armv7e-m\libg.a(lib_a-mprec.o)
                0x08007df4                __ratio
 .text.__copybits
                0x08007e48       0x48 c:/program files (x86)/gnu tools arm embedded/5.4 2016q2/bin/../lib/gcc/arm-none-eabi/5.4.1/../../../../arm-none-eabi/lib/armv7e-m\libg.a(lib_a-mprec.o)
                0x08007e48                __copybits
 .text.__any_on
                0x08007e90       0x5c c:/program files (x86)/gnu tools arm embedded/5.4 2016q2/bin/../lib/gcc/arm-none-eabi/5.4.1/../../../../arm-none-eabi/lib/armv7e-m\libg.a(lib_a-mprec.o)
                0x08007e90                __any_on
 .text.strchr   0x08007eec       0xd0 c:/program files (x86)/gnu tools arm embedded/5.4 2016q2/bin/../lib/gcc/arm-none-eabi/5.4.1/../../../../arm-none-eabi/lib/armv7e-m\libg.a(lib_a-strchr.o)
                0x08007eec                strchr
 *fill*         0x08007fbc        0x4 
 .text          0x08007fc0       0xdc c:/program files (x86)/gnu tools arm embedded/5.4 2016q2/bin/../lib/gcc/arm-none-eabi/5.4.1/../../../../arm-none-eabi/lib/armv7e-m\libg.a(lib_a-strlen.o)
                0x08007fc0                strlen
 .text.strncmp  0x0800809c       0xa0 c:/program files (x86)/gnu tools arm embedded/5.4 2016q2/bin/../lib/gcc/arm-none-eabi/5.4.1/../../../../arm-none-eabi/lib/armv7e-m\libg.a(lib_a-strncmp.o)
                0x0800809c                strncmp
 .text._calloc_r
                0x0800813c       0x60 c:/program files (x86)/gnu tools arm embedded/5.4 2016q2/bin/../lib/gcc/arm-none-eabi/5.4.1/../../../../arm-none-eabi/lib/armv7e-m\libg.a(lib_a-callocr.o)
                0x0800813c                _calloc_r
 .text._malloc_r
                0x0800819c      0x570 c:/program files (x86)/gnu tools arm embedded/5.4 2016q2/bin/../lib/gcc/arm-none-eabi/5.4.1/../../../../arm-none-eabi/lib/armv7e-m\libg.a(lib_a-mallocr.o)
                0x0800819c                _malloc_r
 .text.memset   0x0800870c       0x9c c:/program files (x86)/gnu tools arm embedded/5.4 2016q2/bin/../lib/gcc/arm-none-eabi/5.4.1/../../../../arm-none-eabi/lib/armv7e-m\libg.a(lib_a-memset.o)
                0x0800870c                memset
 .text.__malloc_lock
                0x080087a8        0x4 c:/program files (x86)/gnu tools arm embedded/5.4 2016q2/bin/../lib/gcc/arm-none-eabi/5.4.1/../../../../arm-none-eabi/lib/armv7e-m\libg.a(lib_a-mlock.o)
                0x080087a8                __malloc_lock
 .text.__malloc_unlock
                0x080087ac        0x4 c:/program files (x86)/gnu tools arm embedded/5.4 2016q2/bin/../lib/gcc/arm-none-eabi/5.4.1/../../../../arm-none-eabi/lib/armv7e-m\libg.a(lib_a-mlock.o)
                0x080087ac                __malloc_unlock
 .text._sbrk_r  0x080087b0       0x24 c:/program files (x86)/gnu tools arm embedded/5.4 2016q2/bin/../lib/gcc/arm-none-eabi/5.4.1/../../../../arm-none-eabi/lib/armv7e-m\libg.a(lib_a-sbrkr.o)
                0x080087b0                _sbrk_r
 .text._malloc_trim_r
                0x080087d4       0x9c c:/program files (x86)/gnu tools arm embedded/5.4 2016q2/bin/../lib/gcc/arm-none-eabi/5.4.1/../../../../arm-none-eabi/lib/armv7e-m\libg.a(lib_a-freer.o)
                0x080087d4                _malloc_trim_r
 .text._free_r  0x08008870      0x1d0 c:/program files (x86)/gnu tools arm embedded/5.4 2016q2/bin/../lib/gcc/arm-none-eabi/5.4.1/../../../../arm-none-eabi/lib/armv7e-m\libg.a(lib_a-freer.o)
                0x08008870                _free_r
 *(.init)
 *(.fini)
 *crtbegin.o(.ctors)
 *crtbegin?.o(.ctors)
 *(EXCLUDE_FILE(*crtend.o *crtend?.o) .ctors)
 *(SORT(.ctors.*))
 *(.ctors)
 *crtbegin.o(.dtors)
 *crtbegin?.o(.dtors)
 *(EXCLUDE_FILE(*crtend.o *crtend?.o) .dtors)
 *(SORT(.dtors.*))
 *(.dtors)
 *(.rodata*)
 .rodata        0x08008a40        0x9 ..\obj\button.o
 *fill*         0x08008a49        0x3 
 .rodata.str1.4
                0x08008a4c       0x42 ..\obj\button.o
 *fill*         0x08008a8e        0x2 
 .rodata        0x08008a90        0x9 ..\obj\gametask.o
 *fill*         0x08008a99        0x3 
 .rodata.str1.4
                0x08008a9c       0x91 ..\obj\gametask.o
                                 0xa5 (size before relaxing)
 *fill*         0x08008b2d        0x3 
 .rodata.str1.4
                0x08008b30        0x2 ..\obj\os_flag.o
 *fill*         0x08008b32        0x2 
 .rodata        0x08008b34       0x78 ..\obj\speelveld.o
                0x08008b34                veld_rand
                0x08008b74                veld_zoek
                0x08008ba4                veld_midden
 .rodata        0x08008bac       0x20 ..\obj\uart.o
 .rodata.str1.4
                0x08008bcc       0xb7 ..\obj\main.o
                                 0xbb (size before relaxing)
 *fill*         0x08008c83        0x1 
 .rodata        0x08008c84        0x8 ..\obj\GPS.o
 .rodata.str1.4
                0x08008c8c       0x45 ..\obj\GPS.o
                                 0x59 (size before relaxing)
 *fill*         0x08008cd1        0x3 
 .rodata        0x08008cd4      0x100 ..\obj\os_core.o
                0x08008cd4                OSUnMapTbl
 .rodata.str1.4
                0x08008dd4        0xe ..\obj\os_core.o
                                 0x12 (size before relaxing)
 .rodata.str1.4
                0x08008de2        0x2 ..\obj\os_mem.o
 .rodata.str1.4
                0x08008de2        0x2 ..\obj\os_task.o
 .rodata.str1.4
                0x08008de2        0x2 ..\obj\os_mbox.o
 *fill*         0x08008de2        0x2 
 .rodata.str1.4
                0x08008de4        0x6 c:/program files (x86)/gnu tools arm embedded/5.4 2016q2/bin/../lib/gcc/arm-none-eabi/5.4.1/../../../../arm-none-eabi/lib/armv7e-m\libm.a(lib_a-wf_sqrt.o)
 *fill*         0x08008dea        0x2 
 .rodata.npio2_hw
                0x08008dec       0x80 c:/program files (x86)/gnu tools arm embedded/5.4 2016q2/bin/../lib/gcc/arm-none-eabi/5.4.1/../../../../arm-none-eabi/lib/armv7e-m\libm.a(lib_a-ef_rem_pio2.o)
 .rodata.two_over_pi
                0x08008e6c      0x318 c:/program files (x86)/gnu tools arm embedded/5.4 2016q2/bin/../lib/gcc/arm-none-eabi/5.4.1/../../../../arm-none-eabi/lib/armv7e-m\libm.a(lib_a-ef_rem_pio2.o)
 .rodata.init_jk
                0x08009184        0xc c:/program files (x86)/gnu tools arm embedded/5.4 2016q2/bin/../lib/gcc/arm-none-eabi/5.4.1/../../../../arm-none-eabi/lib/armv7e-m\libm.a(lib_a-kf_rem_pio2.o)
 .rodata.PIo2   0x08009190       0x2c c:/program files (x86)/gnu tools arm embedded/5.4 2016q2/bin/../lib/gcc/arm-none-eabi/5.4.1/../../../../arm-none-eabi/lib/armv7e-m\libm.a(lib_a-kf_rem_pio2.o)
 *fill*         0x080091bc        0x4 
 .rodata.atanlo
                0x080091c0       0x20 c:/program files (x86)/gnu tools arm embedded/5.4 2016q2/bin/../lib/gcc/arm-none-eabi/5.4.1/../../../../arm-none-eabi/lib/armv7e-m\libm.a(lib_a-s_atan.o)
 .rodata.atanhi
                0x080091e0       0x20 c:/program files (x86)/gnu tools arm embedded/5.4 2016q2/bin/../lib/gcc/arm-none-eabi/5.4.1/../../../../arm-none-eabi/lib/armv7e-m\libm.a(lib_a-s_atan.o)
 .rodata.atanlo
                0x08009200       0x10 c:/program files (x86)/gnu tools arm embedded/5.4 2016q2/bin/../lib/gcc/arm-none-eabi/5.4.1/../../../../arm-none-eabi/lib/armv7e-m\libm.a(lib_a-sf_atan.o)
 .rodata.atanhi
                0x08009210       0x10 c:/program files (x86)/gnu tools arm embedded/5.4 2016q2/bin/../lib/gcc/arm-none-eabi/5.4.1/../../../../arm-none-eabi/lib/armv7e-m\libm.a(lib_a-sf_atan.o)
 .rodata.tinytens
                0x08009220       0x28 c:/program files (x86)/gnu tools arm embedded/5.4 2016q2/bin/../lib/gcc/arm-none-eabi/5.4.1/../../../../arm-none-eabi/lib/armv7e-m\libg.a(lib_a-strtod.o)
 .rodata.fpi.5357
                0x08009248       0x14 c:/program files (x86)/gnu tools arm embedded/5.4 2016q2/bin/../lib/gcc/arm-none-eabi/5.4.1/../../../../arm-none-eabi/lib/armv7e-m\libg.a(lib_a-strtod.o)
 .rodata.str1.4
                0x0800925c        0xf c:/program files (x86)/gnu tools arm embedded/5.4 2016q2/bin/../lib/gcc/arm-none-eabi/5.4.1/../../../../arm-none-eabi/lib/armv7e-m\libg.a(lib_a-strtod.o)
 *fill*         0x0800926b        0x1 
 .rodata.fpinan.5393
                0x0800926c       0x14 c:/program files (x86)/gnu tools arm embedded/5.4 2016q2/bin/../lib/gcc/arm-none-eabi/5.4.1/../../../../arm-none-eabi/lib/armv7e-m\libg.a(lib_a-strtod.o)
 .rodata.__hexdig
                0x08009280      0x100 c:/program files (x86)/gnu tools arm embedded/5.4 2016q2/bin/../lib/gcc/arm-none-eabi/5.4.1/../../../../arm-none-eabi/lib/armv7e-m\libg.a(lib_a-gdtoa-gethex.o)
                0x08009280                __hexdig
 .rodata.str1.4
                0x08009380       0x10 c:/program files (x86)/gnu tools arm embedded/5.4 2016q2/bin/../lib/gcc/arm-none-eabi/5.4.1/../../../../arm-none-eabi/lib/armv7e-m\libg.a(lib_a-locale.o)
                                 0x12 (size before relaxing)
 .rodata.__mprec_tens
                0x08009390       0xc8 c:/program files (x86)/gnu tools arm embedded/5.4 2016q2/bin/../lib/gcc/arm-none-eabi/5.4.1/../../../../arm-none-eabi/lib/armv7e-m\libg.a(lib_a-mprec.o)
                0x08009390                __mprec_tens
 .rodata.__mprec_bigtens
                0x08009458       0x28 c:/program files (x86)/gnu tools arm embedded/5.4 2016q2/bin/../lib/gcc/arm-none-eabi/5.4.1/../../../../arm-none-eabi/lib/armv7e-m\libg.a(lib_a-mprec.o)
                0x08009458                __mprec_bigtens
 .rodata.p05.5396
                0x08009480        0xc c:/program files (x86)/gnu tools arm embedded/5.4 2016q2/bin/../lib/gcc/arm-none-eabi/5.4.1/../../../../arm-none-eabi/lib/armv7e-m\libg.a(lib_a-mprec.o)
 *(.eh_fram e*)

.glue_7         0x0800948c        0x0
 .glue_7        0x0800948c        0x0 linker stubs

.glue_7t        0x0800948c        0x0
 .glue_7t       0x0800948c        0x0 linker stubs

.vfp11_veneer   0x0800948c        0x0
 .vfp11_veneer  0x0800948c        0x0 linker stubs

.v4_bx          0x0800948c        0x0
 .v4_bx         0x0800948c        0x0 linker stubs

.iplt           0x0800948c        0x0
 .iplt          0x0800948c        0x0 ..\obj\delay.o

.rel.dyn        0x0800948c        0x0
 .rel.iplt      0x0800948c        0x0 ..\obj\delay.o

.ARM.extab
 *(.ARM.extab* .gnu.linkonce.armextab.*)
                0x0800948c                __exidx_start = .

.ARM.exidx
 *(.ARM.exidx* .gnu.linkonce.armexidx.*)
                0x0800948c                __exidx_end = .
                0x0800948c                __etext = .
                0x0800948c                _sidata = __etext

.data           0x20000000      0x910 load address 0x0800948c
                0x20000000                __data_start__ = .
                0x20000000                _sdata = __data_start__
 *(vtable)
 *(.data*)
 .data          0x20000000       0x18 ..\obj\speelveld.o
 .data          0x20000018       0x50 ..\obj\taskcreate.o
                0x20000018                tasks
 .data          0x20000068        0x4 ..\obj\main.o
                0x20000068                version
 .data          0x2000006c       0x10 ..\obj\stm32f4xx_rcc.o
 *fill*         0x2000007c        0x4 
 .data          0x20000080      0x430 ..\obj\printf.o
                0x20000080                _impure_ptr
                0x20000088                r
 .data          0x200004b0       0x14 ..\obj\system_stm32f4xx.o
                0x200004b0                SystemCoreClock
                0x200004b4                AHBPrescTable
 .data.__fdlib_version
                0x200004c4        0x1 c:/program files (x86)/gnu tools arm embedded/5.4 2016q2/bin/../lib/gcc/arm-none-eabi/5.4.1/../../../../arm-none-eabi/lib/armv7e-m\libm.a(lib_a-s_lib_ver.o)
                0x200004c4                __fdlib_version
 *fill*         0x200004c5        0x3 
 .data.lconv    0x200004c8       0x38 c:/program files (x86)/gnu tools arm embedded/5.4 2016q2/bin/../lib/gcc/arm-none-eabi/5.4.1/../../../../arm-none-eabi/lib/armv7e-m\libg.a(lib_a-locale.o)
 .data.__malloc_av_
                0x20000500      0x408 c:/program files (x86)/gnu tools arm embedded/5.4 2016q2/bin/../lib/gcc/arm-none-eabi/5.4.1/../../../../arm-none-eabi/lib/armv7e-m\libg.a(lib_a-mallocr.o)
                0x20000500                __malloc_av_
 .data.__malloc_trim_threshold
                0x20000908        0x4 c:/program files (x86)/gnu tools arm embedded/5.4 2016q2/bin/../lib/gcc/arm-none-eabi/5.4.1/../../../../arm-none-eabi/lib/armv7e-m\libg.a(lib_a-mallocr.o)
                0x20000908                __malloc_trim_threshold
 .data.__malloc_sbrk_base
                0x2000090c        0x4 c:/program files (x86)/gnu tools arm embedded/5.4 2016q2/bin/../lib/gcc/arm-none-eabi/5.4.1/../../../../arm-none-eabi/lib/armv7e-m\libg.a(lib_a-mallocr.o)
                0x2000090c                __malloc_sbrk_base
                0x20000910                . = ALIGN (0x4)
                [!provide]                PROVIDE (__preinit_array_start, .)
 *(.preinit_array)
                [!provide]                PROVIDE (__preinit_array_end, .)
                0x20000910                . = ALIGN (0x4)
                [!provide]                PROVIDE (__init_array_start, .)
 *(SORT(.init_array.*))
 *(.init_array)
                [!provide]                PROVIDE (__init_array_end, .)
                0x20000910                . = ALIGN (0x4)
                [!provide]                PROVIDE (__fini_array_start, .)
 *(SORT(.fini_array.*))
 *(.fini_array)
                [!provide]                PROVIDE (__fini_array_end, .)
 *(.jcr*)
                0x20000910                . = ALIGN (0x4)
                0x20000910                __data_end__ = .
                0x20000910                _edata = __data_end__

.igot.plt       0x20000910        0x0 load address 0x08009d9c
 .igot.plt      0x20000910        0x0 ..\obj\delay.o

.bss            0x20000910     0x5494 load address 0x08009d9c
                0x20000910                . = ALIGN (0x4)
                0x20000910                __bss_start__ = .
                0x20000910                _sbss = __bss_start__
 *(.bss*)
 .bss           0x20000910        0x4 ..\obj\uart.o
                0x20000910                charcounter
 .bss           0x20000914        0x4 ..\obj\syscalls.o
 .bss           0x20000918        0x1 ..\obj\lcd.o
                0x20000918                curpos
 *fill*         0x20000919        0x3 
 .bss.__malloc_max_total_mem
                0x2000091c        0x4 c:/program files (x86)/gnu tools arm embedded/5.4 2016q2/bin/../lib/gcc/arm-none-eabi/5.4.1/../../../../arm-none-eabi/lib/armv7e-m\libg.a(lib_a-mallocr.o)
                0x2000091c                __malloc_max_total_mem
 .bss.__malloc_max_sbrked_mem
                0x20000920        0x4 c:/program files (x86)/gnu tools arm embedded/5.4 2016q2/bin/../lib/gcc/arm-none-eabi/5.4.1/../../../../arm-none-eabi/lib/armv7e-m\libg.a(lib_a-mallocr.o)
                0x20000920                __malloc_max_sbrked_mem
 .bss.__malloc_top_pad
                0x20000924        0x4 c:/program files (x86)/gnu tools arm embedded/5.4 2016q2/bin/../lib/gcc/arm-none-eabi/5.4.1/../../../../arm-none-eabi/lib/armv7e-m\libg.a(lib_a-mallocr.o)
                0x20000924                __malloc_top_pad
 .bss.__malloc_current_mallinfo
                0x20000928       0x28 c:/program files (x86)/gnu tools arm embedded/5.4 2016q2/bin/../lib/gcc/arm-none-eabi/5.4.1/../../../../arm-none-eabi/lib/armv7e-m\libg.a(lib_a-mallocr.o)
                0x20000928                __malloc_current_mallinfo
 *(COMMON)
 COMMON         0x20000950       0x1c ..\obj\delay.o
                0x20000950                G_CLK
                0x20000954                D_S
                0x20000958                D_uS
                0x2000095c                xOffset
                0x20000960                MGPerDigit
                0x20000964                D_mS
                0x20000968                yOffset
 COMMON         0x2000096c        0x4 ..\obj\i2c.o
                0x2000096c                I2C_Timeout
 COMMON         0x20000970      0x208 ..\obj\os_cpu_c.o
                0x20000970                OS_CPU_ExceptStkBase
                0x20000974                OS_CPU_ExceptStk
                0x20000b74                SP_HighReady
 COMMON         0x20000b78        0x8 ..\obj\speelveld.o
                0x20000b78                verstopper
 COMMON         0x20000b80       0x64 ..\obj\uart.o
                0x20000b80                string
 COMMON         0x20000be4     0x3e80 ..\obj\taskcreate.o
                0x20000be4                LORATask_Stk
                0x20001b84                KnopTask_Stk
                0x20002b24                GPSTask_Stk
                0x20003ac4                GameTask_Stk
 COMMON         0x20004a64        0xc ..\obj\main.o
                0x20004a64                KnopFlag
                0x20004a68                GPSDataHandle
                0x20004a6c                MessageHandle
 COMMON         0x20004a70     0x1330 ..\obj\ucos_ii.o
                0x20004a70                OSLockNesting
                0x20004a71                OSTaskRegNextAvailID
                0x20004a72                OSRunning
                0x20004a74                OSIdleCtr
                0x20004a78                OSPrioHighRdy
                0x20004a7c                OSFlagTbl
                0x20004acc                OSPrioCur
                0x20004ad0                OSTCBList
                0x20004ad4                OSMemTbl
                0x20004b4c                OSTickStepState
                0x20004b50                OSCtxSwCtr
                0x20004b54                OSTCBFreeList
                0x20004b58                OSTaskCtr
                0x20004b5c                OSMemFreeList
                0x20004b60                OSQTbl
                0x20004bc0                OSTCBHighRdy
                0x20004bc4                OSQFreeList
                0x20004bc8                OSRdyGrp
                0x20004bcc                OSRdyTbl
                0x20004bd4                OSEventFreeList
                0x20004bd8                OSIntNesting
                0x20004bdc                OSTCBCur
                0x20004be0                OSTime
                0x20004be4                OSTaskIdleStk
                0x20004de4                OSEventTbl
                0x20005564                OSTCBTbl
                0x20005c9c                OSFlagFreeList
                0x20005ca0                OSTCBPrioTbl
 COMMON         0x20005da0        0x4 c:/program files (x86)/gnu tools arm embedded/5.4 2016q2/bin/../lib/gcc/arm-none-eabi/5.4.1/../../../../arm-none-eabi/lib/armv7e-m\libg.a(lib_a-reent.o)
                0x20005da0                errno
                0x20005da4                . = ALIGN (0x4)
                0x20005da4                __bss_end__ = .
                0x20005da4                _ebss = __bss_end__

.heap           0x20005da4        0x0
                0x20005da4                __end__ = .
                0x20005da4                _end = __end__
                0x20005da4                end = __end__
 *(.heap*)
                0x20005da4                __HeapLimit = .

.co_stack       0x20005da4      0x804 load address 0x0800f230
                0x20005da8                . = ALIGN (0x8)
 *fill*         0x20005da4        0x4 
 *(.co_stack .co_stack.*)
 .co_stack      0x20005da8      0x800 ..\obj\startup_stm32f4xx.o
                0x20005da8                pulStack
                0x20020000                __StackTop = (ORIGIN (ram) + LENGTH (ram))
                0x2001f7fc                __StackLimit = (__StackTop - SIZEOF (.co_stack))
                [!provide]                PROVIDE (__stack, __StackTop)
                0x00000001                ASSERT ((__StackLimit >= __HeapLimit), region ram  overflowed with stack)
LOAD ..\obj\delay.o
LOAD ..\obj\os_time.o
LOAD ..\obj\MP3.o
LOAD ..\obj\os_cpu_a.o
LOAD ..\obj\i2c.o
LOAD ..\obj\button.o
LOAD ..\obj\keys.o
LOAD ..\obj\buzzer.o
LOAD ..\obj\RN2483A.o
LOAD ..\obj\os_cpu_c.o
LOAD ..\obj\stm32f4xx_usart.o
LOAD ..\obj\gametask.o
LOAD ..\obj\os_flag.o
LOAD ..\obj\GPSmath.o
LOAD ..\obj\speelveld.o
LOAD ..\obj\uart.o
LOAD ..\obj\startup_stm32f4xx.o
LOAD ..\obj\taskcreate.o
LOAD ..\obj\compass.o
LOAD ..\obj\main.o
LOAD ..\obj\stm32f4xx_rcc.o
LOAD ..\obj\GPS.o
LOAD ..\obj\printf.o
LOAD ..\obj\os_sem.o
LOAD ..\obj\os_core.o
LOAD ..\obj\leds.o
LOAD ..\obj\os_mem.o
LOAD ..\obj\stm32f4xx_gpio.o
LOAD ..\obj\system_stm32f4xx.o
LOAD ..\obj\syscalls.o
LOAD ..\obj\os_q.o
LOAD ..\obj\os_task.o
LOAD ..\obj\os_mutex.o
LOAD ..\obj\lcd.o
LOAD ..\obj\stm32f4xx_i2c.o
LOAD ..\obj\LORA_task.o
LOAD ..\obj\misc.o
LOAD ..\obj\ucos_ii.o
LOAD ..\obj\os_mbox.o
LOAD ..\obj\stm32f4xx_tim.o
LOAD c:/program files (x86)/gnu tools arm embedded/5.4 2016q2/bin/../lib/gcc/arm-none-eabi/5.4.1/../../../../arm-none-eabi/lib/armv7e-m\libm.a
START GROUP
LOAD c:/program files (x86)/gnu tools arm embedded/5.4 2016q2/bin/../lib/gcc/arm-none-eabi/5.4.1/armv7e-m\libgcc.a
LOAD c:/program files (x86)/gnu tools arm embedded/5.4 2016q2/bin/../lib/gcc/arm-none-eabi/5.4.1/../../../../arm-none-eabi/lib/armv7e-m\libg.a
LOAD c:/program files (x86)/gnu tools arm embedded/5.4 2016q2/bin/../lib/gcc/arm-none-eabi/5.4.1/../../../../arm-none-eabi/lib/armv7e-m\libc.a
END GROUP
OUTPUT(output.elf elf32-littlearm)

.debug_info     0x00000000    0x1145b
 .debug_info    0x00000000      0x259 ..\obj\delay.o
 .debug_info    0x00000259      0x652 ..\obj\os_time.o
 .debug_info    0x000008ab      0x44f ..\obj\MP3.o
 .debug_info    0x00000cfa       0xcf ..\obj\os_cpu_a.o
 .debug_info    0x00000dc9      0xc80 ..\obj\i2c.o
 .debug_info    0x00001a49      0x602 ..\obj\button.o
 .debug_info    0x0000204b      0x4b8 ..\obj\buzzer.o
 .debug_info    0x00002503      0x697 ..\obj\os_cpu_c.o
 .debug_info    0x00002b9a      0xb2b ..\obj\stm32f4xx_usart.o
 .debug_info    0x000036c5      0x56f ..\obj\gametask.o
 .debug_info    0x00003c34      0xeaa ..\obj\os_flag.o
 .debug_info    0x00004ade      0x4d4 ..\obj\GPSmath.o
 .debug_info    0x00004fb2      0x213 ..\obj\speelveld.o
 .debug_info    0x000051c5     0x143b ..\obj\uart.o
 .debug_info    0x00006600      0x1fc ..\obj\startup_stm32f4xx.o
 .debug_info    0x000067fc      0x3d3 ..\obj\taskcreate.o
 .debug_info    0x00006bcf      0x77a ..\obj\compass.o
 .debug_info    0x00007349      0x6b6 ..\obj\main.o
 .debug_info    0x000079ff      0xca2 ..\obj\stm32f4xx_rcc.o
 .debug_info    0x000086a1      0x6c0 ..\obj\GPS.o
 .debug_info    0x00008d61     0x1234 ..\obj\printf.o
 .debug_info    0x00009f95     0x12e7 ..\obj\os_core.o
 .debug_info    0x0000b27c      0x59b ..\obj\os_mem.o
 .debug_info    0x0000b817      0x7db ..\obj\stm32f4xx_gpio.o
 .debug_info    0x0000bff2      0x5ea ..\obj\system_stm32f4xx.o
 .debug_info    0x0000c5dc      0x457 ..\obj\syscalls.o
 .debug_info    0x0000ca33      0xd3d ..\obj\os_q.o
 .debug_info    0x0000d770     0x10b2 ..\obj\os_task.o
 .debug_info    0x0000e822      0xa6c ..\obj\lcd.o
 .debug_info    0x0000f28e      0xbb6 ..\obj\stm32f4xx_i2c.o
 .debug_info    0x0000fe44      0x436 ..\obj\LORA_task.o
 .debug_info    0x0001027a      0x795 ..\obj\ucos_ii.o
 .debug_info    0x00010a0f      0xa4c ..\obj\os_mbox.o

.debug_abbrev   0x00000000     0x37c4
 .debug_abbrev  0x00000000      0x116 ..\obj\delay.o
 .debug_abbrev  0x00000116      0x15b ..\obj\os_time.o
 .debug_abbrev  0x00000271      0x199 ..\obj\MP3.o
 .debug_abbrev  0x0000040a       0x14 ..\obj\os_cpu_a.o
 .debug_abbrev  0x0000041e      0x1c4 ..\obj\i2c.o
 .debug_abbrev  0x000005e2      0x1e6 ..\obj\button.o
 .debug_abbrev  0x000007c8      0x189 ..\obj\buzzer.o
 .debug_abbrev  0x00000951      0x1c4 ..\obj\os_cpu_c.o
 .debug_abbrev  0x00000b15      0x1b9 ..\obj\stm32f4xx_usart.o
 .debug_abbrev  0x00000cce      0x1b4 ..\obj\gametask.o
 .debug_abbrev  0x00000e82      0x207 ..\obj\os_flag.o
 .debug_abbrev  0x00001089      0x188 ..\obj\GPSmath.o
 .debug_abbrev  0x00001211      0x11a ..\obj\speelveld.o
 .debug_abbrev  0x0000132b      0x28f ..\obj\uart.o
 .debug_abbrev  0x000015ba      0x134 ..\obj\startup_stm32f4xx.o
 .debug_abbrev  0x000016ee      0x1a3 ..\obj\taskcreate.o
 .debug_abbrev  0x00001891      0x1fa ..\obj\compass.o
 .debug_abbrev  0x00001a8b      0x1a3 ..\obj\main.o
 .debug_abbrev  0x00001c2e      0x20b ..\obj\stm32f4xx_rcc.o
 .debug_abbrev  0x00001e39      0x1e1 ..\obj\GPS.o
 .debug_abbrev  0x0000201a      0x331 ..\obj\printf.o
 .debug_abbrev  0x0000234b      0x2ea ..\obj\os_core.o
 .debug_abbrev  0x00002635      0x1aa ..\obj\os_mem.o
 .debug_abbrev  0x000027df      0x1e0 ..\obj\stm32f4xx_gpio.o
 .debug_abbrev  0x000029bf      0x161 ..\obj\system_stm32f4xx.o
 .debug_abbrev  0x00002b20       0xf4 ..\obj\syscalls.o
 .debug_abbrev  0x00002c14      0x1d5 ..\obj\os_q.o
 .debug_abbrev  0x00002de9      0x1c9 ..\obj\os_task.o
 .debug_abbrev  0x00002fb2      0x207 ..\obj\lcd.o
 .debug_abbrev  0x000031b9      0x1c8 ..\obj\stm32f4xx_i2c.o
 .debug_abbrev  0x00003381      0x1ea ..\obj\LORA_task.o
 .debug_abbrev  0x0000356b       0xba ..\obj\ucos_ii.o
 .debug_abbrev  0x00003625      0x19f ..\obj\os_mbox.o

.debug_aranges  0x00000000      0xe30
 .debug_aranges
                0x00000000       0x38 ..\obj\delay.o
 .debug_aranges
                0x00000038       0x40 ..\obj\os_time.o
 .debug_aranges
                0x00000078       0x50 ..\obj\MP3.o
 .debug_aranges
                0x000000c8       0x20 ..\obj\os_cpu_a.o
 .debug_aranges
                0x000000e8       0x68 ..\obj\i2c.o
 .debug_aranges
                0x00000150       0x28 ..\obj\button.o
 .debug_aranges
                0x00000178       0x38 ..\obj\buzzer.o
 .debug_aranges
                0x000001b0       0x88 ..\obj\os_cpu_c.o
 .debug_aranges
                0x00000238      0x100 ..\obj\stm32f4xx_usart.o
 .debug_aranges
                0x00000338       0x20 ..\obj\gametask.o
 .debug_aranges
                0x00000358       0x80 ..\obj\os_flag.o
 .debug_aranges
                0x000003d8       0x50 ..\obj\GPSmath.o
 .debug_aranges
                0x00000428       0x28 ..\obj\speelveld.o
 .debug_aranges
                0x00000450       0xf0 ..\obj\uart.o
 .debug_aranges
                0x00000540       0x28 ..\obj\startup_stm32f4xx.o
 .debug_aranges
                0x00000568       0x30 ..\obj\taskcreate.o
 .debug_aranges
                0x00000598       0x80 ..\obj\compass.o
 .debug_aranges
                0x00000618       0x40 ..\obj\main.o
 .debug_aranges
                0x00000658      0x178 ..\obj\stm32f4xx_rcc.o
 .debug_aranges
                0x000007d0       0x28 ..\obj\GPS.o
 .debug_aranges
                0x000007f8       0xa0 ..\obj\printf.o
 .debug_aranges
                0x00000898       0xe8 ..\obj\os_core.o
 .debug_aranges
                0x00000980       0x50 ..\obj\os_mem.o
 .debug_aranges
                0x000009d0       0x88 ..\obj\stm32f4xx_gpio.o
 .debug_aranges
                0x00000a58       0x28 ..\obj\system_stm32f4xx.o
 .debug_aranges
                0x00000a80       0x60 ..\obj\syscalls.o
 .debug_aranges
                0x00000ae0       0x70 ..\obj\os_q.o
 .debug_aranges
                0x00000b50       0x98 ..\obj\os_task.o
 .debug_aranges
                0x00000be8       0x88 ..\obj\lcd.o
 .debug_aranges
                0x00000c70      0x120 ..\obj\stm32f4xx_i2c.o
 .debug_aranges
                0x00000d90       0x30 ..\obj\LORA_task.o
 .debug_aranges
                0x00000dc0       0x18 ..\obj\ucos_ii.o
 .debug_aranges
                0x00000dd8       0x58 ..\obj\os_mbox.o

.debug_ranges   0x00000000      0xc08
 .debug_ranges  0x00000000       0x28 ..\obj\delay.o
 .debug_ranges  0x00000028       0x30 ..\obj\os_time.o
 .debug_ranges  0x00000058       0x40 ..\obj\MP3.o
 .debug_ranges  0x00000098       0x58 ..\obj\i2c.o
 .debug_ranges  0x000000f0       0x18 ..\obj\button.o
 .debug_ranges  0x00000108       0x28 ..\obj\buzzer.o
 .debug_ranges  0x00000130       0x78 ..\obj\os_cpu_c.o
 .debug_ranges  0x000001a8       0xf0 ..\obj\stm32f4xx_usart.o
 .debug_ranges  0x00000298       0x10 ..\obj\gametask.o
 .debug_ranges  0x000002a8       0x70 ..\obj\os_flag.o
 .debug_ranges  0x00000318       0x40 ..\obj\GPSmath.o
 .debug_ranges  0x00000358       0x18 ..\obj\speelveld.o
 .debug_ranges  0x00000370       0xe0 ..\obj\uart.o
 .debug_ranges  0x00000450       0x18 ..\obj\startup_stm32f4xx.o
 .debug_ranges  0x00000468       0x20 ..\obj\taskcreate.o
 .debug_ranges  0x00000488       0x70 ..\obj\compass.o
 .debug_ranges  0x000004f8       0x30 ..\obj\main.o
 .debug_ranges  0x00000528      0x168 ..\obj\stm32f4xx_rcc.o
 .debug_ranges  0x00000690       0x18 ..\obj\GPS.o
 .debug_ranges  0x000006a8       0x90 ..\obj\printf.o
 .debug_ranges  0x00000738       0xd8 ..\obj\os_core.o
 .debug_ranges  0x00000810       0x40 ..\obj\os_mem.o
 .debug_ranges  0x00000850       0x78 ..\obj\stm32f4xx_gpio.o
 .debug_ranges  0x000008c8       0x18 ..\obj\system_stm32f4xx.o
 .debug_ranges  0x000008e0       0x50 ..\obj\syscalls.o
 .debug_ranges  0x00000930       0x60 ..\obj\os_q.o
 .debug_ranges  0x00000990       0x88 ..\obj\os_task.o
 .debug_ranges  0x00000a18       0x78 ..\obj\lcd.o
 .debug_ranges  0x00000a90      0x110 ..\obj\stm32f4xx_i2c.o
 .debug_ranges  0x00000ba0       0x20 ..\obj\LORA_task.o
 .debug_ranges  0x00000bc0       0x48 ..\obj\os_mbox.o

.debug_line     0x00000000     0x6f01
 .debug_line    0x00000000      0x239 ..\obj\delay.o
 .debug_line    0x00000239      0x2c6 ..\obj\os_time.o
 .debug_line    0x000004ff      0x30d ..\obj\MP3.o
 .debug_line    0x0000080c       0xb0 ..\obj\os_cpu_a.o
 .debug_line    0x000008bc      0x387 ..\obj\i2c.o
 .debug_line    0x00000c43      0x367 ..\obj\button.o
 .debug_line    0x00000faa      0x2a4 ..\obj\buzzer.o
 .debug_line    0x0000124e      0x33d ..\obj\os_cpu_c.o
 .debug_line    0x0000158b      0x4b3 ..\obj\stm32f4xx_usart.o
 .debug_line    0x00001a3e      0x2e5 ..\obj\gametask.o
 .debug_line    0x00001d23      0x4ae ..\obj\os_flag.o
 .debug_line    0x000021d1      0x2a1 ..\obj\GPSmath.o
 .debug_line    0x00002472       0xf4 ..\obj\speelveld.o
 .debug_line    0x00002566      0x661 ..\obj\uart.o
 .debug_line    0x00002bc7      0x217 ..\obj\startup_stm32f4xx.o
 .debug_line    0x00002dde      0x2e6 ..\obj\taskcreate.o
 .debug_line    0x000030c4      0x387 ..\obj\compass.o
 .debug_line    0x0000344b      0x3ed ..\obj\main.o
 .debug_line    0x00003838      0x59b ..\obj\stm32f4xx_rcc.o
 .debug_line    0x00003dd3      0x34c ..\obj\GPS.o
 .debug_line    0x0000411f      0x3ad ..\obj\printf.o
 .debug_line    0x000044cc      0x5d7 ..\obj\os_core.o
 .debug_line    0x00004aa3      0x321 ..\obj\os_mem.o
 .debug_line    0x00004dc4      0x374 ..\obj\stm32f4xx_gpio.o
 .debug_line    0x00005138      0x1e2 ..\obj\system_stm32f4xx.o
 .debug_line    0x0000531a      0x1e8 ..\obj\syscalls.o
 .debug_line    0x00005502      0x42d ..\obj\os_q.o
 .debug_line    0x0000592f      0x49f ..\obj\os_task.o
 .debug_line    0x00005dce      0x3a9 ..\obj\lcd.o
 .debug_line    0x00006177      0x4e2 ..\obj\stm32f4xx_i2c.o
 .debug_line    0x00006659      0x2ee ..\obj\LORA_task.o
 .debug_line    0x00006947      0x227 ..\obj\ucos_ii.o
 .debug_line    0x00006b6e      0x393 ..\obj\os_mbox.o

.debug_str      0x00000000     0x40c8
 .debug_str     0x00000000      0x24b ..\obj\delay.o
                                0x2a8 (size before relaxing)
 .debug_str     0x0000024b      0x3a1 ..\obj\os_time.o
                                0x556 (size before relaxing)
 .debug_str     0x000005ec      0x139 ..\obj\MP3.o
                                0x31c (size before relaxing)
 .debug_str     0x00000725      0x42e ..\obj\i2c.o
                                0x667 (size before relaxing)
 .debug_str     0x00000b53      0x136 ..\obj\button.o
                                0x4f5 (size before relaxing)
 .debug_str     0x00000c89       0x89 ..\obj\buzzer.o
                                0x448 (size before relaxing)
 .debug_str     0x00000d12      0x1a2 ..\obj\os_cpu_c.o
                                0x605 (size before relaxing)
 .debug_str     0x00000eb4      0x462 ..\obj\stm32f4xx_usart.o
                                0x6d8 (size before relaxing)
 .debug_str     0x00001316       0xeb ..\obj\gametask.o
                                0x3c5 (size before relaxing)
 .debug_str     0x00001401      0x1bf ..\obj\os_flag.o
                                0x6bb (size before relaxing)
 .debug_str     0x000015c0       0xeb ..\obj\GPSmath.o
                                0x2a9 (size before relaxing)
 .debug_str     0x000016ab       0xce ..\obj\speelveld.o
                                0x23d (size before relaxing)
 .debug_str     0x00001779      0x79b ..\obj\uart.o
                                0xcf2 (size before relaxing)
 .debug_str     0x00001f14       0xbe ..\obj\startup_stm32f4xx.o
                                0x282 (size before relaxing)
 .debug_str     0x00001fd2      0x181 ..\obj\taskcreate.o
                                0x377 (size before relaxing)
 .debug_str     0x00002153      0x39c ..\obj\compass.o
                                0x64e (size before relaxing)
 .debug_str     0x000024ef       0xc1 ..\obj\main.o
                                0x4bd (size before relaxing)
 .debug_str     0x000025b0      0x567 ..\obj\stm32f4xx_rcc.o
                                0x859 (size before relaxing)
 .debug_str     0x00002b17       0xbc ..\obj\GPS.o
                                0x3b1 (size before relaxing)
 .debug_str     0x00002bd3      0x46a ..\obj\printf.o
                                0x68b (size before relaxing)
 .debug_str     0x0000303d      0x3b1 ..\obj\os_core.o
                                0x992 (size before relaxing)
 .debug_str     0x000033ee      0x170 ..\obj\os_mem.o
                                0x3a5 (size before relaxing)
 .debug_str     0x0000355e      0x14d ..\obj\stm32f4xx_gpio.o
                                0x4c3 (size before relaxing)
 .debug_str     0x000036ab      0x106 ..\obj\system_stm32f4xx.o
                                0x3b3 (size before relaxing)
 .debug_str     0x000037b1      0x171 ..\obj\syscalls.o
                                0x354 (size before relaxing)
 .debug_str     0x00003922      0x115 ..\obj\os_q.o
                                0x67d (size before relaxing)
 .debug_str     0x00003a37      0x164 ..\obj\os_task.o
                                0x78f (size before relaxing)
 .debug_str     0x00003b9b       0xef ..\obj\lcd.o
                                0x4f4 (size before relaxing)
 .debug_str     0x00003c8a      0x2a6 ..\obj\stm32f4xx_i2c.o
                                0x697 (size before relaxing)
 .debug_str     0x00003f30       0x7d ..\obj\LORA_task.o
                                0x361 (size before relaxing)
 .debug_str     0x00003fad       0x5a ..\obj\ucos_ii.o
                                0x685 (size before relaxing)
 .debug_str     0x00004007       0xc1 ..\obj\os_mbox.o
                                0x609 (size before relaxing)

.comment        0x00000000       0x6e
 .comment       0x00000000       0x6e ..\obj\delay.o
                                 0x6f (size before relaxing)
 .comment       0x0000006e       0x6f ..\obj\os_time.o
 .comment       0x0000006e       0x6f ..\obj\MP3.o
 .comment       0x0000006e       0x6f ..\obj\i2c.o
 .comment       0x0000006e       0x6f ..\obj\button.o
 .comment       0x0000006e       0x6f ..\obj\buzzer.o
 .comment       0x0000006e       0x6f ..\obj\os_cpu_c.o
 .comment       0x0000006e       0x6f ..\obj\stm32f4xx_usart.o
 .comment       0x0000006e       0x6f ..\obj\gametask.o
 .comment       0x0000006e       0x6f ..\obj\os_flag.o
 .comment       0x0000006e       0x6f ..\obj\GPSmath.o
 .comment       0x0000006e       0x6f ..\obj\speelveld.o
 .comment       0x0000006e       0x6f ..\obj\uart.o
 .comment       0x0000006e       0x6f ..\obj\startup_stm32f4xx.o
 .comment       0x0000006e       0x6f ..\obj\taskcreate.o
 .comment       0x0000006e       0x6f ..\obj\compass.o
 .comment       0x0000006e       0x6f ..\obj\main.o
 .comment       0x0000006e       0x6f ..\obj\stm32f4xx_rcc.o
 .comment       0x0000006e       0x6f ..\obj\GPS.o
 .comment       0x0000006e       0x6f ..\obj\printf.o
 .comment       0x0000006e       0x6f ..\obj\os_core.o
 .comment       0x0000006e       0x6f ..\obj\os_mem.o
 .comment       0x0000006e       0x6f ..\obj\stm32f4xx_gpio.o
 .comment       0x0000006e       0x6f ..\obj\system_stm32f4xx.o
 .comment       0x0000006e       0x6f ..\obj\syscalls.o
 .comment       0x0000006e       0x6f ..\obj\os_q.o
 .comment       0x0000006e       0x6f ..\obj\os_task.o
 .comment       0x0000006e       0x6f ..\obj\lcd.o
 .comment       0x0000006e       0x6f ..\obj\stm32f4xx_i2c.o
 .comment       0x0000006e       0x6f ..\obj\LORA_task.o
 .comment       0x0000006e       0x6f ..\obj\ucos_ii.o
 .comment       0x0000006e       0x6f ..\obj\os_mbox.o

.ARM.attributes
                0x00000000       0x31
 .ARM.attributes
                0x00000000       0x33 ..\obj\delay.o
 .ARM.attributes
                0x00000033       0x33 ..\obj\os_time.o
 .ARM.attributes
                0x00000066       0x33 ..\obj\MP3.o
 .ARM.attributes
                0x00000099       0x21 ..\obj\os_cpu_a.o
 .ARM.attributes
                0x000000ba       0x33 ..\obj\i2c.o
 .ARM.attributes
                0x000000ed       0x33 ..\obj\button.o
 .ARM.attributes
                0x00000120       0x33 ..\obj\buzzer.o
 .ARM.attributes
                0x00000153       0x33 ..\obj\os_cpu_c.o
 .ARM.attributes
                0x00000186       0x33 ..\obj\stm32f4xx_usart.o
 .ARM.attributes
                0x000001b9       0x33 ..\obj\gametask.o
 .ARM.attributes
                0x000001ec       0x33 ..\obj\os_flag.o
 .ARM.attributes
                0x0000021f       0x33 ..\obj\GPSmath.o
 .ARM.attributes
                0x00000252       0x33 ..\obj\speelveld.o
 .ARM.attributes
                0x00000285       0x33 ..\obj\uart.o
 .ARM.attributes
                0x000002b8       0x33 ..\obj\startup_stm32f4xx.o
 .ARM.attributes
                0x000002eb       0x33 ..\obj\taskcreate.o
 .ARM.attributes
                0x0000031e       0x33 ..\obj\compass.o
 .ARM.attributes
                0x00000351       0x33 ..\obj\main.o
 .ARM.attributes
                0x00000384       0x33 ..\obj\stm32f4xx_rcc.o
 .ARM.attributes
                0x000003b7       0x33 ..\obj\GPS.o
 .ARM.attributes
                0x000003ea       0x33 ..\obj\printf.o
 .ARM.attributes
                0x0000041d       0x33 ..\obj\os_core.o
 .ARM.attributes
                0x00000450       0x33 ..\obj\os_mem.o
 .ARM.attributes
                0x00000483       0x33 ..\obj\stm32f4xx_gpio.o
 .ARM.attributes
                0x000004b6       0x33 ..\obj\system_stm32f4xx.o
 .ARM.attributes
                0x000004e9       0x33 ..\obj\syscalls.o
 .ARM.attributes
                0x0000051c       0x33 ..\obj\os_q.o
 .ARM.attributes
                0x0000054f       0x33 ..\obj\os_task.o
 .ARM.attributes
                0x00000582       0x33 ..\obj\lcd.o
 .ARM.attributes
                0x000005b5       0x33 ..\obj\stm32f4xx_i2c.o
 .ARM.attributes
                0x000005e8       0x33 ..\obj\LORA_task.o
 .ARM.attributes
                0x0000061b       0x33 ..\obj\ucos_ii.o
 .ARM.attributes
                0x0000064e       0x33 ..\obj\os_mbox.o
 .ARM.attributes
                0x00000681       0x2e c:/program files (x86)/gnu tools arm embedded/5.4 2016q2/bin/../lib/gcc/arm-none-eabi/5.4.1/../../../../arm-none-eabi/lib/armv7e-m\libm.a(lib_a-s_floor.o)
 .ARM.attributes
                0x000006af       0x2e c:/program files (x86)/gnu tools arm embedded/5.4 2016q2/bin/../lib/gcc/arm-none-eabi/5.4.1/../../../../arm-none-eabi/lib/armv7e-m\libm.a(lib_a-sf_cos.o)
 .ARM.attributes
                0x000006dd       0x2e c:/program files (x86)/gnu tools arm embedded/5.4 2016q2/bin/../lib/gcc/arm-none-eabi/5.4.1/../../../../arm-none-eabi/lib/armv7e-m\libm.a(lib_a-sf_sin.o)
 .ARM.attributes
                0x0000070b       0x2e c:/program files (x86)/gnu tools arm embedded/5.4 2016q2/bin/../lib/gcc/arm-none-eabi/5.4.1/../../../../arm-none-eabi/lib/armv7e-m\libm.a(lib_a-w_atan2.o)
 .ARM.attributes
                0x00000739       0x2e c:/program files (x86)/gnu tools arm embedded/5.4 2016q2/bin/../lib/gcc/arm-none-eabi/5.4.1/../../../../arm-none-eabi/lib/armv7e-m\libm.a(lib_a-wf_atan2.o)
 .ARM.attributes
                0x00000767       0x2e c:/program files (x86)/gnu tools arm embedded/5.4 2016q2/bin/../lib/gcc/arm-none-eabi/5.4.1/../../../../arm-none-eabi/lib/armv7e-m\libm.a(lib_a-wf_sqrt.o)
 .ARM.attributes
                0x00000795       0x2e c:/program files (x86)/gnu tools arm embedded/5.4 2016q2/bin/../lib/gcc/arm-none-eabi/5.4.1/../../../../arm-none-eabi/lib/armv7e-m\libm.a(lib_a-e_atan2.o)
 .ARM.attributes
                0x000007c3       0x2e c:/program files (x86)/gnu tools arm embedded/5.4 2016q2/bin/../lib/gcc/arm-none-eabi/5.4.1/../../../../arm-none-eabi/lib/armv7e-m\libm.a(lib_a-ef_atan2.o)
 .ARM.attributes
                0x000007f1       0x2e c:/program files (x86)/gnu tools arm embedded/5.4 2016q2/bin/../lib/gcc/arm-none-eabi/5.4.1/../../../../arm-none-eabi/lib/armv7e-m\libm.a(lib_a-ef_rem_pio2.o)
 .ARM.attributes
                0x0000081f       0x2e c:/program files (x86)/gnu tools arm embedded/5.4 2016q2/bin/../lib/gcc/arm-none-eabi/5.4.1/../../../../arm-none-eabi/lib/armv7e-m\libm.a(lib_a-ef_sqrt.o)
 .ARM.attributes
                0x0000084d       0x2e c:/program files (x86)/gnu tools arm embedded/5.4 2016q2/bin/../lib/gcc/arm-none-eabi/5.4.1/../../../../arm-none-eabi/lib/armv7e-m\libm.a(lib_a-kf_cos.o)
 .ARM.attributes
                0x0000087b       0x2e c:/program files (x86)/gnu tools arm embedded/5.4 2016q2/bin/../lib/gcc/arm-none-eabi/5.4.1/../../../../arm-none-eabi/lib/armv7e-m\libm.a(lib_a-kf_rem_pio2.o)
 .ARM.attributes
                0x000008a9       0x2e c:/program files (x86)/gnu tools arm embedded/5.4 2016q2/bin/../lib/gcc/arm-none-eabi/5.4.1/../../../../arm-none-eabi/lib/armv7e-m\libm.a(lib_a-kf_sin.o)
 .ARM.attributes
                0x000008d7       0x2e c:/program files (x86)/gnu tools arm embedded/5.4 2016q2/bin/../lib/gcc/arm-none-eabi/5.4.1/../../../../arm-none-eabi/lib/armv7e-m\libm.a(lib_a-s_atan.o)
 .ARM.attributes
                0x00000905       0x2e c:/program files (x86)/gnu tools arm embedded/5.4 2016q2/bin/../lib/gcc/arm-none-eabi/5.4.1/../../../../arm-none-eabi/lib/armv7e-m\libm.a(lib_a-s_fabs.o)
 .ARM.attributes
                0x00000933       0x2e c:/program files (x86)/gnu tools arm embedded/5.4 2016q2/bin/../lib/gcc/arm-none-eabi/5.4.1/../../../../arm-none-eabi/lib/armv7e-m\libm.a(lib_a-s_lib_ver.o)
 .ARM.attributes
                0x00000961       0x2e c:/program files (x86)/gnu tools arm embedded/5.4 2016q2/bin/../lib/gcc/arm-none-eabi/5.4.1/../../../../arm-none-eabi/lib/armv7e-m\libm.a(lib_a-s_matherr.o)
 .ARM.attributes
                0x0000098f       0x2e c:/program files (x86)/gnu tools arm embedded/5.4 2016q2/bin/../lib/gcc/arm-none-eabi/5.4.1/../../../../arm-none-eabi/lib/armv7e-m\libm.a(lib_a-sf_atan.o)
 .ARM.attributes
                0x000009bd       0x2e c:/program files (x86)/gnu tools arm embedded/5.4 2016q2/bin/../lib/gcc/arm-none-eabi/5.4.1/../../../../arm-none-eabi/lib/armv7e-m\libm.a(lib_a-sf_fabs.o)
 .ARM.attributes
                0x000009eb       0x2e c:/program files (x86)/gnu tools arm embedded/5.4 2016q2/bin/../lib/gcc/arm-none-eabi/5.4.1/../../../../arm-none-eabi/lib/armv7e-m\libm.a(lib_a-sf_floor.o)
 .ARM.attributes
                0x00000a19       0x2e c:/program files (x86)/gnu tools arm embedded/5.4 2016q2/bin/../lib/gcc/arm-none-eabi/5.4.1/../../../../arm-none-eabi/lib/armv7e-m\libm.a(lib_a-sf_scalbn.o)
 .ARM.attributes
                0x00000a47       0x2e c:/program files (x86)/gnu tools arm embedded/5.4 2016q2/bin/../lib/gcc/arm-none-eabi/5.4.1/../../../../arm-none-eabi/lib/armv7e-m\libm.a(lib_a-sf_copysign.o)
 .ARM.attributes
                0x00000a75       0x1e c:/program files (x86)/gnu tools arm embedded/5.4 2016q2/bin/../lib/gcc/arm-none-eabi/5.4.1/armv7e-m\libgcc.a(_arm_addsubdf3.o)
 .ARM.attributes
                0x00000a93       0x1e c:/program files (x86)/gnu tools arm embedded/5.4 2016q2/bin/../lib/gcc/arm-none-eabi/5.4.1/armv7e-m\libgcc.a(_arm_muldivdf3.o)
 .ARM.attributes
                0x00000ab1       0x1e c:/program files (x86)/gnu tools arm embedded/5.4 2016q2/bin/../lib/gcc/arm-none-eabi/5.4.1/armv7e-m\libgcc.a(_arm_cmpdf2.o)
 .ARM.attributes
                0x00000acf       0x1e c:/program files (x86)/gnu tools arm embedded/5.4 2016q2/bin/../lib/gcc/arm-none-eabi/5.4.1/armv7e-m\libgcc.a(_arm_fixdfsi.o)
 .ARM.attributes
                0x00000aed       0x1e c:/program files (x86)/gnu tools arm embedded/5.4 2016q2/bin/../lib/gcc/arm-none-eabi/5.4.1/armv7e-m\libgcc.a(_arm_fixunsdfsi.o)
 .ARM.attributes
                0x00000b0b       0x1e c:/program files (x86)/gnu tools arm embedded/5.4 2016q2/bin/../lib/gcc/arm-none-eabi/5.4.1/armv7e-m\libgcc.a(_arm_truncdfsf2.o)
 .ARM.attributes
                0x00000b29       0x1e c:/program files (x86)/gnu tools arm embedded/5.4 2016q2/bin/../lib/gcc/arm-none-eabi/5.4.1/armv7e-m\libgcc.a(_arm_addsubsf3.o)
 .ARM.attributes
                0x00000b47       0x1e c:/program files (x86)/gnu tools arm embedded/5.4 2016q2/bin/../lib/gcc/arm-none-eabi/5.4.1/armv7e-m\libgcc.a(_arm_muldivsf3.o)
 .ARM.attributes
                0x00000b65       0x1e c:/program files (x86)/gnu tools arm embedded/5.4 2016q2/bin/../lib/gcc/arm-none-eabi/5.4.1/armv7e-m\libgcc.a(_arm_cmpsf2.o)
 .ARM.attributes
                0x00000b83       0x1e c:/program files (x86)/gnu tools arm embedded/5.4 2016q2/bin/../lib/gcc/arm-none-eabi/5.4.1/armv7e-m\libgcc.a(_arm_unordsf2.o)
 .ARM.attributes
                0x00000ba1       0x1e c:/program files (x86)/gnu tools arm embedded/5.4 2016q2/bin/../lib/gcc/arm-none-eabi/5.4.1/armv7e-m\libgcc.a(_arm_fixsfsi.o)
 .ARM.attributes
                0x00000bbf       0x1e c:/program files (x86)/gnu tools arm embedded/5.4 2016q2/bin/../lib/gcc/arm-none-eabi/5.4.1/armv7e-m\libgcc.a(_arm_fixunssfsi.o)
 .ARM.attributes
                0x00000bdd       0x2e c:/program files (x86)/gnu tools arm embedded/5.4 2016q2/bin/../lib/gcc/arm-none-eabi/5.4.1/../../../../arm-none-eabi/lib/armv7e-m\libg.a(lib_a-atof.o)
 .ARM.attributes
                0x00000c0b       0x2e c:/program files (x86)/gnu tools arm embedded/5.4 2016q2/bin/../lib/gcc/arm-none-eabi/5.4.1/../../../../arm-none-eabi/lib/armv7e-m\libg.a(lib_a-errno.o)
 .ARM.attributes
                0x00000c39       0x2e c:/program files (x86)/gnu tools arm embedded/5.4 2016q2/bin/../lib/gcc/arm-none-eabi/5.4.1/../../../../arm-none-eabi/lib/armv7e-m\libg.a(lib_a-strcpy.o)
 .ARM.attributes
                0x00000c67       0x2e c:/program files (x86)/gnu tools arm embedded/5.4 2016q2/bin/../lib/gcc/arm-none-eabi/5.4.1/../../../../arm-none-eabi/lib/armv7e-m\libg.a(lib_a-strstr.o)
 .ARM.attributes
                0x00000c95       0x2e c:/program files (x86)/gnu tools arm embedded/5.4 2016q2/bin/../lib/gcc/arm-none-eabi/5.4.1/../../../../arm-none-eabi/lib/armv7e-m\libg.a(lib_a-strtod.o)
 .ARM.attributes
                0x00000cc3       0x2e c:/program files (x86)/gnu tools arm embedded/5.4 2016q2/bin/../lib/gcc/arm-none-eabi/5.4.1/../../../../arm-none-eabi/lib/armv7e-m\libg.a(lib_a-strtok.o)
 .ARM.attributes
                0x00000cf1       0x2e c:/program files (x86)/gnu tools arm embedded/5.4 2016q2/bin/../lib/gcc/arm-none-eabi/5.4.1/../../../../arm-none-eabi/lib/armv7e-m\libg.a(lib_a-strtok_r.o)
 .ARM.attributes
                0x00000d1f       0x2e c:/program files (x86)/gnu tools arm embedded/5.4 2016q2/bin/../lib/gcc/arm-none-eabi/5.4.1/../../../../arm-none-eabi/lib/armv7e-m\libg.a(lib_a-gdtoa-gethex.o)
 .ARM.attributes
                0x00000d4d       0x2e c:/program files (x86)/gnu tools arm embedded/5.4 2016q2/bin/../lib/gcc/arm-none-eabi/5.4.1/../../../../arm-none-eabi/lib/armv7e-m\libg.a(lib_a-gdtoa-hexnan.o)
 .ARM.attributes
                0x00000d7b       0x2e c:/program files (x86)/gnu tools arm embedded/5.4 2016q2/bin/../lib/gcc/arm-none-eabi/5.4.1/../../../../arm-none-eabi/lib/armv7e-m\libg.a(lib_a-locale.o)
 .ARM.attributes
                0x00000da9       0x1c c:/program files (x86)/gnu tools arm embedded/5.4 2016q2/bin/../lib/gcc/arm-none-eabi/5.4.1/../../../../arm-none-eabi/lib/armv7e-m\libg.a(lib_a-memchr.o)
 .ARM.attributes
                0x00000dc5       0x2e c:/program files (x86)/gnu tools arm embedded/5.4 2016q2/bin/../lib/gcc/arm-none-eabi/5.4.1/../../../../arm-none-eabi/lib/armv7e-m\libg.a(lib_a-memcmp.o)
 .ARM.attributes
                0x00000df3       0x1c c:/program files (x86)/gnu tools arm embedded/5.4 2016q2/bin/../lib/gcc/arm-none-eabi/5.4.1/../../../../arm-none-eabi/lib/armv7e-m\libg.a(lib_a-memcpy.o)
 .ARM.attributes
                0x00000e0f       0x2e c:/program files (x86)/gnu tools arm embedded/5.4 2016q2/bin/../lib/gcc/arm-none-eabi/5.4.1/../../../../arm-none-eabi/lib/armv7e-m\libg.a(lib_a-mprec.o)
 .ARM.attributes
                0x00000e3d       0x2e c:/program files (x86)/gnu tools arm embedded/5.4 2016q2/bin/../lib/gcc/arm-none-eabi/5.4.1/../../../../arm-none-eabi/lib/armv7e-m\libg.a(lib_a-strchr.o)
 .ARM.attributes
                0x00000e6b       0x1c c:/program files (x86)/gnu tools arm embedded/5.4 2016q2/bin/../lib/gcc/arm-none-eabi/5.4.1/../../../../arm-none-eabi/lib/armv7e-m\libg.a(lib_a-strlen.o)
 .ARM.attributes
                0x00000e87       0x2e c:/program files (x86)/gnu tools arm embedded/5.4 2016q2/bin/../lib/gcc/arm-none-eabi/5.4.1/../../../../arm-none-eabi/lib/armv7e-m\libg.a(lib_a-strncmp.o)
 .ARM.attributes
                0x00000eb5       0x2e c:/program files (x86)/gnu tools arm embedded/5.4 2016q2/bin/../lib/gcc/arm-none-eabi/5.4.1/../../../../arm-none-eabi/lib/armv7e-m\libg.a(lib_a-callocr.o)
 .ARM.attributes
                0x00000ee3       0x2e c:/program files (x86)/gnu tools arm embedded/5.4 2016q2/bin/../lib/gcc/arm-none-eabi/5.4.1/../../../../arm-none-eabi/lib/armv7e-m\libg.a(lib_a-mallocr.o)
 .ARM.attributes
                0x00000f11       0x2e c:/program files (x86)/gnu tools arm embedded/5.4 2016q2/bin/../lib/gcc/arm-none-eabi/5.4.1/../../../../arm-none-eabi/lib/armv7e-m\libg.a(lib_a-memset.o)
 .ARM.attributes
                0x00000f3f       0x2e c:/program files (x86)/gnu tools arm embedded/5.4 2016q2/bin/../lib/gcc/arm-none-eabi/5.4.1/../../../../arm-none-eabi/lib/armv7e-m\libg.a(lib_a-mlock.o)