Archive member included to satisfy reference by file (symbol)

c:/program files (x86)/gnu tools arm embedded/5.4 2016q2/bin/../lib/gcc/arm-none-eabi/5.4.1/armv7e-m\libgcc.a(_arm_addsubdf3.o)
                              ..\obj\delay.o (__aeabi_ui2d)
c:/program files (x86)/gnu tools arm embedded/5.4 2016q2/bin/../lib/gcc/arm-none-eabi/5.4.1/armv7e-m\libgcc.a(_arm_muldivdf3.o)
                              ..\obj\delay.o (__aeabi_dmul)
c:/program files (x86)/gnu tools arm embedded/5.4 2016q2/bin/../lib/gcc/arm-none-eabi/5.4.1/armv7e-m\libgcc.a(_arm_fixunsdfsi.o)
                              ..\obj\delay.o (__aeabi_d2uiz)
c:/program files (x86)/gnu tools arm embedded/5.4 2016q2/bin/../lib/gcc/arm-none-eabi/5.4.1/../../../../arm-none-eabi/lib/armv7e-m\libg.a(lib_a-memcpy.o)
                              ..\obj\startup_stm32f4xx.o (memcpy)
c:/program files (x86)/gnu tools arm embedded/5.4 2016q2/bin/../lib/gcc/arm-none-eabi/5.4.1/../../../../arm-none-eabi/lib/armv7e-m\libg.a(lib_a-memset.o)
                              ..\obj\os_cpu_c.o (memset)

Allocating common symbols
Common symbol       size              file

MboxPostTask_Stk    0x190             ..\obj\taskcreate.o
MutexTask2_Stk      0x190             ..\obj\taskcreate.o
G_CLK               0x4               ..\obj\delay.o
MboxPendTask_Stk    0x190             ..\obj\taskcreate.o
OSLockNesting       0x1               ..\obj\ucos_ii.o
OSTaskRegNextAvailID
                    0x1               ..\obj\ucos_ii.o
OSRunning           0x1               ..\obj\ucos_ii.o
OSIdleCtr           0x4               ..\obj\ucos_ii.o
D_S                 0x4               ..\obj\delay.o
OSPrioHighRdy       0x1               ..\obj\ucos_ii.o
MutexHandle         0x4               ..\obj\main.o
OSFlagTbl           0x50              ..\obj\ucos_ii.o
D_uS                0x4               ..\obj\delay.o
OSPrioCur           0x1               ..\obj\ucos_ii.o
OSTCBList           0x4               ..\obj\ucos_ii.o
MijnTask1_Stk       0x190             ..\obj\taskcreate.o
MutexTask1_Stk      0x190             ..\obj\taskcreate.o
OSMemTbl            0x78              ..\obj\ucos_ii.o
OSTickStepState     0x1               ..\obj\ucos_ii.o
string              0x64              ..\obj\uart.o
OSCtxSwCtr          0x4               ..\obj\ucos_ii.o
MutexTask4_Stk      0x190             ..\obj\taskcreate.o
MutexTask3_Stk      0x190             ..\obj\taskcreate.o
FlagPostTask_Stk    0x190             ..\obj\taskcreate.o
os_queue            0x28              ..\obj\main.o
OSTCBFreeList       0x4               ..\obj\ucos_ii.o
OS_CPU_ExceptStkBase
                    0x4               ..\obj\os_cpu_c.o
OSTaskCtr           0x1               ..\obj\ucos_ii.o
data_queue          0xf0              ..\obj\main.o
OSMemFreeList       0x4               ..\obj\ucos_ii.o
QueuePostTask_Stk   0x190             ..\obj\taskcreate.o
OSQTbl              0x60              ..\obj\ucos_ii.o
OSTCBHighRdy        0x4               ..\obj\ucos_ii.o
OSQFreeList         0x4               ..\obj\ucos_ii.o
QueueHandle         0x4               ..\obj\main.o
OSRdyGrp            0x1               ..\obj\ucos_ii.o
MboxHandle          0x4               ..\obj\main.o
InitTaskStk         0x190             ..\obj\main.o
OSRdyTbl            0x8               ..\obj\ucos_ii.o
D_mS                0x4               ..\obj\delay.o
InterruptTask_Stk   0x190             ..\obj\taskcreate.o
OSEventFreeList     0x4               ..\obj\ucos_ii.o
FlagPendTask_Stk    0x190             ..\obj\taskcreate.o
OS_CPU_ExceptStk    0x200             ..\obj\os_cpu_c.o
OSIntNesting        0x1               ..\obj\ucos_ii.o
FlagHandle          0x4               ..\obj\main.o
QueuePendTask_Stk   0x190             ..\obj\taskcreate.o
OSTCBCur            0x4               ..\obj\ucos_ii.o
OSTime              0x4               ..\obj\ucos_ii.o
OSTaskIdleStk       0x200             ..\obj\ucos_ii.o
OSEventTbl          0x780             ..\obj\ucos_ii.o
OSTCBTbl            0x738             ..\obj\ucos_ii.o
SP_HighReady        0x4               ..\obj\os_cpu_c.o
StudentstuffHandle  0x4               ..\obj\main.o
OSFlagFreeList      0x4               ..\obj\ucos_ii.o
OSTCBPrioTbl        0x100             ..\obj\ucos_ii.o
FlagIntHandle       0x4               ..\obj\main.o

Discarded input sections

 .text          0x00000000        0x0 ..\obj\delay.o
 .data          0x00000000        0x0 ..\obj\delay.o
 .bss           0x00000000        0x0 ..\obj\delay.o
 .text.DELAY_s  0x00000000       0x38 ..\obj\delay.o
 .text          0x00000000        0x0 ..\obj\os_time.o
 .data          0x00000000        0x0 ..\obj\os_time.o
 .bss           0x00000000        0x0 ..\obj\os_time.o
 .text.OSTimeDlyHMSM
                0x00000000       0x94 ..\obj\os_time.o
 .text.OSTimeDlyResume
                0x00000000       0xa0 ..\obj\os_time.o
 .text.OSTimeGet
                0x00000000       0x18 ..\obj\os_time.o
 .text.OSTimeSet
                0x00000000       0x18 ..\obj\os_time.o
 .data          0x00000000        0x0 ..\obj\os_cpu_a.o
 .bss           0x00000000        0x0 ..\obj\os_cpu_a.o
 .text          0x00000000        0x0 ..\obj\keys.o
 .data          0x00000000        0x0 ..\obj\keys.o
 .bss           0x00000000        0x0 ..\obj\keys.o
 .text.KEYS_kolom
                0x00000000       0x4c ..\obj\keys.o
 .text          0x00000000        0x0 ..\obj\buzzer.o
 .data          0x00000000        0x0 ..\obj\buzzer.o
 .bss           0x00000000        0x0 ..\obj\buzzer.o
 .text.Buzzer_put
                0x00000000       0x44 ..\obj\buzzer.o
 .text.BUZZER_put
                0x00000000       0x64 ..\obj\buzzer.o
 .text          0x00000000        0x0 ..\obj\RN2483A.o
 .data          0x00000000        0x0 ..\obj\RN2483A.o
 .text          0x00000000        0x0 ..\obj\os_cpu_c.o
 .data          0x00000000        0x0 ..\obj\os_cpu_c.o
 .bss           0x00000000        0x0 ..\obj\os_cpu_c.o
 .text.OSTaskStatHook
                0x00000000        0x4 ..\obj\os_cpu_c.o
 .text.OSTaskSwHook
                0x00000000        0x4 ..\obj\os_cpu_c.o
 .text          0x00000000        0x0 ..\obj\stm32f4xx_usart.o
 .data          0x00000000        0x0 ..\obj\stm32f4xx_usart.o
 .bss           0x00000000        0x0 ..\obj\stm32f4xx_usart.o
 .text.USART_DeInit
                0x00000000       0xc8 ..\obj\stm32f4xx_usart.o
 .text.USART_StructInit
                0x00000000       0x18 ..\obj\stm32f4xx_usart.o
 .text.USART_ClockInit
                0x00000000       0x24 ..\obj\stm32f4xx_usart.o
 .text.USART_ClockStructInit
                0x00000000        0xc ..\obj\stm32f4xx_usart.o
 .text.USART_SetPrescaler
                0x00000000       0x14 ..\obj\stm32f4xx_usart.o
 .text.USART_OverSampling8Cmd
                0x00000000       0x1c ..\obj\stm32f4xx_usart.o
 .text.USART_OneBitMethodCmd
                0x00000000       0x1c ..\obj\stm32f4xx_usart.o
 .text.USART_ReceiveData
                0x00000000        0x8 ..\obj\stm32f4xx_usart.o
 .text.USART_SetAddress
                0x00000000       0x18 ..\obj\stm32f4xx_usart.o
 .text.USART_ReceiverWakeUpCmd
                0x00000000       0x1c ..\obj\stm32f4xx_usart.o
 .text.USART_WakeUpConfig
                0x00000000       0x18 ..\obj\stm32f4xx_usart.o
 .text.USART_LINBreakDetectLengthConfig
                0x00000000       0x18 ..\obj\stm32f4xx_usart.o
 .text.USART_LINCmd
                0x00000000       0x1c ..\obj\stm32f4xx_usart.o
 .text.USART_SendBreak
                0x00000000        0xc ..\obj\stm32f4xx_usart.o
 .text.USART_HalfDuplexCmd
                0x00000000       0x1c ..\obj\stm32f4xx_usart.o
 .text.USART_SetGuardTime
                0x00000000       0x14 ..\obj\stm32f4xx_usart.o
 .text.USART_SmartCardCmd
                0x00000000       0x1c ..\obj\stm32f4xx_usart.o
 .text.USART_SmartCardNACKCmd
                0x00000000       0x1c ..\obj\stm32f4xx_usart.o
 .text.USART_IrDAConfig
                0x00000000       0x18 ..\obj\stm32f4xx_usart.o
 .text.USART_IrDACmd
                0x00000000       0x1c ..\obj\stm32f4xx_usart.o
 .text.USART_DMACmd
                0x00000000       0x14 ..\obj\stm32f4xx_usart.o
 .text.USART_ClearFlag
                0x00000000        0x8 ..\obj\stm32f4xx_usart.o
 .text          0x00000000        0x0 ..\obj\os_flag.o
 .data          0x00000000        0x0 ..\obj\os_flag.o
 .bss           0x00000000        0x0 ..\obj\os_flag.o
 .text.OSFlagAccept
                0x00000000       0xb8 ..\obj\os_flag.o
 .text.OSFlagDel
                0x00000000      0x140 ..\obj\os_flag.o
 .text.OSFlagNameGet
                0x00000000       0x54 ..\obj\os_flag.o
 .text.OSFlagNameSet
                0x00000000       0x38 ..\obj\os_flag.o
 .text.OSFlagPendGetFlagsRdy
                0x00000000       0x18 ..\obj\os_flag.o
 .text.OSFlagQuery
                0x00000000       0x28 ..\obj\os_flag.o
 .text          0x00000000        0x0 ..\obj\uart.o
 .data          0x00000000        0x0 ..\obj\uart.o
 .text.UART3_putchar
                0x00000000       0x20 ..\obj\uart.o
 .text.UART_INT_init
                0x00000000       0x1c ..\obj\uart.o
 .text.UART_printf
                0x00000000       0x70 ..\obj\uart.o
 .text.UART_putnum
                0x00000000      0x180 ..\obj\uart.o
 .text.UART3_get
                0x00000000       0x1c ..\obj\uart.o
 .text.UART_gets
                0x00000000       0x68 ..\obj\uart.o
 .text          0x00000000        0x0 ..\obj\startup_stm32f4xx.o
 .data          0x00000000        0x0 ..\obj\startup_stm32f4xx.o
 .bss           0x00000000        0x0 ..\obj\startup_stm32f4xx.o
 .text          0x00000000        0x0 ..\obj\taskcreate.o
 .bss           0x00000000        0x0 ..\obj\taskcreate.o
 .text.displayStackData
                0x00000000       0x58 ..\obj\taskcreate.o
 .text          0x00000000        0x0 ..\obj\studentstuff.o
 .data          0x00000000        0x0 ..\obj\studentstuff.o
 .bss           0x00000000        0x0 ..\obj\studentstuff.o
 .text.MijnTask1
                0x00000000        0x4 ..\obj\studentstuff.o
 .debug_info    0x00000000       0xdb ..\obj\studentstuff.o
 .debug_abbrev  0x00000000       0x7f ..\obj\studentstuff.o
 .debug_aranges
                0x00000000       0x20 ..\obj\studentstuff.o
 .debug_ranges  0x00000000       0x10 ..\obj\studentstuff.o
 .debug_line    0x00000000      0x1d7 ..\obj\studentstuff.o
 .debug_str     0x00000000      0x242 ..\obj\studentstuff.o
 .comment       0x00000000       0x6f ..\obj\studentstuff.o
 .debug_frame   0x00000000       0x20 ..\obj\studentstuff.o
 .ARM.attributes
                0x00000000       0x33 ..\obj\studentstuff.o
 .text          0x00000000        0x0 ..\obj\main.o
 .bss           0x00000000        0x0 ..\obj\main.o
 .text.DisplayOSData
                0x00000000       0x50 ..\obj\main.o
 .text          0x00000000        0x0 ..\obj\stm32f4xx_rcc.o
 .bss           0x00000000        0x0 ..\obj\stm32f4xx_rcc.o
 .text.RCC_DeInit
                0x00000000       0x34 ..\obj\stm32f4xx_rcc.o
 .text.RCC_HSEConfig
                0x00000000       0x10 ..\obj\stm32f4xx_rcc.o
 .text.RCC_WaitForHSEStartUp
                0x00000000       0x34 ..\obj\stm32f4xx_rcc.o
 .text.RCC_AdjustHSICalibrationValue
                0x00000000       0x14 ..\obj\stm32f4xx_rcc.o
 .text.RCC_HSICmd
                0x00000000        0xc ..\obj\stm32f4xx_rcc.o
 .text.RCC_LSEConfig
                0x00000000       0x20 ..\obj\stm32f4xx_rcc.o
 .text.RCC_LSICmd
                0x00000000        0xc ..\obj\stm32f4xx_rcc.o
 .text.RCC_PLLConfig
                0x00000000       0x24 ..\obj\stm32f4xx_rcc.o
 .text.RCC_PLLCmd
                0x00000000        0xc ..\obj\stm32f4xx_rcc.o
 .text.RCC_PLLI2SConfig
                0x00000000       0x14 ..\obj\stm32f4xx_rcc.o
 .text.RCC_PLLI2SCmd
                0x00000000        0xc ..\obj\stm32f4xx_rcc.o
 .text.RCC_ClockSecuritySystemCmd
                0x00000000        0xc ..\obj\stm32f4xx_rcc.o
 .text.RCC_MCO1Config
                0x00000000       0x14 ..\obj\stm32f4xx_rcc.o
 .text.RCC_MCO2Config
                0x00000000       0x14 ..\obj\stm32f4xx_rcc.o
 .text.RCC_SYSCLKConfig
                0x00000000       0x14 ..\obj\stm32f4xx_rcc.o
 .text.RCC_GetSYSCLKSource
                0x00000000       0x10 ..\obj\stm32f4xx_rcc.o
 .text.RCC_HCLKConfig
                0x00000000       0x14 ..\obj\stm32f4xx_rcc.o
 .text.RCC_PCLK1Config
                0x00000000       0x14 ..\obj\stm32f4xx_rcc.o
 .text.RCC_PCLK2Config
                0x00000000       0x14 ..\obj\stm32f4xx_rcc.o
 .text.RCC_RTCCLKConfig
                0x00000000       0x30 ..\obj\stm32f4xx_rcc.o
 .text.RCC_RTCCLKCmd
                0x00000000        0xc ..\obj\stm32f4xx_rcc.o
 .text.RCC_BackupResetCmd
                0x00000000        0xc ..\obj\stm32f4xx_rcc.o
 .text.RCC_I2SCLKConfig
                0x00000000        0xc ..\obj\stm32f4xx_rcc.o
 .text.RCC_AHB2PeriphClockCmd
                0x00000000       0x1c ..\obj\stm32f4xx_rcc.o
 .text.RCC_AHB3PeriphClockCmd
                0x00000000       0x1c ..\obj\stm32f4xx_rcc.o
 .text.RCC_APB2PeriphClockCmd
                0x00000000       0x1c ..\obj\stm32f4xx_rcc.o
 .text.RCC_AHB1PeriphResetCmd
                0x00000000       0x1c ..\obj\stm32f4xx_rcc.o
 .text.RCC_AHB2PeriphResetCmd
                0x00000000       0x1c ..\obj\stm32f4xx_rcc.o
 .text.RCC_AHB3PeriphResetCmd
                0x00000000       0x1c ..\obj\stm32f4xx_rcc.o
 .text.RCC_APB1PeriphResetCmd
                0x00000000       0x1c ..\obj\stm32f4xx_rcc.o
 .text.RCC_APB2PeriphResetCmd
                0x00000000       0x1c ..\obj\stm32f4xx_rcc.o
 .text.RCC_AHB1PeriphClockLPModeCmd
                0x00000000       0x1c ..\obj\stm32f4xx_rcc.o
 .text.RCC_AHB2PeriphClockLPModeCmd
                0x00000000       0x1c ..\obj\stm32f4xx_rcc.o
 .text.RCC_AHB3PeriphClockLPModeCmd
                0x00000000       0x1c ..\obj\stm32f4xx_rcc.o
 .text.RCC_APB1PeriphClockLPModeCmd
                0x00000000       0x1c ..\obj\stm32f4xx_rcc.o
 .text.RCC_APB2PeriphClockLPModeCmd
                0x00000000       0x1c ..\obj\stm32f4xx_rcc.o
 .text.RCC_ITConfig
                0x00000000       0x1c ..\obj\stm32f4xx_rcc.o
 .text.RCC_GetFlagStatus
                0x00000000       0x34 ..\obj\stm32f4xx_rcc.o
 .text.RCC_ClearFlag
                0x00000000       0x10 ..\obj\stm32f4xx_rcc.o
 .text.RCC_GetITStatus
                0x00000000       0x14 ..\obj\stm32f4xx_rcc.o
 .text.RCC_ClearITPendingBit
                0x00000000        0xc ..\obj\stm32f4xx_rcc.o
 .text          0x00000000        0x0 ..\obj\printf.o
 .data          0x00000000      0x430 ..\obj\printf.o
 .bss           0x00000000        0x0 ..\obj\printf.o
 .text.PrintChar
                0x00000000        0x4 ..\obj\printf.o
 .text.PutChar  0x00000000        0x8 ..\obj\printf.o
 .text.PutString
                0x00000000       0x20 ..\obj\printf.o
 .text.snprintf
                0x00000000       0x1c ..\obj\printf.o
 .text.vsprintf
                0x00000000        0xc ..\obj\printf.o
 .text.vfprintf
                0x00000000       0x60 ..\obj\printf.o
 .text.vprintf  0x00000000       0x64 ..\obj\printf.o
 .text.fprintf  0x00000000       0x74 ..\obj\printf.o
 .text.printf   0x00000000       0x74 ..\obj\printf.o
 .text.puts     0x00000000       0x14 ..\obj\printf.o
 .text.fputc    0x00000000       0x1c ..\obj\printf.o
 .text.fputs    0x00000000       0x3c ..\obj\printf.o
 .text          0x00000000        0x0 ..\obj\os_sem.o
 .data          0x00000000        0x0 ..\obj\os_sem.o
 .bss           0x00000000        0x0 ..\obj\os_sem.o
 .text.OSSemAccept
                0x00000000       0x24 ..\obj\os_sem.o
 .text.OSSemCreate
                0x00000000       0x4c ..\obj\os_sem.o
 .text.OSSemDel
                0x00000000       0xc4 ..\obj\os_sem.o
 .text.OSSemPend
                0x00000000       0xb8 ..\obj\os_sem.o
 .text.OSSemPendAbort
                0x00000000       0x70 ..\obj\os_sem.o
 .text.OSSemPost
                0x00000000       0x50 ..\obj\os_sem.o
 .text.OSSemQuery
                0x00000000       0x70 ..\obj\os_sem.o
 .text.OSSemSet
                0x00000000       0x34 ..\obj\os_sem.o
 .rodata.str1.4
                0x00000000        0x2 ..\obj\os_sem.o
 .debug_info    0x00000000      0x97a ..\obj\os_sem.o
 .debug_abbrev  0x00000000      0x1c5 ..\obj\os_sem.o
 .debug_loc     0x00000000      0x891 ..\obj\os_sem.o
 .debug_aranges
                0x00000000       0x58 ..\obj\os_sem.o
 .debug_ranges  0x00000000       0x48 ..\obj\os_sem.o
 .debug_line    0x00000000      0x405 ..\obj\os_sem.o
 .debug_str     0x00000000      0x636 ..\obj\os_sem.o
 .comment       0x00000000       0x6f ..\obj\os_sem.o
 .debug_frame   0x00000000      0x12c ..\obj\os_sem.o
 .ARM.attributes
                0x00000000       0x33 ..\obj\os_sem.o
 .text          0x00000000        0x0 ..\obj\mailbox.o
 .data          0x00000000        0x0 ..\obj\mailbox.o
 .bss           0x00000000        0x0 ..\obj\mailbox.o
 .text          0x00000000        0x0 ..\obj\os_core.o
 .data          0x00000000        0x0 ..\obj\os_core.o
 .bss           0x00000000        0x0 ..\obj\os_core.o
 .text.OSEventNameGet
                0x00000000       0x58 ..\obj\os_core.o
 .text.OSEventNameSet
                0x00000000       0x34 ..\obj\os_core.o
 .text.OSEventPendMulti
                0x00000000      0x3bc ..\obj\os_core.o
 .text.OSIntEnter
                0x00000000       0x20 ..\obj\os_core.o
 .text.OSSchedLock
                0x00000000       0x38 ..\obj\os_core.o
 .text.OSSchedUnlock
                0x00000000       0xb0 ..\obj\os_core.o
 .text.OSStart  0x00000000       0x60 ..\obj\os_core.o
 .text.OS_EventTaskWaitMulti
                0x00000000       0x64 ..\obj\os_core.o
 .text.OS_MemCopy
                0x00000000       0x90 ..\obj\os_core.o
 .text.OS_StrLen
                0x00000000       0x1c ..\obj\os_core.o
 .text.OS_TaskStatStkChk
                0x00000000       0x38 ..\obj\os_core.o
 .text          0x00000000        0x0 ..\obj\leds.o
 .data          0x00000000        0x0 ..\obj\leds.o
 .bss           0x00000000        0x0 ..\obj\leds.o
 .text          0x00000000        0x0 ..\obj\interrupt.o
 .data          0x00000000        0x0 ..\obj\interrupt.o
 .text.EnableTimerInterrupt
                0x00000000       0x1c ..\obj\interrupt.o
 .text          0x00000000        0x0 ..\obj\os_mem.o
 .data          0x00000000        0x0 ..\obj\os_mem.o
 .bss           0x00000000        0x0 ..\obj\os_mem.o
 .text.OSMemCreate
                0x00000000       0x7c ..\obj\os_mem.o
 .text.OSMemGet
                0x00000000       0x30 ..\obj\os_mem.o
 .text.OSMemNameGet
                0x00000000       0x3c ..\obj\os_mem.o
 .text.OSMemNameSet
                0x00000000       0x28 ..\obj\os_mem.o
 .text.OSMemPut
                0x00000000       0x2c ..\obj\os_mem.o
 .text.OSMemQuery
                0x00000000       0x30 ..\obj\os_mem.o
 .text          0x00000000        0x0 ..\obj\stm32f4xx_gpio.o
 .data          0x00000000        0x0 ..\obj\stm32f4xx_gpio.o
 .bss           0x00000000        0x0 ..\obj\stm32f4xx_gpio.o
 .text.GPIO_DeInit
                0x00000000      0x118 ..\obj\stm32f4xx_gpio.o
 .text.GPIO_StructInit
                0x00000000       0x14 ..\obj\stm32f4xx_gpio.o
 .text.GPIO_PinLockConfig
                0x00000000       0x24 ..\obj\stm32f4xx_gpio.o
 .text.GPIO_ReadInputData
                0x00000000        0x8 ..\obj\stm32f4xx_gpio.o
 .text.GPIO_ReadOutputDataBit
                0x00000000        0xc ..\obj\stm32f4xx_gpio.o
 .text.GPIO_ReadOutputData
                0x00000000        0x8 ..\obj\stm32f4xx_gpio.o
 .text.GPIO_WriteBit
                0x00000000        0xc ..\obj\stm32f4xx_gpio.o
 .text.GPIO_Write
                0x00000000        0x4 ..\obj\stm32f4xx_gpio.o
 .text.GPIO_ToggleBits
                0x00000000        0x8 ..\obj\stm32f4xx_gpio.o
 .text          0x00000000        0x0 ..\obj\system_stm32f4xx.o
 .bss           0x00000000        0x0 ..\obj\system_stm32f4xx.o
 .text.SystemCoreClockUpdate
                0x00000000       0x74 ..\obj\system_stm32f4xx.o
 .text          0x00000000        0x0 ..\obj\syscalls.o
 .data          0x00000000        0x0 ..\obj\syscalls.o
 .bss           0x00000000        0x4 ..\obj\syscalls.o
 .text._sbrk    0x00000000       0x1c ..\obj\syscalls.o
 .text.link     0x00000000        0x8 ..\obj\syscalls.o
 .text._close   0x00000000        0x8 ..\obj\syscalls.o
 .text._fstat   0x00000000        0xc ..\obj\syscalls.o
 .text._isatty  0x00000000        0x4 ..\obj\syscalls.o
 .text._lseek   0x00000000        0x4 ..\obj\syscalls.o
 .text._read    0x00000000        0x4 ..\obj\syscalls.o
 .text._write   0x00000000        0x4 ..\obj\syscalls.o
 .text.abort    0x00000000        0x4 ..\obj\syscalls.o
 .debug_info    0x00000000      0x45b ..\obj\syscalls.o
 .debug_abbrev  0x00000000       0xf4 ..\obj\syscalls.o
 .debug_loc     0x00000000      0x108 ..\obj\syscalls.o
 .debug_aranges
                0x00000000       0x60 ..\obj\syscalls.o
 .debug_ranges  0x00000000       0x50 ..\obj\syscalls.o
 .debug_line    0x00000000      0x212 ..\obj\syscalls.o
 .debug_str     0x00000000      0x3b1 ..\obj\syscalls.o
 .comment       0x00000000       0x6f ..\obj\syscalls.o
 .debug_frame   0x00000000       0xa0 ..\obj\syscalls.o
 .ARM.attributes
                0x00000000       0x33 ..\obj\syscalls.o
 .text          0x00000000        0x0 ..\obj\os_q.o
 .data          0x00000000        0x0 ..\obj\os_q.o
 .bss           0x00000000        0x0 ..\obj\os_q.o
 .text.OSQDel   0x00000000       0xdc ..\obj\os_q.o
 .text.OSQFlush
                0x00000000       0x1c ..\obj\os_q.o
 .text.OSQPend  0x00000000       0xf0 ..\obj\os_q.o
 .text.OSQPendAbort
                0x00000000       0x70 ..\obj\os_q.o
 .text.OSQPostFront
                0x00000000       0x68 ..\obj\os_q.o
 .text.OSQPostOpt
                0x00000000       0xac ..\obj\os_q.o
 .text          0x00000000        0x0 ..\obj\os_task.o
 .data          0x00000000        0x0 ..\obj\os_task.o
 .bss           0x00000000        0x0 ..\obj\os_task.o
 .text.OSTaskChangePrio
                0x00000000      0x174 ..\obj\os_task.o
 .text.OSTaskDelReq
                0x00000000       0x5c ..\obj\os_task.o
 .text.OSTaskNameGet
                0x00000000       0x74 ..\obj\os_task.o
 .text.OSTaskResume
                0x00000000       0x98 ..\obj\os_task.o
 .text.OSTaskSuspend
                0x00000000       0x9c ..\obj\os_task.o
 .text.OSTaskQuery
                0x00000000       0x5c ..\obj\os_task.o
 .text.OSTaskRegGet
                0x00000000       0x34 ..\obj\os_task.o
 .text.OSTaskRegGetID
                0x00000000       0x30 ..\obj\os_task.o
 .text.OSTaskRegSet
                0x00000000       0x34 ..\obj\os_task.o
 .text.OS_TaskStkClr
                0x00000000       0x14 ..\obj\os_task.o
 .text          0x00000000        0x0 ..\obj\queue.o
 .data          0x00000000        0x0 ..\obj\queue.o
 .bss           0x00000000        0x0 ..\obj\queue.o
 .text.outQ_member
                0x00000000       0x60 ..\obj\queue.o
 .text          0x00000000        0x0 ..\obj\mutex.o
 .data          0x00000000        0x0 ..\obj\mutex.o
 .bss           0x00000000        0x0 ..\obj\mutex.o
 .text.action   0x00000000       0x9c ..\obj\mutex.o
 .text.MutexTask1
                0x00000000       0xac ..\obj\mutex.o
 .text.MutexTask2
                0x00000000       0xac ..\obj\mutex.o
 .text.MutexTask3
                0x00000000       0xac ..\obj\mutex.o
 .text.MutexTask4
                0x00000000       0xac ..\obj\mutex.o
 .rodata        0x00000000       0x2f ..\obj\mutex.o
 .rodata.str1.4
                0x00000000       0x56 ..\obj\mutex.o
 .debug_info    0x00000000      0xb6c ..\obj\mutex.o
 .debug_abbrev  0x00000000      0x1cf ..\obj\mutex.o
 .debug_loc     0x00000000       0xde ..\obj\mutex.o
 .debug_aranges
                0x00000000       0x40 ..\obj\mutex.o
 .debug_ranges  0x00000000       0x30 ..\obj\mutex.o
 .debug_line    0x00000000      0x435 ..\obj\mutex.o
 .debug_str     0x00000000      0x3ae ..\obj\mutex.o
 .comment       0x00000000       0x6f ..\obj\mutex.o
 .debug_frame   0x00000000       0x98 ..\obj\mutex.o
 .ARM.attributes
                0x00000000       0x33 ..\obj\mutex.o
 .text          0x00000000        0x0 ..\obj\flag.o
 .data          0x00000000        0x0 ..\obj\flag.o
 .bss           0x00000000        0x0 ..\obj\flag.o
 .text          0x00000000        0x0 ..\obj\os_mutex.o
 .data          0x00000000        0x0 ..\obj\os_mutex.o
 .bss           0x00000000        0x0 ..\obj\os_mutex.o
 .text.OSMutexAccept
                0x00000000       0x80 ..\obj\os_mutex.o
 .text.OSMutexDel
                0x00000000      0x198 ..\obj\os_mutex.o
 .text.OSMutexPend
                0x00000000      0x234 ..\obj\os_mutex.o
 .text.OSMutexPost
                0x00000000      0x170 ..\obj\os_mutex.o
 .text.OSMutexQuery
                0x00000000       0x8c ..\obj\os_mutex.o
 .text          0x00000000        0x0 ..\obj\lcd.o
 .data          0x00000000        0x0 ..\obj\lcd.o
 .text.LCD_writebyte
                0x00000000      0x130 ..\obj\lcd.o
 .text.ClearBits
                0x00000000       0x2c ..\obj\lcd.o
 .text.LCD_cursor_home
                0x00000000       0xe8 ..\obj\lcd.o
 .text.LCD_clear
                0x00000000      0x110 ..\obj\lcd.o
 .text.LCD_XY   0x00000000       0x44 ..\obj\lcd.o
 .text.LCD_putchar
                0x00000000       0x30 ..\obj\lcd.o
 .text.LCD_writecontrol
                0x00000000       0x1c ..\obj\lcd.o
 .text.delay_LCD
                0x00000000       0x18 ..\obj\lcd.o
 .text.busyflag
                0x00000000       0x34 ..\obj\lcd.o
 .text          0x00000000        0x0 ..\obj\misc.o
 .data          0x00000000        0x0 ..\obj\misc.o
 .bss           0x00000000        0x0 ..\obj\misc.o
 .text.NVIC_PriorityGroupConfig
                0x00000000       0x14 ..\obj\misc.o
 .text.NVIC_SetVectorTable
                0x00000000       0x14 ..\obj\misc.o
 .text.NVIC_SystemLPConfig
                0x00000000       0x18 ..\obj\misc.o
 .text.SysTick_CLKSourceConfig
                0x00000000       0x18 ..\obj\misc.o
 .text          0x00000000        0x0 ..\obj\ucos_ii.o
 .data          0x00000000        0x0 ..\obj\ucos_ii.o
 .bss           0x00000000        0x0 ..\obj\ucos_ii.o
 .text          0x00000000        0x0 ..\obj\os_mbox.o
 .data          0x00000000        0x0 ..\obj\os_mbox.o
 .bss           0x00000000        0x0 ..\obj\os_mbox.o
 .text.OSMboxAccept
                0x00000000       0x20 ..\obj\os_mbox.o
 .text.OSMboxDel
                0x00000000       0xc4 ..\obj\os_mbox.o
 .text.OSMboxPendAbort
                0x00000000       0x70 ..\obj\os_mbox.o
 .text.OSMboxPostOpt
                0x00000000       0x74 ..\obj\os_mbox.o
 .text.OSMboxQuery
                0x00000000       0x70 ..\obj\os_mbox.o
 .text          0x00000000        0x0 ..\obj\stm32f4xx_tim.o
 .data          0x00000000        0x0 ..\obj\stm32f4xx_tim.o
 .bss           0x00000000        0x0 ..\obj\stm32f4xx_tim.o
 .text.TIM_DeInit
                0x00000000      0x1b8 ..\obj\stm32f4xx_tim.o
 .text.TIM_TimeBaseStructInit
                0x00000000       0x14 ..\obj\stm32f4xx_tim.o
 .text.TIM_PrescalerConfig
                0x00000000        0x8 ..\obj\stm32f4xx_tim.o
 .text.TIM_CounterModeConfig
                0x00000000       0x10 ..\obj\stm32f4xx_tim.o
 .text.TIM_SetCounter
                0x00000000        0x4 ..\obj\stm32f4xx_tim.o
 .text.TIM_SetAutoreload
                0x00000000        0x4 ..\obj\stm32f4xx_tim.o
 .text.TIM_GetCounter
                0x00000000        0x4 ..\obj\stm32f4xx_tim.o
 .text.TIM_GetPrescaler
                0x00000000        0x8 ..\obj\stm32f4xx_tim.o
 .text.TIM_UpdateDisableConfig
                0x00000000       0x1c ..\obj\stm32f4xx_tim.o
 .text.TIM_UpdateRequestConfig
                0x00000000       0x1c ..\obj\stm32f4xx_tim.o
 .text.TIM_ARRPreloadConfig
                0x00000000       0x1c ..\obj\stm32f4xx_tim.o
 .text.TIM_SelectOnePulseMode
                0x00000000       0x18 ..\obj\stm32f4xx_tim.o
 .text.TIM_SetClockDivision
                0x00000000       0x18 ..\obj\stm32f4xx_tim.o
 .text.TIM_OC1Init
                0x00000000       0x80 ..\obj\stm32f4xx_tim.o
 .text.TIM_OC2Init
                0x00000000       0x90 ..\obj\stm32f4xx_tim.o
 .text.TIM_OC3Init
                0x00000000       0x8c ..\obj\stm32f4xx_tim.o
 .text.TIM_OC4Init
                0x00000000       0x74 ..\obj\stm32f4xx_tim.o
 .text.TIM_OCStructInit
                0x00000000       0x14 ..\obj\stm32f4xx_tim.o
 .text.TIM_SelectOCxM
                0x00000000       0x4c ..\obj\stm32f4xx_tim.o
 .text.TIM_SetCompare1
                0x00000000        0x4 ..\obj\stm32f4xx_tim.o
 .text.TIM_SetCompare2
                0x00000000        0x4 ..\obj\stm32f4xx_tim.o
 .text.TIM_SetCompare3
                0x00000000        0x4 ..\obj\stm32f4xx_tim.o
 .text.TIM_SetCompare4
                0x00000000        0x4 ..\obj\stm32f4xx_tim.o
 .text.TIM_ForcedOC1Config
                0x00000000       0x10 ..\obj\stm32f4xx_tim.o
 .text.TIM_ForcedOC2Config
                0x00000000       0x14 ..\obj\stm32f4xx_tim.o
 .text.TIM_ForcedOC3Config
                0x00000000       0x10 ..\obj\stm32f4xx_tim.o
 .text.TIM_ForcedOC4Config
                0x00000000       0x14 ..\obj\stm32f4xx_tim.o
 .text.TIM_OC1PreloadConfig
                0x00000000       0x10 ..\obj\stm32f4xx_tim.o
 .text.TIM_OC2PreloadConfig
                0x00000000       0x14 ..\obj\stm32f4xx_tim.o
 .text.TIM_OC3PreloadConfig
                0x00000000       0x10 ..\obj\stm32f4xx_tim.o
 .text.TIM_OC4PreloadConfig
                0x00000000       0x14 ..\obj\stm32f4xx_tim.o
 .text.TIM_OC1FastConfig
                0x00000000       0x10 ..\obj\stm32f4xx_tim.o
 .text.TIM_OC2FastConfig
                0x00000000       0x14 ..\obj\stm32f4xx_tim.o
 .text.TIM_OC3FastConfig
                0x00000000       0x10 ..\obj\stm32f4xx_tim.o
 .text.TIM_OC4FastConfig
                0x00000000       0x14 ..\obj\stm32f4xx_tim.o
 .text.TIM_ClearOC1Ref
                0x00000000       0x10 ..\obj\stm32f4xx_tim.o
 .text.TIM_ClearOC2Ref
                0x00000000       0x10 ..\obj\stm32f4xx_tim.o
 .text.TIM_ClearOC3Ref
                0x00000000       0x10 ..\obj\stm32f4xx_tim.o
 .text.TIM_ClearOC4Ref
                0x00000000       0x10 ..\obj\stm32f4xx_tim.o
 .text.TIM_OC1PolarityConfig
                0x00000000       0x10 ..\obj\stm32f4xx_tim.o
 .text.TIM_OC1NPolarityConfig
                0x00000000       0x10 ..\obj\stm32f4xx_tim.o
 .text.TIM_OC2PolarityConfig
                0x00000000       0x14 ..\obj\stm32f4xx_tim.o
 .text.TIM_OC2NPolarityConfig
                0x00000000       0x14 ..\obj\stm32f4xx_tim.o
 .text.TIM_OC3PolarityConfig
                0x00000000       0x14 ..\obj\stm32f4xx_tim.o
 .text.TIM_OC3NPolarityConfig
                0x00000000       0x14 ..\obj\stm32f4xx_tim.o
 .text.TIM_OC4PolarityConfig
                0x00000000       0x14 ..\obj\stm32f4xx_tim.o
 .text.TIM_CCxCmd
                0x00000000       0x20 ..\obj\stm32f4xx_tim.o
 .text.TIM_CCxNCmd
                0x00000000       0x20 ..\obj\stm32f4xx_tim.o
 .text.TIM_ICInit
                0x00000000      0x168 ..\obj\stm32f4xx_tim.o
 .text.TIM_ICStructInit
                0x00000000       0x10 ..\obj\stm32f4xx_tim.o
 .text.TIM_PWMIConfig
                0x00000000      0x15c ..\obj\stm32f4xx_tim.o
 .text.TIM_GetCapture1
                0x00000000        0x4 ..\obj\stm32f4xx_tim.o
 .text.TIM_GetCapture2
                0x00000000        0x4 ..\obj\stm32f4xx_tim.o
 .text.TIM_GetCapture3
                0x00000000        0x4 ..\obj\stm32f4xx_tim.o
 .text.TIM_GetCapture4
                0x00000000        0x4 ..\obj\stm32f4xx_tim.o
 .text.TIM_SetIC1Prescaler
                0x00000000       0x18 ..\obj\stm32f4xx_tim.o
 .text.TIM_SetIC2Prescaler
                0x00000000       0x1c ..\obj\stm32f4xx_tim.o
 .text.TIM_SetIC3Prescaler
                0x00000000       0x18 ..\obj\stm32f4xx_tim.o
 .text.TIM_SetIC4Prescaler
                0x00000000       0x1c ..\obj\stm32f4xx_tim.o
 .text.TIM_BDTRConfig
                0x00000000       0x28 ..\obj\stm32f4xx_tim.o
 .text.TIM_BDTRStructInit
                0x00000000       0x14 ..\obj\stm32f4xx_tim.o
 .text.TIM_CtrlPWMOutputs
                0x00000000       0x20 ..\obj\stm32f4xx_tim.o
 .text.TIM_SelectCOM
                0x00000000       0x1c ..\obj\stm32f4xx_tim.o
 .text.TIM_CCPreloadControl
                0x00000000       0x1c ..\obj\stm32f4xx_tim.o
 .text.TIM_GenerateEvent
                0x00000000        0x4 ..\obj\stm32f4xx_tim.o
 .text.TIM_GetFlagStatus
                0x00000000        0xc ..\obj\stm32f4xx_tim.o
 .text.TIM_ClearFlag
                0x00000000        0x8 ..\obj\stm32f4xx_tim.o
 .text.TIM_DMAConfig
                0x00000000        0x8 ..\obj\stm32f4xx_tim.o
 .text.TIM_DMACmd
                0x00000000       0x14 ..\obj\stm32f4xx_tim.o
 .text.TIM_SelectCCDMA
                0x00000000       0x1c ..\obj\stm32f4xx_tim.o
 .text.TIM_InternalClockConfig
                0x00000000       0x10 ..\obj\stm32f4xx_tim.o
 .text.TIM_ITRxExternalClockConfig
                0x00000000       0x1c ..\obj\stm32f4xx_tim.o
 .text.TIM_TIxExternalClockConfig
                0x00000000       0x88 ..\obj\stm32f4xx_tim.o
 .text.TIM_ETRClockMode1Config
                0x00000000       0x28 ..\obj\stm32f4xx_tim.o
 .text.TIM_ETRClockMode2Config
                0x00000000       0x20 ..\obj\stm32f4xx_tim.o
 .text.TIM_SelectInputTrigger
                0x00000000       0x10 ..\obj\stm32f4xx_tim.o
 .text.TIM_SelectOutputTrigger
                0x00000000       0x18 ..\obj\stm32f4xx_tim.o
 .text.TIM_SelectSlaveMode
                0x00000000       0x18 ..\obj\stm32f4xx_tim.o
 .text.TIM_SelectMasterSlaveMode
                0x00000000       0x18 ..\obj\stm32f4xx_tim.o
 .text.TIM_ETRConfig
                0x00000000       0x18 ..\obj\stm32f4xx_tim.o
 .text.TIM_EncoderInterfaceConfig
                0x00000000       0x40 ..\obj\stm32f4xx_tim.o
 .text.TIM_SelectHallSensor
                0x00000000       0x1c ..\obj\stm32f4xx_tim.o
 .text.TIM_RemapConfig
                0x00000000        0x8 ..\obj\stm32f4xx_tim.o
 .data          0x00000000        0x0 c:/program files (x86)/gnu tools arm embedded/5.4 2016q2/bin/../lib/gcc/arm-none-eabi/5.4.1/armv7e-m\libgcc.a(_arm_addsubdf3.o)
 .bss           0x00000000        0x0 c:/program files (x86)/gnu tools arm embedded/5.4 2016q2/bin/../lib/gcc/arm-none-eabi/5.4.1/armv7e-m\libgcc.a(_arm_addsubdf3.o)
 .data          0x00000000        0x0 c:/program files (x86)/gnu tools arm embedded/5.4 2016q2/bin/../lib/gcc/arm-none-eabi/5.4.1/armv7e-m\libgcc.a(_arm_muldivdf3.o)
 .bss           0x00000000        0x0 c:/program files (x86)/gnu tools arm embedded/5.4 2016q2/bin/../lib/gcc/arm-none-eabi/5.4.1/armv7e-m\libgcc.a(_arm_muldivdf3.o)
 .data          0x00000000        0x0 c:/program files (x86)/gnu tools arm embedded/5.4 2016q2/bin/../lib/gcc/arm-none-eabi/5.4.1/armv7e-m\libgcc.a(_arm_fixunsdfsi.o)
 .bss           0x00000000        0x0 c:/program files (x86)/gnu tools arm embedded/5.4 2016q2/bin/../lib/gcc/arm-none-eabi/5.4.1/armv7e-m\libgcc.a(_arm_fixunsdfsi.o)
 .data          0x00000000        0x0 c:/program files (x86)/gnu tools arm embedded/5.4 2016q2/bin/../lib/gcc/arm-none-eabi/5.4.1/../../../../arm-none-eabi/lib/armv7e-m\libg.a(lib_a-memcpy.o)
 .bss           0x00000000        0x0 c:/program files (x86)/gnu tools arm embedded/5.4 2016q2/bin/../lib/gcc/arm-none-eabi/5.4.1/../../../../arm-none-eabi/lib/armv7e-m\libg.a(lib_a-memcpy.o)
 .text          0x00000000        0x0 c:/program files (x86)/gnu tools arm embedded/5.4 2016q2/bin/../lib/gcc/arm-none-eabi/5.4.1/../../../../arm-none-eabi/lib/armv7e-m\libg.a(lib_a-memset.o)
 .data          0x00000000        0x0 c:/program files (x86)/gnu tools arm embedded/5.4 2016q2/bin/../lib/gcc/arm-none-eabi/5.4.1/../../../../arm-none-eabi/lib/armv7e-m\libg.a(lib_a-memset.o)
 .bss           0x00000000        0x0 c:/program files (x86)/gnu tools arm embedded/5.4 2016q2/bin/../lib/gcc/arm-none-eabi/5.4.1/../../../../arm-none-eabi/lib/armv7e-m\libg.a(lib_a-memset.o)

Memory Configuration

Name             Origin             Length             Attributes
rom              0x08000000         0x00100000         xr
ram              0x20000000         0x00020000         xrw
ram1             0x10000000         0x00010000         xrw
*default*        0x00000000         0xffffffff

Linker script and memory map

                0x20020000                _eram = 0x20020000

.text           0x08000000     0x556a
 *(.isr_vector)
 .isr_vector    0x08000000      0x188 ..\obj\startup_stm32f4xx.o
                0x08000000                g_pfnVectors
 *(.text*)
 .text.DELAY_init
                0x08000188       0xa4 ..\obj\delay.o
                0x08000188                DELAY_init
 .text.DELAY_us
                0x0800022c       0x38 ..\obj\delay.o
                0x0800022c                DELAY_us
 .text.DELAY_ms
                0x08000264       0x38 ..\obj\delay.o
                0x08000264                DELAY_ms
 .text.OSTimeDly
                0x0800029c       0x60 ..\obj\os_time.o
                0x0800029c                OSTimeDly
 .text          0x080002fc       0x54 ..\obj\os_cpu_a.o
                0x080002fc                OS_CPU_SR_Save
                0x08000300                OS_CPU_SR_Restore
                0x08000304                OSStartHighRdy
                0x0800032c                OSCtxSw
                0x08000336                OSIntCtxSw
 .text.KEYS_init
                0x08000350       0x58 ..\obj\keys.o
                0x08000350                KEYS_init
 .text.KEYS_read
                0x080003a8      0x1ac ..\obj\keys.o
                0x080003a8                KEYS_read
 .text.BUZZER_init
                0x08000554       0x38 ..\obj\buzzer.o
                0x08000554                BUZZER_init
 .text.BUZZER_set
                0x0800058c       0x38 ..\obj\buzzer.o
                0x0800058c                BUZZER_set
 .text.RN2483A_init
                0x080005c4       0x6c ..\obj\RN2483A.o
                0x080005c4                RN2483A_init
 .text.sendrecvlora
                0x08000630       0x18 ..\obj\RN2483A.o
                0x08000630                sendrecvlora
 .text.recvlora
                0x08000648       0x14 ..\obj\RN2483A.o
                0x08000648                recvlora
 .text.sendlora
                0x0800065c        0x4 ..\obj\RN2483A.o
                0x0800065c                sendlora
 .text.resetlora
                0x08000660        0xc ..\obj\RN2483A.o
                0x08000660                resetlora
 .text.OSInitHookBegin
                0x0800066c       0x28 ..\obj\os_cpu_c.o
                0x0800066c                OSInitHookBegin
 .text.OSInitHookEnd
                0x08000694        0x4 ..\obj\os_cpu_c.o
                0x08000694                OSInitHookEnd
 .text.OSTaskCreateHook
                0x08000698        0x4 ..\obj\os_cpu_c.o
                0x08000698                OSTaskCreateHook
 .text.OSTaskDelHook
                0x0800069c        0x4 ..\obj\os_cpu_c.o
                0x0800069c                OSTaskDelHook
 .text.OSTaskIdleHook
                0x080006a0        0x4 ..\obj\os_cpu_c.o
                0x080006a0                OSTaskIdleHook
 .text.OSTaskReturnHook
                0x080006a4        0x4 ..\obj\os_cpu_c.o
                0x080006a4                OSTaskReturnHook
 .text.OSTaskStkInit
                0x080006a8       0x8c ..\obj\os_cpu_c.o
                0x080006a8                OSTaskStkInit
 .text.OSTCBInitHook
                0x08000734        0x4 ..\obj\os_cpu_c.o
                0x08000734                OSTCBInitHook
 .text.OSTimeTickHook
                0x08000738        0x4 ..\obj\os_cpu_c.o
                0x08000738                OSTimeTickHook
 .text.PendSV_Handler
                0x0800073c       0x50 ..\obj\os_cpu_c.o
                0x0800073c                PendSV_Handler
 .text.SysTick_Handler
                0x0800078c       0x30 ..\obj\os_cpu_c.o
                0x0800078c                SysTick_Handler
 .text.OS_CPU_SysTickInit
                0x080007bc       0x30 ..\obj\os_cpu_c.o
                0x080007bc                OS_CPU_SysTickInit
 .text.USART_Init
                0x080007ec       0xc4 ..\obj\stm32f4xx_usart.o
                0x080007ec                USART_Init
 .text.USART_Cmd
                0x080008b0       0x1c ..\obj\stm32f4xx_usart.o
                0x080008b0                USART_Cmd
 .text.USART_SendData
                0x080008cc        0x8 ..\obj\stm32f4xx_usart.o
                0x080008cc                USART_SendData
 .text.USART_ITConfig
                0x080008d4       0x38 ..\obj\stm32f4xx_usart.o
                0x080008d4                USART_ITConfig
 .text.USART_GetFlagStatus
                0x0800090c        0xc ..\obj\stm32f4xx_usart.o
                0x0800090c                USART_GetFlagStatus
 .text.USART_GetITStatus
                0x08000918       0x48 ..\obj\stm32f4xx_usart.o
                0x08000918                USART_GetITStatus
 .text.USART_ClearITPendingBit
                0x08000960       0x10 ..\obj\stm32f4xx_usart.o
                0x08000960                USART_ClearITPendingBit
 .text.OSFlagCreate
                0x08000970       0x50 ..\obj\os_flag.o
                0x08000970                OSFlagCreate
 .text.OSFlagPend
                0x080009c0      0x27c ..\obj\os_flag.o
                0x080009c0                OSFlagPend
 .text.OSFlagPost
                0x08000c3c      0x16c ..\obj\os_flag.o
                0x08000c3c                OSFlagPost
 .text.OS_FlagInit
                0x08000da8       0x58 ..\obj\os_flag.o
                0x08000da8                OS_FlagInit
 .text.OS_FlagUnlink
                0x08000e00       0x20 ..\obj\os_flag.o
                0x08000e00                OS_FlagUnlink
 .text.UART_init
                0x08000e20       0x9c ..\obj\uart.o
                0x08000e20                UART_init
 .text.UART3_init
                0x08000ebc       0x98 ..\obj\uart.o
                0x08000ebc                UART3_init
 .text.UART_putchar
                0x08000f54       0x20 ..\obj\uart.o
                0x08000f54                UART_putchar
 .text.UART_puts
                0x08000f74       0x40 ..\obj\uart.o
                0x08000f74                UART_puts
 .text.UART3_puts
                0x08000fb4       0x40 ..\obj\uart.o
                0x08000fb4                UART3_puts
 .text.USART2_IRQHandler
                0x08000ff4       0x88 ..\obj\uart.o
                0x08000ff4                USART2_IRQHandler
 .text.UART_putint
                0x0800107c      0x19c ..\obj\uart.o
                0x0800107c                UART_putint
 .text.UART_get
                0x08001218       0x1c ..\obj\uart.o
                0x08001218                UART_get
 .text.UART3_gets
                0x08001234       0x68 ..\obj\uart.o
                0x08001234                UART3_gets
 .text.Default_Reset_Handler
                0x0800129c       0x58 ..\obj\startup_stm32f4xx.o
                0x0800129c                Default_Reset_Handler
                0x0800129c                Reset_Handler
 .text.Default_Handler
                0x080012f4       0x14 ..\obj\startup_stm32f4xx.o
                0x080012f4                RTC_Alarm_IRQHandler
                0x080012f4                HASH_RNG_IRQHandler
                0x080012f4                EXTI2_IRQHandler
                0x080012f4                TIM8_CC_IRQHandler
                0x080012f4                DebugMon_Handler
                0x080012f4                TIM1_CC_IRQHandler
                0x080012f4                DMA2_Stream5_IRQHandler
                0x080012f4                HardFault_Handler
                0x080012f4                DMA1_Stream5_IRQHandler
                0x080012f4                PVD_IRQHandler
                0x080012f4                SDIO_IRQHandler
                0x080012f4                TAMP_STAMP_IRQHandler
                0x080012f4                NMI_Handler
                0x080012f4                CAN2_RX1_IRQHandler
                0x080012f4                EXTI3_IRQHandler
                0x080012f4                TIM8_TRG_COM_TIM14_IRQHandler
                0x080012f4                TIM1_UP_TIM10_IRQHandler
                0x080012f4                TIM8_UP_TIM13_IRQHandler
                0x080012f4                I2C3_ER_IRQHandler
                0x080012f4                EXTI0_IRQHandler
                0x080012f4                I2C2_EV_IRQHandler
                0x080012f4                DMA1_Stream2_IRQHandler
                0x080012f4                CAN1_RX0_IRQHandler
                0x080012f4                FPU_IRQHandler
                0x080012f4                OTG_HS_WKUP_IRQHandler
                0x080012f4                UsageFault_Handler
                0x080012f4                CAN2_SCE_IRQHandler
                0x080012f4                DMA2_Stream2_IRQHandler
                0x080012f4                SPI1_IRQHandler
                0x080012f4                TIM6_DAC_IRQHandler
                0x080012f4                TIM1_BRK_TIM9_IRQHandler
                0x080012f4                DCMI_IRQHandler
                0x080012f4                CAN2_RX0_IRQHandler
                0x080012f4                DMA2_Stream3_IRQHandler
                0x080012f4                USART6_IRQHandler
                0x080012f4                USART3_IRQHandler
                0x080012f4                CRYP_IRQHandler
                0x080012f4                CAN1_RX1_IRQHandler
                0x080012f4                UART5_IRQHandler
                0x080012f4                DMA2_Stream0_IRQHandler
                0x080012f4                TIM4_IRQHandler
                0x080012f4                I2C1_EV_IRQHandler
                0x080012f4                DMA1_Stream6_IRQHandler
                0x080012f4                DMA1_Stream1_IRQHandler
                0x080012f4                UART4_IRQHandler
                0x080012f4                TIM3_IRQHandler
                0x080012f4                RCC_IRQHandler
                0x080012f4                TIM8_BRK_TIM12_IRQHandler
                0x080012f4                EXTI15_10_IRQHandler
                0x080012f4                ADC_IRQHandler
                0x080012f4                DMA1_Stream7_IRQHandler
                0x080012f4                TIM7_IRQHandler
                0x080012f4                CAN2_TX_IRQHandler
                0x080012f4                TIM5_IRQHandler
                0x080012f4                DMA2_Stream7_IRQHandler
                0x080012f4                I2C3_EV_IRQHandler
                0x080012f4                EXTI9_5_IRQHandler
                0x080012f4                RTC_WKUP_IRQHandler
                0x080012f4                ETH_WKUP_IRQHandler
                0x080012f4                SPI2_IRQHandler
                0x080012f4                OTG_HS_EP1_IN_IRQHandler
                0x080012f4                MemManage_Handler
                0x080012f4                DMA1_Stream0_IRQHandler
                0x080012f4                CAN1_TX_IRQHandler
                0x080012f4                SVC_Handler
                0x080012f4                EXTI4_IRQHandler
                0x080012f4                FSMC_IRQHandler
                0x080012f4                ETH_IRQHandler
                0x080012f4                OTG_HS_EP1_OUT_IRQHandler
                0x080012f4                WWDG_IRQHandler
                0x080012f4                OTG_FS_WKUP_IRQHandler
                0x080012f4                TIM1_TRG_COM_TIM11_IRQHandler
                0x080012f4                OTG_HS_IRQHandler
                0x080012f4                EXTI1_IRQHandler
                0x080012f4                I2C2_ER_IRQHandler
                0x080012f4                DMA2_Stream1_IRQHandler
                0x080012f4                CAN1_SCE_IRQHandler
                0x080012f4                FLASH_IRQHandler
                0x080012f4                DMA2_Stream4_IRQHandler
                0x080012f4                BusFault_Handler
                0x080012f4                USART1_IRQHandler
                0x080012f4                OTG_FS_IRQHandler
                0x080012f4                SPI3_IRQHandler
                0x080012f4                DMA1_Stream4_IRQHandler
                0x080012f4                I2C1_ER_IRQHandler
                0x080012f4                DMA2_Stream6_IRQHandler
                0x080012f4                DMA1_Stream3_IRQHandler
 .text.CreateTasks
                0x08001308       0x40 ..\obj\taskcreate.o
                0x08001308                CreateTasks
 .text.displayAllStackData
                0x08001348       0x70 ..\obj\taskcreate.o
                0x08001348                displayAllStackData
 .text.CreateHandles
                0x080013b8       0xd4 ..\obj\main.o
                0x080013b8                CreateHandles
 .text.InitTask
                0x0800148c       0x88 ..\obj\main.o
                0x0800148c                InitTask
 .text.startup.main
                0x08001514       0xd4 ..\obj\main.o
                0x08001514                main
 .text.RCC_GetClocksFreq
                0x080015e8       0x98 ..\obj\stm32f4xx_rcc.o
                0x080015e8                RCC_GetClocksFreq
 .text.RCC_AHB1PeriphClockCmd
                0x08001680       0x1c ..\obj\stm32f4xx_rcc.o
                0x08001680                RCC_AHB1PeriphClockCmd
 .text.RCC_APB1PeriphClockCmd
                0x0800169c       0x1c ..\obj\stm32f4xx_rcc.o
                0x0800169c                RCC_APB1PeriphClockCmd
 .text.PutUnsignedInt
                0x080016b8       0xa4 ..\obj\printf.o
                0x080016b8                PutUnsignedInt
 .text.PutSignedInt
                0x0800175c      0x174 ..\obj\printf.o
                0x0800175c                PutSignedInt
 .text.PutHexa  0x080018d0       0xac ..\obj\printf.o
                0x080018d0                PutHexa
 .text.vsnprintf
                0x0800197c      0x518 ..\obj\printf.o
                0x0800197c                vsnprintf
 .text.sprintf  0x08001e94       0x20 ..\obj\printf.o
                0x08001e94                sprintf
 .text.MboxPostTask
                0x08001eb4       0x64 ..\obj\mailbox.o
                0x08001eb4                MboxPostTask
 .text.MboxPendTask
                0x08001f18      0x190 ..\obj\mailbox.o
                0x08001f18                MboxPendTask
 .text.OS_TaskIdle
                0x080020a8       0x1c ..\obj\os_core.o
                0x080020a8                OS_TaskIdle
 .text.OSInit   0x080020c4      0x170 ..\obj\os_core.o
                0x080020c4                OSInit
 .text.OSIntExit
                0x08002234       0xa0 ..\obj\os_core.o
                0x08002234                OSIntExit
 .text.OSTimeTick
                0x080022d4       0xb0 ..\obj\os_core.o
                0x080022d4                OSTimeTick
 .text.OSVersion
                0x08002384        0x8 ..\obj\os_core.o
                0x08002384                OSVersion
 .text.OS_Dummy
                0x0800238c        0x4 ..\obj\os_core.o
                0x0800238c                OS_Dummy
 .text.OS_EventTaskRdy
                0x08002390       0xcc ..\obj\os_core.o
                0x08002390                OS_EventTaskRdy
 .text.OS_EventTaskWait
                0x0800245c       0x54 ..\obj\os_core.o
                0x0800245c                OS_EventTaskWait
 .text.OS_EventTaskRemove
                0x080024b0       0x28 ..\obj\os_core.o
                0x080024b0                OS_EventTaskRemove
 .text.OS_EventTaskRemoveMulti
                0x080024d8       0x34 ..\obj\os_core.o
                0x080024d8                OS_EventTaskRemoveMulti
 .text.OS_EventWaitListInit
                0x0800250c       0x10 ..\obj\os_core.o
                0x0800250c                OS_EventWaitListInit
 .text.OS_MemClr
                0x0800251c       0x10 ..\obj\os_core.o
                0x0800251c                OS_MemClr
 .text.OS_Sched
                0x0800252c       0x88 ..\obj\os_core.o
                0x0800252c                OS_Sched
 .text.OS_TCBInit
                0x080025b4      0x10c ..\obj\os_core.o
                0x080025b4                OS_TCBInit
 .text.LED_init
                0x080026c0       0xac ..\obj\leds.o
                0x080026c0                LED_init
 .text.LED_put  0x0800276c       0x5c ..\obj\leds.o
                0x0800276c                LED_put
 .text.InitializeTimer
                0x080027c8       0x4c ..\obj\interrupt.o
                0x080027c8                InitializeTimer
 .text.TIM2_IRQHandler
                0x08002814       0x6c ..\obj\interrupt.o
                0x08002814                TIM2_IRQHandler
 .text.InterruptTask
                0x08002880       0x7c ..\obj\interrupt.o
                0x08002880                InterruptTask
 .text.OS_MemInit
                0x080028fc       0x48 ..\obj\os_mem.o
                0x080028fc                OS_MemInit
 .text.GPIO_Init
                0x08002944       0xa4 ..\obj\stm32f4xx_gpio.o
                0x08002944                GPIO_Init
 .text.GPIO_ReadInputDataBit
                0x080029e8        0xc ..\obj\stm32f4xx_gpio.o
                0x080029e8                GPIO_ReadInputDataBit
 .text.GPIO_SetBits
                0x080029f4        0x4 ..\obj\stm32f4xx_gpio.o
                0x080029f4                GPIO_SetBits
 .text.GPIO_ResetBits
                0x080029f8        0x4 ..\obj\stm32f4xx_gpio.o
                0x080029f8                GPIO_ResetBits
 .text.GPIO_PinAFConfig
                0x080029fc       0x28 ..\obj\stm32f4xx_gpio.o
                0x080029fc                GPIO_PinAFConfig
 .text.SystemInit
                0x08002a24       0xf4 ..\obj\system_stm32f4xx.o
                0x08002a24                SystemInit
 .text.OSQAccept
                0x08002b18       0x50 ..\obj\os_q.o
                0x08002b18                OSQAccept
 .text.OSQCreate
                0x08002b68       0x98 ..\obj\os_q.o
                0x08002b68                OSQCreate
 .text.OSQPost  0x08002c00       0x68 ..\obj\os_q.o
                0x08002c00                OSQPost
 .text.OSQQuery
                0x08002c68       0x84 ..\obj\os_q.o
                0x08002c68                OSQQuery
 .text.OS_QInit
                0x08002cec       0x30 ..\obj\os_q.o
                0x08002cec                OS_QInit
 .text.OSTaskDel.part.0
                0x08002d1c      0x144 ..\obj\os_task.o
 .text.OSTaskCreate
                0x08002e60       0x94 ..\obj\os_task.o
                0x08002e60                OSTaskCreate
 .text.OSTaskCreateExt
                0x08002ef4       0xbc ..\obj\os_task.o
                0x08002ef4                OSTaskCreateExt
 .text.OSTaskDel
                0x08002fb0       0x1c ..\obj\os_task.o
                0x08002fb0                OSTaskDel
 .text.OSTaskNameSet
                0x08002fcc       0x54 ..\obj\os_task.o
                0x08002fcc                OSTaskNameSet
 .text.OSTaskStkChk
                0x08003020       0x78 ..\obj\os_task.o
                0x08003020                OSTaskStkChk
 .text.OS_TaskReturn
                0x08003098       0x24 ..\obj\os_task.o
                0x08003098                OS_TaskReturn
 .text.QueuePostTask
                0x080030bc       0xfc ..\obj\queue.o
                0x080030bc                QueuePostTask
 .text.QueuePendTask
                0x080031b8       0xa4 ..\obj\queue.o
                0x080031b8                QueuePendTask
 .text.FlagPostTask
                0x0800325c       0x6c ..\obj\flag.o
                0x0800325c                FlagPostTask
 .text.FlagPendTask
                0x080032c8       0x68 ..\obj\flag.o
                0x080032c8                FlagPendTask
 .text.OSMutexCreate
                0x08003330       0x94 ..\obj\os_mutex.o
                0x08003330                OSMutexCreate
 .text.LCD_init
                0x080033c4      0x664 ..\obj\lcd.o
                0x080033c4                LCD_init
 .text.LCD_put  0x08003a28      0x194 ..\obj\lcd.o
                0x08003a28                LCD_put
 .text.LCD_puts
                0x08003bbc      0x278 ..\obj\lcd.o
                0x08003bbc                LCD_puts
 .text.LCD_putint
                0x08003e34      0x31c ..\obj\lcd.o
                0x08003e34                LCD_putint
 .text.NVIC_Init
                0x08004150       0x70 ..\obj\misc.o
                0x08004150                NVIC_Init
 .text.OSMboxCreate
                0x080041c0       0x4c ..\obj\os_mbox.o
                0x080041c0                OSMboxCreate
 .text.OSMboxPend
                0x0800420c       0xd0 ..\obj\os_mbox.o
                0x0800420c                OSMboxPend
 .text.OSMboxPost
                0x080042dc       0x4c ..\obj\os_mbox.o
                0x080042dc                OSMboxPost
 .text.TIM_TimeBaseInit
                0x08004328       0x98 ..\obj\stm32f4xx_tim.o
                0x08004328                TIM_TimeBaseInit
 .text.TIM_Cmd  0x080043c0       0x1c ..\obj\stm32f4xx_tim.o
                0x080043c0                TIM_Cmd
 .text.TIM_ITConfig
                0x080043dc       0x14 ..\obj\stm32f4xx_tim.o
                0x080043dc                TIM_ITConfig
 .text.TIM_GetITStatus
                0x080043f0       0x18 ..\obj\stm32f4xx_tim.o
                0x080043f0                TIM_GetITStatus
 .text.TIM_ClearITPendingBit
                0x08004408        0x8 ..\obj\stm32f4xx_tim.o
                0x08004408                TIM_ClearITPendingBit
 .text          0x08004410      0x370 c:/program files (x86)/gnu tools arm embedded/5.4 2016q2/bin/../lib/gcc/arm-none-eabi/5.4.1/armv7e-m\libgcc.a(_arm_addsubdf3.o)
                0x08004410                __aeabi_drsub
                0x08004418                __aeabi_dsub
                0x08004418                __subdf3
                0x0800441c                __aeabi_dadd
                0x0800441c                __adddf3
                0x08004694                __floatunsidf
                0x08004694                __aeabi_ui2d
                0x080046b4                __floatsidf
                0x080046b4                __aeabi_i2d
                0x080046d8                __aeabi_f2d
                0x080046d8                __extendsfdf2
                0x08004714                __floatundidf
                0x08004714                __aeabi_ul2d
                0x08004724                __floatdidf
                0x08004724                __aeabi_l2d
 .text          0x08004780      0x424 c:/program files (x86)/gnu tools arm embedded/5.4 2016q2/bin/../lib/gcc/arm-none-eabi/5.4.1/armv7e-m\libgcc.a(_arm_muldivdf3.o)
                0x08004780                __aeabi_dmul
                0x08004780                __muldf3
                0x080049d4                __divdf3
                0x080049d4                __aeabi_ddiv
 .text          0x08004ba4       0x40 c:/program files (x86)/gnu tools arm embedded/5.4 2016q2/bin/../lib/gcc/arm-none-eabi/5.4.1/armv7e-m\libgcc.a(_arm_fixunsdfsi.o)
                0x08004ba4                __aeabi_d2uiz
                0x08004ba4                __fixunsdfsi
 .text          0x08004be4      0x134 c:/program files (x86)/gnu tools arm embedded/5.4 2016q2/bin/../lib/gcc/arm-none-eabi/5.4.1/../../../../arm-none-eabi/lib/armv7e-m\libg.a(lib_a-memcpy.o)
                0x08004be4                memcpy
 .text.memset   0x08004d18       0x9c c:/program files (x86)/gnu tools arm embedded/5.4 2016q2/bin/../lib/gcc/arm-none-eabi/5.4.1/../../../../arm-none-eabi/lib/armv7e-m\libg.a(lib_a-memset.o)
                0x08004d18                memset
 *(.init)
 *(.fini)
 *crtbegin.o(.ctors)
 *crtbegin?.o(.ctors)
 *(EXCLUDE_FILE(*crtend.o *crtend?.o) .ctors)
 *(SORT(.ctors.*))
 *(.ctors)
 *crtbegin.o(.dtors)
 *crtbegin?.o(.dtors)
 *(EXCLUDE_FILE(*crtend.o *crtend?.o) .dtors)
 *(SORT(.dtors.*))
 *(.dtors)
 *(.rodata*)
 .rodata.str1.4
                0x08004db4       0x28 ..\obj\RN2483A.o
 .rodata.str1.4
                0x08004ddc        0x2 ..\obj\os_flag.o
 *fill*         0x08004dde        0x2 
 .rodata        0x08004de0       0x10 ..\obj\uart.o
 .rodata.str1.4
                0x08004df0       0x31 ..\obj\taskcreate.o
 *fill*         0x08004e21        0x3 
 .rodata        0x08004e24        0x5 ..\obj\main.o
 *fill*         0x08004e29        0x3 
 .rodata.str1.4
                0x08004e2c      0x37f ..\obj\main.o
                                0x387 (size before relaxing)
 *fill*         0x080051ab        0x1 
 .rodata        0x080051ac       0x1d ..\obj\mailbox.o
 *fill*         0x080051c9        0x3 
 .rodata.str1.4
                0x080051cc       0xfd ..\obj\mailbox.o
                                0x101 (size before relaxing)
 *fill*         0x080052c9        0x3 
 .rodata        0x080052cc      0x100 ..\obj\os_core.o
                0x080052cc                OSUnMapTbl
 .rodata.str1.4
                0x080053cc        0xe ..\obj\os_core.o
                                 0x12 (size before relaxing)
 *fill*         0x080053da        0x2 
 .rodata        0x080053dc        0xe ..\obj\interrupt.o
 *fill*         0x080053ea        0x2 
 .rodata.str1.4
                0x080053ec       0x3b ..\obj\interrupt.o
                                 0x4b (size before relaxing)
 .rodata.str1.4
                0x08005427        0x2 ..\obj\os_mem.o
 .rodata.str1.4
                0x08005427        0x2 ..\obj\os_q.o
 .rodata.str1.4
                0x08005427        0x2 ..\obj\os_task.o
 *fill*         0x08005427        0x1 
 .rodata        0x08005428       0x1e ..\obj\queue.o
 *fill*         0x08005446        0x2 
 .rodata.str1.4
                0x08005448       0x91 ..\obj\queue.o
                                 0xa1 (size before relaxing)
 *fill*         0x080054d9        0x3 
 .rodata        0x080054dc       0x1d ..\obj\flag.o
 *fill*         0x080054f9        0x3 
 .rodata.str1.4
                0x080054fc       0x64 ..\obj\flag.o
                                 0x73 (size before relaxing)
 .rodata.str1.4
                0x08005560        0x2 ..\obj\os_mutex.o
 .rodata        0x08005560        0xa ..\obj\lcd.o
 .rodata.str1.4
                0x0800556a        0x2 ..\obj\os_mbox.o
 *(.eh_fram e*)

.glue_7         0x0800556c        0x0
 .glue_7        0x0800556c        0x0 linker stubs

.glue_7t        0x0800556c        0x0
 .glue_7t       0x0800556c        0x0 linker stubs

.vfp11_veneer   0x0800556c        0x0
 .vfp11_veneer  0x0800556c        0x0 linker stubs

.v4_bx          0x0800556c        0x0
 .v4_bx         0x0800556c        0x0 linker stubs

.iplt           0x0800556c        0x0
 .iplt          0x0800556c        0x0 ..\obj\delay.o

.rel.dyn        0x0800556c        0x0
 .rel.iplt      0x0800556c        0x0 ..\obj\delay.o

.ARM.extab
 *(.ARM.extab* .gnu.linkonce.armextab.*)
                0x0800556c                __exidx_start = .

.ARM.exidx
 *(.ARM.exidx* .gnu.linkonce.armexidx.*)
                0x0800556c                __exidx_end = .
                0x0800556c                __etext = .
                0x0800556a                _sidata = __etext

.data           0x20000000       0xcc load address 0x0800556a
                0x20000000                __data_start__ = .
                0x20000000                _sdata = __data_start__
 *(vtable)
 *(.data*)
 .data          0x20000000       0xa0 ..\obj\taskcreate.o
                0x20000000                tasks
 .data          0x200000a0        0x8 ..\obj\main.o
                0x200000a0                version
                0x200000a4                Uart_debug_out
 .data          0x200000a8       0x10 ..\obj\stm32f4xx_rcc.o
 .data          0x200000b8       0x14 ..\obj\system_stm32f4xx.o
                0x200000b8                AHBPrescTable
                0x200000c8                SystemCoreClock
                0x200000cc                . = ALIGN (0x4)
                [!provide]                PROVIDE (__preinit_array_start, .)
 *(.preinit_array)
                [!provide]                PROVIDE (__preinit_array_end, .)
                0x200000cc                . = ALIGN (0x4)
                [!provide]                PROVIDE (__init_array_start, .)
 *(SORT(.init_array.*))
 *(.init_array)
                [!provide]                PROVIDE (__init_array_end, .)
                0x200000cc                . = ALIGN (0x4)
                [!provide]                PROVIDE (__fini_array_start, .)
 *(SORT(.fini_array.*))
 *(.fini_array)
                [!provide]                PROVIDE (__fini_array_end, .)
 *(.jcr*)
                0x200000cc                . = ALIGN (0x4)
                0x200000cc                __data_end__ = .
                0x200000cc                _edata = __data_end__

.igot.plt       0x200000cc        0x0 load address 0x08005638
 .igot.plt      0x200000cc        0x0 ..\obj\delay.o

.bss            0x200000cc     0x2d8c load address 0x08005638
                0x200000cc                . = ALIGN (0x4)
                0x200000cc                __bss_start__ = .
                0x200000cc                _sbss = __bss_start__
 *(.bss*)
 .bss           0x200000cc      0x258 ..\obj\RN2483A.o
 .bss           0x20000324        0x4 ..\obj\uart.o
                0x20000324                charcounter
 .bss           0x20000328        0x1 ..\obj\interrupt.o
 .bss           0x20000329        0x1 ..\obj\lcd.o
                0x20000329                curpos
 *(COMMON)
 *fill*         0x2000032a        0x2 
 COMMON         0x2000032c       0x10 ..\obj\delay.o
                0x2000032c                G_CLK
                0x20000330                D_S
                0x20000334                D_uS
                0x20000338                D_mS
 COMMON         0x2000033c      0x208 ..\obj\os_cpu_c.o
                0x2000033c                OS_CPU_ExceptStkBase
                0x20000340                OS_CPU_ExceptStk
                0x20000540                SP_HighReady
 COMMON         0x20000544       0x64 ..\obj\uart.o
                0x20000544                string
 COMMON         0x200005a8     0x12c0 ..\obj\taskcreate.o
                0x200005a8                MboxPostTask_Stk
                0x20000738                MutexTask2_Stk
                0x200008c8                MboxPendTask_Stk
                0x20000a58                MijnTask1_Stk
                0x20000be8                MutexTask1_Stk
                0x20000d78                MutexTask4_Stk
                0x20000f08                MutexTask3_Stk
                0x20001098                FlagPostTask_Stk
                0x20001228                QueuePostTask_Stk
                0x200013b8                InterruptTask_Stk
                0x20001548                FlagPendTask_Stk
                0x200016d8                QueuePendTask_Stk
 COMMON         0x20001868      0x2c0 ..\obj\main.o
                0x20001868                MutexHandle
                0x2000186c                os_queue
                0x20001894                data_queue
                0x20001984                QueueHandle
                0x20001988                MboxHandle
                0x2000198c                InitTaskStk
                0x20001b1c                FlagHandle
                0x20001b20                StudentstuffHandle
                0x20001b24                FlagIntHandle
 COMMON         0x20001b28     0x1330 ..\obj\ucos_ii.o
                0x20001b28                OSLockNesting
                0x20001b29                OSTaskRegNextAvailID
                0x20001b2a                OSRunning
                0x20001b2c                OSIdleCtr
                0x20001b30                OSPrioHighRdy
                0x20001b34                OSFlagTbl
                0x20001b84                OSPrioCur
                0x20001b88                OSTCBList
                0x20001b8c                OSMemTbl
                0x20001c04                OSTickStepState
                0x20001c08                OSCtxSwCtr
                0x20001c0c                OSTCBFreeList
                0x20001c10                OSTaskCtr
                0x20001c14                OSMemFreeList
                0x20001c18                OSQTbl
                0x20001c78                OSTCBHighRdy
                0x20001c7c                OSQFreeList
                0x20001c80                OSRdyGrp
                0x20001c84                OSRdyTbl
                0x20001c8c                OSEventFreeList
                0x20001c90                OSIntNesting
                0x20001c94                OSTCBCur
                0x20001c98                OSTime
                0x20001c9c                OSTaskIdleStk
                0x20001e9c                OSEventTbl
                0x2000261c                OSTCBTbl
                0x20002d54                OSFlagFreeList
                0x20002d58                OSTCBPrioTbl
                0x20002e58                . = ALIGN (0x4)
                0x20002e58                __bss_end__ = .
                0x20002e58                _ebss = __bss_end__

.heap           0x20002e58        0x0
                0x20002e58                __end__ = .
                0x20002e58                _end = __end__
                0x20002e58                end = __end__
 *(.heap*)
                0x20002e58                __HeapLimit = .

.co_stack       0x20002e58      0x800 load address 0x080083c4
                0x20002e58                . = ALIGN (0x8)
 *(.co_stack .co_stack.*)
 .co_stack      0x20002e58      0x800 ..\obj\startup_stm32f4xx.o
                0x20002e58                pulStack
                0x20020000                __StackTop = (ORIGIN (ram) + LENGTH (ram))
                0x2001f800                __StackLimit = (__StackTop - SIZEOF (.co_stack))
                [!provide]                PROVIDE (__stack, __StackTop)
                0x00000001                ASSERT ((__StackLimit >= __HeapLimit), region ram  overflowed with stack)
LOAD ..\obj\delay.o
LOAD ..\obj\os_time.o
LOAD ..\obj\os_cpu_a.o
LOAD ..\obj\keys.o
LOAD ..\obj\buzzer.o
LOAD ..\obj\RN2483A.o
LOAD ..\obj\os_cpu_c.o
LOAD ..\obj\stm32f4xx_usart.o
LOAD ..\obj\os_flag.o
LOAD ..\obj\uart.o
LOAD ..\obj\startup_stm32f4xx.o
LOAD ..\obj\taskcreate.o
LOAD ..\obj\studentstuff.o
LOAD ..\obj\main.o
LOAD ..\obj\stm32f4xx_rcc.o
LOAD ..\obj\printf.o
LOAD ..\obj\os_sem.o
LOAD ..\obj\mailbox.o
LOAD ..\obj\os_core.o
LOAD ..\obj\leds.o
LOAD ..\obj\interrupt.o
LOAD ..\obj\os_mem.o
LOAD ..\obj\stm32f4xx_gpio.o
LOAD ..\obj\system_stm32f4xx.o
LOAD ..\obj\syscalls.o
LOAD ..\obj\os_q.o
LOAD ..\obj\os_task.o
LOAD ..\obj\queue.o
LOAD ..\obj\mutex.o
LOAD ..\obj\flag.o
LOAD ..\obj\os_mutex.o
LOAD ..\obj\lcd.o
LOAD ..\obj\misc.o
LOAD ..\obj\ucos_ii.o
LOAD ..\obj\os_mbox.o
LOAD ..\obj\stm32f4xx_tim.o
START GROUP
LOAD c:/program files (x86)/gnu tools arm embedded/5.4 2016q2/bin/../lib/gcc/arm-none-eabi/5.4.1/armv7e-m\libgcc.a
LOAD c:/program files (x86)/gnu tools arm embedded/5.4 2016q2/bin/../lib/gcc/arm-none-eabi/5.4.1/../../../../arm-none-eabi/lib/armv7e-m\libg.a
LOAD c:/program files (x86)/gnu tools arm embedded/5.4 2016q2/bin/../lib/gcc/arm-none-eabi/5.4.1/../../../../arm-none-eabi/lib/armv7e-m\libc.a
END GROUP
OUTPUT(output.elf elf32-littlearm)

.debug_info     0x00000000    0x16f7a
 .debug_info    0x00000000      0x226 ..\obj\delay.o
 .debug_info    0x00000226      0x6bd ..\obj\os_time.o
 .debug_info    0x000008e3      0x12c ..\obj\os_cpu_a.o
 .debug_info    0x00000a0f      0x7ed ..\obj\keys.o
 .debug_info    0x000011fc      0x525 ..\obj\buzzer.o
 .debug_info    0x00001721      0x52d ..\obj\RN2483A.o
 .debug_info    0x00001c4e      0x5f2 ..\obj\os_cpu_c.o
 .debug_info    0x00002240      0xb2d ..\obj\stm32f4xx_usart.o
 .debug_info    0x00002d6d      0xf8a ..\obj\os_flag.o
 .debug_info    0x00003cf7     0x113f ..\obj\uart.o
 .debug_info    0x00004e36      0x1d8 ..\obj\startup_stm32f4xx.o
 .debug_info    0x0000500e      0x52f ..\obj\taskcreate.o
 .debug_info    0x0000553d      0xab6 ..\obj\main.o
 .debug_info    0x00005ff3      0xd0d ..\obj\stm32f4xx_rcc.o
 .debug_info    0x00006d00     0x2086 ..\obj\printf.o
 .debug_info    0x00008d86      0x450 ..\obj\mailbox.o
 .debug_info    0x000091d6     0x15a8 ..\obj\os_core.o
 .debug_info    0x0000a77e      0x57a ..\obj\leds.o
 .debug_info    0x0000acf8      0x9bd ..\obj\interrupt.o
 .debug_info    0x0000b6b5      0x566 ..\obj\os_mem.o
 .debug_info    0x0000bc1b      0x7db ..\obj\stm32f4xx_gpio.o
 .debug_info    0x0000c3f6      0x5e6 ..\obj\system_stm32f4xx.o
 .debug_info    0x0000c9dc      0xd26 ..\obj\os_q.o
 .debug_info    0x0000d702     0x11b6 ..\obj\os_task.o
 .debug_info    0x0000e8b8      0x7a4 ..\obj\queue.o
 .debug_info    0x0000f05c      0x3c9 ..\obj\flag.o
 .debug_info    0x0000f425      0xa8e ..\obj\os_mutex.o
 .debug_info    0x0000feb3     0x354b ..\obj\lcd.o
 .debug_info    0x000133fe      0x55c ..\obj\misc.o
 .debug_info    0x0001395a      0x762 ..\obj\ucos_ii.o
 .debug_info    0x000140bc      0xa20 ..\obj\os_mbox.o
 .debug_info    0x00014adc     0x249e ..\obj\stm32f4xx_tim.o

.debug_abbrev   0x00000000     0x3f93
 .debug_abbrev  0x00000000      0x116 ..\obj\delay.o
 .debug_abbrev  0x00000116      0x1df ..\obj\os_time.o
 .debug_abbrev  0x000002f5       0x14 ..\obj\os_cpu_a.o
 .debug_abbrev  0x00000309      0x1c5 ..\obj\keys.o
 .debug_abbrev  0x000004ce      0x1e2 ..\obj\buzzer.o
 .debug_abbrev  0x000006b0      0x1e9 ..\obj\RN2483A.o
 .debug_abbrev  0x00000899      0x21d ..\obj\os_cpu_c.o
 .debug_abbrev  0x00000ab6      0x1d7 ..\obj\stm32f4xx_usart.o
 .debug_abbrev  0x00000c8d      0x29a ..\obj\os_flag.o
 .debug_abbrev  0x00000f27      0x399 ..\obj\uart.o
 .debug_abbrev  0x000012c0      0x140 ..\obj\startup_stm32f4xx.o
 .debug_abbrev  0x00001400      0x1df ..\obj\taskcreate.o
 .debug_abbrev  0x000015df      0x267 ..\obj\main.o
 .debug_abbrev  0x00001846      0x297 ..\obj\stm32f4xx_rcc.o
 .debug_abbrev  0x00001add      0x3a8 ..\obj\printf.o
 .debug_abbrev  0x00001e85      0x16b ..\obj\mailbox.o
 .debug_abbrev  0x00001ff0      0x39b ..\obj\os_core.o
 .debug_abbrev  0x0000238b      0x1be ..\obj\leds.o
 .debug_abbrev  0x00002549      0x238 ..\obj\interrupt.o
 .debug_abbrev  0x00002781      0x1a8 ..\obj\os_mem.o
 .debug_abbrev  0x00002929      0x1f3 ..\obj\stm32f4xx_gpio.o
 .debug_abbrev  0x00002b1c      0x15f ..\obj\system_stm32f4xx.o
 .debug_abbrev  0x00002c7b      0x1c4 ..\obj\os_q.o
 .debug_abbrev  0x00002e3f      0x2a0 ..\obj\os_task.o
 .debug_abbrev  0x000030df      0x230 ..\obj\queue.o
 .debug_abbrev  0x0000330f      0x16b ..\obj\flag.o
 .debug_abbrev  0x0000347a      0x20b ..\obj\os_mutex.o
 .debug_abbrev  0x00003685      0x2fb ..\obj\lcd.o
 .debug_abbrev  0x00003980      0x156 ..\obj\misc.o
 .debug_abbrev  0x00003ad6       0xa9 ..\obj\ucos_ii.o
 .debug_abbrev  0x00003b7f      0x18e ..\obj\os_mbox.o
 .debug_abbrev  0x00003d0d      0x286 ..\obj\stm32f4xx_tim.o

.debug_aranges  0x00000000      0xe48
 .debug_aranges
                0x00000000       0x38 ..\obj\delay.o
 .debug_aranges
                0x00000038       0x40 ..\obj\os_time.o
 .debug_aranges
                0x00000078       0x20 ..\obj\os_cpu_a.o
 .debug_aranges
                0x00000098       0x30 ..\obj\keys.o
 .debug_aranges
                0x000000c8       0x38 ..\obj\buzzer.o
 .debug_aranges
                0x00000100       0x40 ..\obj\RN2483A.o
 .debug_aranges
                0x00000140       0x50 ..\obj\os_cpu_c.o
 .debug_aranges
                0x00000190      0x100 ..\obj\stm32f4xx_usart.o
 .debug_aranges
                0x00000290       0x70 ..\obj\os_flag.o
 .debug_aranges
                0x00000300       0x90 ..\obj\uart.o
 .debug_aranges
                0x00000390       0x28 ..\obj\startup_stm32f4xx.o
 .debug_aranges
                0x000003b8       0x30 ..\obj\taskcreate.o
 .debug_aranges
                0x000003e8       0x38 ..\obj\main.o
 .debug_aranges
                0x00000420      0x178 ..\obj\stm32f4xx_rcc.o
 .debug_aranges
                0x00000598       0xa0 ..\obj\printf.o
 .debug_aranges
                0x00000638       0x28 ..\obj\mailbox.o
 .debug_aranges
                0x00000660       0xe0 ..\obj\os_core.o
 .debug_aranges
                0x00000740       0x28 ..\obj\leds.o
 .debug_aranges
                0x00000768       0x38 ..\obj\interrupt.o
 .debug_aranges
                0x000007a0       0x50 ..\obj\os_mem.o
 .debug_aranges
                0x000007f0       0x88 ..\obj\stm32f4xx_gpio.o
 .debug_aranges
                0x00000878       0x28 ..\obj\system_stm32f4xx.o
 .debug_aranges
                0x000008a0       0x70 ..\obj\os_q.o
 .debug_aranges
                0x00000910       0xa0 ..\obj\os_task.o
 .debug_aranges
                0x000009b0       0x30 ..\obj\queue.o
 .debug_aranges
                0x000009e0       0x28 ..\obj\flag.o
 .debug_aranges
                0x00000a08       0x48 ..\obj\os_mutex.o
 .debug_aranges
                0x00000a50       0x80 ..\obj\lcd.o
 .debug_aranges
                0x00000ad0       0x40 ..\obj\misc.o
 .debug_aranges
                0x00000b10       0x18 ..\obj\ucos_ii.o
 .debug_aranges
                0x00000b28       0x58 ..\obj\os_mbox.o
 .debug_aranges
                0x00000b80      0x2c8 ..\obj\stm32f4xx_tim.o

.debug_ranges   0x00000000     0x1960
 .debug_ranges  0x00000000       0x28 ..\obj\delay.o
 .debug_ranges  0x00000028       0x48 ..\obj\os_time.o
 .debug_ranges  0x00000070       0xa0 ..\obj\keys.o
 .debug_ranges  0x00000110       0x40 ..\obj\buzzer.o
 .debug_ranges  0x00000150       0x30 ..\obj\RN2483A.o
 .debug_ranges  0x00000180       0x40 ..\obj\os_cpu_c.o
 .debug_ranges  0x000001c0       0xf0 ..\obj\stm32f4xx_usart.o
 .debug_ranges  0x000002b0      0x110 ..\obj\os_flag.o
 .debug_ranges  0x000003c0       0xd8 ..\obj\uart.o
 .debug_ranges  0x00000498       0x18 ..\obj\startup_stm32f4xx.o
 .debug_ranges  0x000004b0       0x20 ..\obj\taskcreate.o
 .debug_ranges  0x000004d0       0x28 ..\obj\main.o
 .debug_ranges  0x000004f8      0x188 ..\obj\stm32f4xx_rcc.o
 .debug_ranges  0x00000680      0x618 ..\obj\printf.o
 .debug_ranges  0x00000c98       0x18 ..\obj\mailbox.o
 .debug_ranges  0x00000cb0      0x268 ..\obj\os_core.o
 .debug_ranges  0x00000f18       0x18 ..\obj\leds.o
 .debug_ranges  0x00000f30       0x40 ..\obj\interrupt.o
 .debug_ranges  0x00000f70       0x40 ..\obj\os_mem.o
 .debug_ranges  0x00000fb0       0x78 ..\obj\stm32f4xx_gpio.o
 .debug_ranges  0x00001028       0x30 ..\obj\system_stm32f4xx.o
 .debug_ranges  0x00001058       0x60 ..\obj\os_q.o
 .debug_ranges  0x000010b8       0xc0 ..\obj\os_task.o
 .debug_ranges  0x00001178       0x20 ..\obj\queue.o
 .debug_ranges  0x00001198       0x18 ..\obj\flag.o
 .debug_ranges  0x000011b0       0x68 ..\obj\os_mutex.o
 .debug_ranges  0x00001218      0x370 ..\obj\lcd.o
 .debug_ranges  0x00001588       0x30 ..\obj\misc.o
 .debug_ranges  0x000015b8       0x48 ..\obj\os_mbox.o
 .debug_ranges  0x00001600      0x360 ..\obj\stm32f4xx_tim.o

.debug_line     0x00000000     0x9438
 .debug_line    0x00000000      0x2b9 ..\obj\delay.o
 .debug_line    0x000002b9      0x32c ..\obj\os_time.o
 .debug_line    0x000005e5       0xdc ..\obj\os_cpu_a.o
 .debug_line    0x000006c1      0x388 ..\obj\keys.o
 .debug_line    0x00000a49      0x35d ..\obj\buzzer.o
 .debug_line    0x00000da6      0x349 ..\obj\RN2483A.o
 .debug_line    0x000010ef      0x32f ..\obj\os_cpu_c.o
 .debug_line    0x0000141e      0x606 ..\obj\stm32f4xx_usart.o
 .debug_line    0x00001a24      0x5d0 ..\obj\os_flag.o
 .debug_line    0x00001ff4      0x666 ..\obj\uart.o
 .debug_line    0x0000265a      0x28b ..\obj\startup_stm32f4xx.o
 .debug_line    0x000028e5      0x3c8 ..\obj\taskcreate.o
 .debug_line    0x00002cad      0x558 ..\obj\main.o
 .debug_line    0x00003205      0x681 ..\obj\stm32f4xx_rcc.o
 .debug_line    0x00003886      0x68e ..\obj\printf.o
 .debug_line    0x00003f14      0x3a5 ..\obj\mailbox.o
 .debug_line    0x000042b9      0x81e ..\obj\os_core.o
 .debug_line    0x00004ad7      0x341 ..\obj\leds.o
 .debug_line    0x00004e18      0x4e0 ..\obj\interrupt.o
 .debug_line    0x000052f8      0x374 ..\obj\os_mem.o
 .debug_line    0x0000566c      0x485 ..\obj\stm32f4xx_gpio.o
 .debug_line    0x00005af1      0x25c ..\obj\system_stm32f4xx.o
 .debug_line    0x00005d4d      0x4d9 ..\obj\os_q.o
 .debug_line    0x00006226      0x5c9 ..\obj\os_task.o
 .debug_line    0x000067ef      0x40a ..\obj\queue.o
 .debug_line    0x00006bf9      0x392 ..\obj\flag.o
 .debug_line    0x00006f8b      0x4f9 ..\obj\os_mutex.o
 .debug_line    0x00007484      0x90d ..\obj\lcd.o
 .debug_line    0x00007d91      0x342 ..\obj\misc.o
 .debug_line    0x000080d3      0x267 ..\obj\ucos_ii.o
 .debug_line    0x0000833a      0x414 ..\obj\os_mbox.o
 .debug_line    0x0000874e      0xcea ..\obj\stm32f4xx_tim.o

.debug_str      0x00000000     0x4932
 .debug_str     0x00000000      0x292 ..\obj\delay.o
                                0x2ea (size before relaxing)
 .debug_str     0x00000292      0x3cd ..\obj\os_time.o
                                0x598 (size before relaxing)
 .debug_str     0x0000065f      0x29c ..\obj\keys.o
                                0x487 (size before relaxing)
 .debug_str     0x000008fb       0xac ..\obj\buzzer.o
                                0x48a (size before relaxing)
 .debug_str     0x000009a7       0xca ..\obj\RN2483A.o
                                0x488 (size before relaxing)
 .debug_str     0x00000a71      0x165 ..\obj\os_cpu_c.o
                                0x5e5 (size before relaxing)
 .debug_str     0x00000bd6      0x50a ..\obj\stm32f4xx_usart.o
                                0x704 (size before relaxing)
 .debug_str     0x000010e0      0x24a ..\obj\os_flag.o
                                0x6fd (size before relaxing)
 .debug_str     0x0000132a      0x73a ..\obj\uart.o
                                0xc82 (size before relaxing)
 .debug_str     0x00001a64       0xf1 ..\obj\startup_stm32f4xx.o
                                0x2cb (size before relaxing)
 .debug_str     0x00001b55      0x2d4 ..\obj\taskcreate.o
                                0x4e3 (size before relaxing)
 .debug_str     0x00001e29      0x1bc ..\obj\main.o
                                0x684 (size before relaxing)
 .debug_str     0x00001fe5      0x5aa ..\obj\stm32f4xx_rcc.o
                                0x885 (size before relaxing)
 .debug_str     0x0000258f      0x4b1 ..\obj\printf.o
                                0x700 (size before relaxing)
 .debug_str     0x00002a40       0x97 ..\obj\mailbox.o
                                0x335 (size before relaxing)
 .debug_str     0x00002ad7      0x413 ..\obj\os_core.o
                                0x9db (size before relaxing)
 .debug_str     0x00002eea       0x7b ..\obj\leds.o
                                0x448 (size before relaxing)
 .debug_str     0x00002f65      0x21c ..\obj\interrupt.o
                                0xae6 (size before relaxing)
 .debug_str     0x00003181      0x19c ..\obj\os_mem.o
                                0x3e7 (size before relaxing)
 .debug_str     0x0000331d      0x179 ..\obj\stm32f4xx_gpio.o
                                0x4ef (size before relaxing)
 .debug_str     0x00003496      0x132 ..\obj\system_stm32f4xx.o
                                0x3df (size before relaxing)
 .debug_str     0x000035c8      0x137 ..\obj\os_q.o
                                0x6bf (size before relaxing)
 .debug_str     0x000036ff      0x198 ..\obj\os_task.o
                                0x7d8 (size before relaxing)
 .debug_str     0x00003897       0x93 ..\obj\queue.o
                                0x37c (size before relaxing)
 .debug_str     0x0000392a       0x89 ..\obj\flag.o
                                0x32b (size before relaxing)
 .debug_str     0x000039b3      0x125 ..\obj\os_mutex.o
                                0x694 (size before relaxing)
 .debug_str     0x00003ad8       0xfa ..\obj\lcd.o
                                0x536 (size before relaxing)
 .debug_str     0x00003bd2      0x18c ..\obj\misc.o
                                0x403 (size before relaxing)
 .debug_str     0x00003d5e       0x86 ..\obj\ucos_ii.o
                                0x6c7 (size before relaxing)
 .debug_str     0x00003de4       0xed ..\obj\os_mbox.o
                                0x64b (size before relaxing)
 .debug_str     0x00003ed1      0xa61 ..\obj\stm32f4xx_tim.o
                                0xe18 (size before relaxing)

.comment        0x00000000       0x6e
 .comment       0x00000000       0x6e ..\obj\delay.o
                                 0x6f (size before relaxing)
 .comment       0x0000006e       0x6f ..\obj\os_time.o
 .comment       0x0000006e       0x6f ..\obj\keys.o
 .comment       0x0000006e       0x6f ..\obj\buzzer.o
 .comment       0x0000006e       0x6f ..\obj\RN2483A.o
 .comment       0x0000006e       0x6f ..\obj\os_cpu_c.o
 .comment       0x0000006e       0x6f ..\obj\stm32f4xx_usart.o
 .comment       0x0000006e       0x6f ..\obj\os_flag.o
 .comment       0x0000006e       0x6f ..\obj\uart.o
 .comment       0x0000006e       0x6f ..\obj\startup_stm32f4xx.o
 .comment       0x0000006e       0x6f ..\obj\taskcreate.o
 .comment       0x0000006e       0x6f ..\obj\main.o
 .comment       0x0000006e       0x6f ..\obj\stm32f4xx_rcc.o
 .comment       0x0000006e       0x6f ..\obj\printf.o
 .comment       0x0000006e       0x6f ..\obj\mailbox.o
 .comment       0x0000006e       0x6f ..\obj\os_core.o
 .comment       0x0000006e       0x6f ..\obj\leds.o
 .comment       0x0000006e       0x6f ..\obj\interrupt.o
 .comment       0x0000006e       0x6f ..\obj\os_mem.o
 .comment       0x0000006e       0x6f ..\obj\stm32f4xx_gpio.o
 .comment       0x0000006e       0x6f ..\obj\system_stm32f4xx.o
 .comment       0x0000006e       0x6f ..\obj\os_q.o
 .comment       0x0000006e       0x6f ..\obj\os_task.o
 .comment       0x0000006e       0x6f ..\obj\queue.o
 .comment       0x0000006e       0x6f ..\obj\flag.o
 .comment       0x0000006e       0x6f ..\obj\os_mutex.o
 .comment       0x0000006e       0x6f ..\obj\lcd.o
 .comment       0x0000006e       0x6f ..\obj\misc.o
 .comment       0x0000006e       0x6f ..\obj\ucos_ii.o
 .comment       0x0000006e       0x6f ..\obj\os_mbox.o
 .comment       0x0000006e       0x6f ..\obj\stm32f4xx_tim.o

.ARM.attributes
                0x00000000       0x31
 .ARM.attributes
                0x00000000       0x33 ..\obj\delay.o
 .ARM.attributes
                0x00000033       0x33 ..\obj\os_time.o
 .ARM.attributes
                0x00000066       0x21 ..\obj\os_cpu_a.o
 .ARM.attributes
                0x00000087       0x33 ..\obj\keys.o
 .ARM.attributes
                0x000000ba       0x33 ..\obj\buzzer.o
 .ARM.attributes
                0x000000ed       0x33 ..\obj\RN2483A.o
 .ARM.attributes
                0x00000120       0x33 ..\obj\os_cpu_c.o
 .ARM.attributes
                0x00000153       0x33 ..\obj\stm32f4xx_usart.o
 .ARM.attributes
                0x00000186       0x33 ..\obj\os_flag.o
 .ARM.attributes
                0x000001b9       0x33 ..\obj\uart.o
 .ARM.attributes
                0x000001ec       0x33 ..\obj\startup_stm32f4xx.o
 .ARM.attributes
                0x0000021f       0x33 ..\obj\taskcreate.o
 .ARM.attributes
                0x00000252       0x33 ..\obj\main.o
 .ARM.attributes
                0x00000285       0x33 ..\obj\stm32f4xx_rcc.o
 .ARM.attributes
                0x000002b8       0x33 ..\obj\printf.o
 .ARM.attributes
                0x000002eb       0x33 ..\obj\mailbox.o
 .ARM.attributes
                0x0000031e       0x33 ..\obj\os_core.o
 .ARM.attributes
                0x00000351       0x33 ..\obj\leds.o
 .ARM.attributes
                0x00000384       0x33 ..\obj\interrupt.o
 .ARM.attributes
                0x000003b7       0x33 ..\obj\os_mem.o
 .ARM.attributes
                0x000003ea       0x33 ..\obj\stm32f4xx_gpio.o
 .ARM.attributes
                0x0000041d       0x33 ..\obj\system_stm32f4xx.o
 .ARM.attributes
                0x00000450       0x33 ..\obj\os_q.o
 .ARM.attributes
                0x00000483       0x33 ..\obj\os_task.o
 .ARM.attributes
                0x000004b6       0x33 ..\obj\queue.o
 .ARM.attributes
                0x000004e9       0x33 ..\obj\flag.o
 .ARM.attributes
                0x0000051c       0x33 ..\obj\os_mutex.o
 .ARM.attributes
                0x0000054f       0x33 ..\obj\lcd.o
 .ARM.attributes
                0x00000582       0x33 ..\obj\misc.o
 .ARM.attributes
                0x000005b5       0x33 ..\obj\ucos_ii.o
 .ARM.attributes
                0x000005e8       0x33 ..\obj\os_mbox.o
 .ARM.attributes
                0x0000061b       0x33 ..\obj\stm32f4xx_tim.o
 .ARM.attributes
                0x0000064e       0x1e c:/program files (x86)/gnu tools arm embedded/5.4 2016q2/bin/../lib/gcc/arm-none-eabi/5.4.1/armv7e-m\libgcc.a(_arm_addsubdf3.o)
 .ARM.attributes
                0x0000066c       0x1e c:/program files (x86)/gnu tools arm embedded/5.4 2016q2/bin/../lib/gcc/arm-none-eabi/5.4.1/armv7e-m\libgcc.a(_arm_muldivdf3.o)
 .ARM.attributes
                0x0000068a       0x1e c:/program files (x86)/gnu tools arm embedded/5.4 2016q2/bin/../lib/gcc/arm-none-eabi/5.4.1/armv7e-m\libgcc.a(_arm_fixunsdfsi.o)
 .ARM.attributes
                0x000006a8       0x1c c:/program files (x86)/gnu tools arm embedded/5.4 2016q2/bin/../lib/gcc/arm-none-eabi/5.4.1/../../../../arm-none-eabi/lib/armv7e-m\libg.a(lib_a-memcpy.o)
 .ARM.attributes
                0x000006c4       0x2e c:/program files (x86)/gnu tools arm embedded/5.4 2016q2/bin/../lib/gcc/arm-none-eabi/5.4.1/../../../../arm-none-eabi/lib/armv7e-m\libg.a(lib_a-memset.o)

.debug_frame    0x00000000     0x2734
 .debug_frame   0x00000000       0x7c ..\obj\delay.o
 .debug_frame   0x0000007c       0xa8 ..\obj\os_time.o
 .debug_frame   0x00000124       0x68 ..\obj\keys.o
 .debug_frame   0x0000018c       0x88 ..\obj\buzzer.o
 .debug_frame   0x00000214       0x84 ..\obj\RN2483A.o
 .debug_frame   0x00000298      0x110 ..\obj\os_cpu_c.o
 .debug_frame   0x000003a8      0x264 ..\obj\stm32f4xx_usart.o
 .debug_frame   0x0000060c      0x188 ..\obj\os_flag.o
 .debug_frame   0x00000794      0x208 ..\obj\uart.o
 .debug_frame   0x0000099c       0x44 ..\obj\startup_stm32f4xx.o
 .debug_frame   0x000009e0       0x78 ..\obj\taskcreate.o
 .debug_frame   0x00000a58       0x80 ..\obj\main.o
 .debug_frame   0x00000ad8      0x2f0 ..\obj\stm32f4xx_rcc.o
 .debug_frame   0x00000dc8      0x28c ..\obj\printf.o
 .debug_frame   0x00001054       0x50 ..\obj\mailbox.o
 .debug_frame   0x000010a4      0x304 ..\obj\os_core.o
 .debug_frame   0x000013a8       0x58 ..\obj\leds.o
 .debug_frame   0x00001400       0x94 ..\obj\interrupt.o
 .debug_frame   0x00001494       0xec ..\obj\os_mem.o
 .debug_frame   0x00001580      0x164 ..\obj\stm32f4xx_gpio.o
 .debug_frame   0x000016e4       0x3c ..\obj\system_stm32f4xx.o
 .debug_frame   0x00001720      0x178 ..\obj\os_q.o
 .debug_frame   0x00001898      0x224 ..\obj\os_task.o
 .debug_frame   0x00001abc       0x7c ..\obj\queue.o
 .debug_frame   0x00001b38       0x50 ..\obj\flag.o
 .debug_frame   0x00001b88      0x11c ..\obj\os_mutex.o
 .debug_frame   0x00001ca4      0x1d8 ..\obj\lcd.o
 .debug_frame   0x00001e7c       0x74 ..\obj\misc.o
 .debug_frame   0x00001ef0      0x118 ..\obj\os_mbox.o
 .debug_frame   0x00002008      0x6f8 ..\obj\stm32f4xx_tim.o
 .debug_frame   0x00002700       0x34 c:/program files (x86)/gnu tools arm embedded/5.4 2016q2/bin/../lib/gcc/arm-none-eabi/5.4.1/../../../../arm-none-eabi/lib/armv7e-m\libg.a(lib_a-memset.o)

.debug_loc      0x00000000     0xfec4
 .debug_loc     0x00000000      0x31a ..\obj\os_time.o
 .debug_loc     0x0000031a      0x208 ..\obj\keys.o
 .debug_loc     0x00000522       0xf6 ..\obj\buzzer.o
 .debug_loc     0x00000618       0x42 ..\obj\RN2483A.o
 .debug_loc     0x0000065a      0x15a ..\obj\os_cpu_c.o
 .debug_loc     0x000007b4      0x8e7 ..\obj\stm32f4xx_usart.o
 .debug_loc     0x0000109b     0x132a ..\obj\os_flag.o
 .debug_loc     0x000023c5     0x1370 ..\obj\uart.o
 .debug_loc     0x00003735       0xed ..\obj\taskcreate.o
 .debug_loc     0x00003822       0x21 ..\obj\main.o
 .debug_loc     0x00003843      0xb54 ..\obj\stm32f4xx_rcc.o
 .debug_loc     0x00004397     0x35a9 ..\obj\printf.o
 .debug_loc     0x00007940       0xe4 ..\obj\mailbox.o
 .debug_loc     0x00007a24     0x138d ..\obj\os_core.o
 .debug_loc     0x00008db1       0x6a ..\obj\leds.o
 .debug_loc     0x00008e1b       0x3f ..\obj\interrupt.o
 .debug_loc     0x00008e5a      0x48d ..\obj\os_mem.o
 .debug_loc     0x000092e7      0x3a0 ..\obj\stm32f4xx_gpio.o
 .debug_loc     0x00009687      0x13b ..\obj\system_stm32f4xx.o
 .debug_loc     0x000097c2      0xda7 ..\obj\os_q.o
 .debug_loc     0x0000a569     0x10a4 ..\obj\os_task.o
 .debug_loc     0x0000b60d      0x172 ..\obj\queue.o
 .debug_loc     0x0000b77f       0x73 ..\obj\flag.o
 .debug_loc     0x0000b7f2      0xb58 ..\obj\os_mutex.o
 .debug_loc     0x0000c34a      0xfaf ..\obj\lcd.o
 .debug_loc     0x0000d2f9      0x186 ..\obj\misc.o
 .debug_loc     0x0000d47f      0x9f0 ..\obj\os_mbox.o
 .debug_loc     0x0000de6f     0x2055 ..\obj\stm32f4xx_tim.o
